Component: Arm Compiler for Embedded 6.18 Tool: armlink [5e4cc100]

==============================================================================

Section Cross References

    main.o(.text.main) refers to system_lpc17xx.o(.text.SystemInit) for SystemInit
    main.o(.text.main) refers to lib_joystick.o(.text.joystick_init) for joystick_init
    main.o(.text.main) refers to glcd.o(.text.LCD_Initialization) for LCD_Initialization
    main.o(.text.main) refers to lib_button.o(.text.BUTTON_init) for BUTTON_init
    main.o(.text.main) refers to lib_adc.o(.text.ADC_init) for ADC_init
    main.o(.text.main) refers to lib_adc.o(.text.ADC_start_conversion) for ADC_start_conversion
    main.o(.text.main) refers to lib_rit.o(.text.init_RIT) for init_RIT
    main.o(.text.main) refers to lib_rit.o(.text.enable_RIT) for enable_RIT
    main.o(.text.main) refers to view.o(.text.TetrisView_Init) for TetrisView_Init
    main.o(.text.main) refers to random_lfsr.o(RANDOM_CODE) for randomSeed
    main.o(.text.main) refers to game.o(.text.resetGame) for resetGame
    main.o(.text.main) refers to main.o(.bss.score) for score
    main.o(.text.main) refers to main.o(.bss.high_score) for high_score
    main.o(.text.main) refers to main.o(.bss.lines_cleared) for lines_cleared
    main.o(.text.main) refers to main.o(.data.need_redraw) for need_redraw
    main.o(.text.main) refers to view.o(.text.Update_Values) for Update_Values
    main.o(.text.main) refers to game.o(.bss.slowdown_active) for slowdown_active
    main.o(.text.main) refers to irq_adc.o(.bss.ADC_current) for ADC_current
    main.o(.text.main) refers to main.o(.data.base_sps) for base_sps
    main.o(.text.main) refers to game.o(.text.updateDisplay) for updateDisplay
    main.o(.text.main) refers to view.o(.text.TetrisView_Redraw) for TetrisView_Redraw
    main.o(.text.main) refers to view.o(.text.TetrisView_Render) for TetrisView_Render
    main.o(.ARM.exidx.text.main) refers to main.o(.text.main) for [Anonymous Symbol]
    main.o(.data.shapes) refers to tetrominoes.o(Tetrominoes) for I_0
    game.o(.text.clearBoard) refers to main.o(.bss.board) for board
    game.o(.ARM.exidx.text.clearBoard) refers to game.o(.text.clearBoard) for [Anonymous Symbol]
    game.o(.text.resetGame) refers to game.o(.text.clearBoard) for clearBoard
    game.o(.text.resetGame) refers to main.o(.data.need_redraw) for need_redraw
    game.o(.text.resetGame) refers to main.o(.bss.score) for score
    game.o(.text.resetGame) refers to main.o(.bss.lines_cleared) for lines_cleared
    game.o(.text.resetGame) refers to main.o(.data.game_paused) for game_paused
    game.o(.text.resetGame) refers to main.o(.bss.has_active_piece) for has_active_piece
    game.o(.text.resetGame) refers to game.o(.bss.lines_since_powerup) for lines_since_powerup
    game.o(.text.resetGame) refers to game.o(.bss.lines_since_malus) for lines_since_malus
    game.o(.text.resetGame) refers to game.o(.bss.slowdown_active) for slowdown_active
    game.o(.text.resetGame) refers to view.o(.text.Clear) for Clear
    game.o(.ARM.exidx.text.resetGame) refers to game.o(.text.resetGame) for [Anonymous Symbol]
    game.o(.text.showNewPiece) refers to random_lfsr.o(RANDOM_CODE) for getRandom
    game.o(.text.showNewPiece) refers to main.o(.bss.current_type) for current_type
    game.o(.text.showNewPiece) refers to main.o(.bss.current_rotation) for current_rotation
    game.o(.text.showNewPiece) refers to main.o(.bss.current_x) for current_x
    game.o(.text.showNewPiece) refers to main.o(.bss.current_y) for current_y
    game.o(.text.showNewPiece) refers to main.o(.bss.has_active_piece) for has_active_piece
    game.o(.text.showNewPiece) refers to game.o(.text.checkCollision) for checkCollision
    game.o(.text.showNewPiece) refers to main.o(.data.game_paused) for game_paused
    game.o(.text.showNewPiece) refers to main.o(.bss.score) for score
    game.o(.text.showNewPiece) refers to main.o(.bss.high_score) for high_score
    game.o(.text.showNewPiece) refers to game.o(.text.resetGame) for resetGame
    game.o(.text.showNewPiece) refers to main.o(.data.need_redraw) for need_redraw
    game.o(.ARM.exidx.text.showNewPiece) refers to game.o(.text.showNewPiece) for [Anonymous Symbol]
    game.o(.text.checkCollision) refers to main.o(.bss.current_type) for current_type
    game.o(.text.checkCollision) refers to main.o(.data.shapes) for shapes
    game.o(.text.checkCollision) refers to main.o(.bss.board) for board
    game.o(.ARM.exidx.text.checkCollision) refers to game.o(.text.checkCollision) for [Anonymous Symbol]
    game.o(.text.updateDisplay) refers to main.o(.bss.board) for board
    game.o(.text.updateDisplay) refers to main.o(.bss.display_grid) for display_grid
    game.o(.text.updateDisplay) refers to main.o(.bss.has_active_piece) for has_active_piece
    game.o(.text.updateDisplay) refers to main.o(.bss.current_type) for current_type
    game.o(.text.updateDisplay) refers to main.o(.data.shapes) for shapes
[...]
    __rtentry2.o(.ARM.Collect$$rtentry$$0000000D) refers to main.o(.text.main) for main
    __rtentry2.o(.ARM.Collect$$rtentry$$0000000D) refers to exit.o(.text) for exit
    __rtentry2.o(.ARM.exidx) refers to __rtentry2.o(.ARM.Collect$$rtentry$$00000001) for .ARM.Collect$$rtentry$$00000001
    __rtentry2.o(.ARM.exidx) refers to __rtentry2.o(.ARM.Collect$$rtentry$$00000008) for .ARM.Collect$$rtentry$$00000008
    __rtentry2.o(.ARM.exidx) refers to __rtentry2.o(.ARM.Collect$$rtentry$$0000000A) for .ARM.Collect$$rtentry$$0000000A
    __rtentry2.o(.ARM.exidx) refers to __rtentry2.o(.ARM.Collect$$rtentry$$0000000B) for .ARM.Collect$$rtentry$$0000000B
    __rtentry2.o(.ARM.exidx) refers to __rtentry2.o(.ARM.Collect$$rtentry$$0000000D) for .ARM.Collect$$rtentry$$0000000D
    __rtentry4.o(.ARM.Collect$$rtentry$$00000004) refers to sys_stackheap_outer.o(.text) for __user_setup_stackheap
    __rtentry4.o(.ARM.exidx) refers to __rtentry4.o(.ARM.Collect$$rtentry$$00000004) for .ARM.Collect$$rtentry$$00000004
    dcmpi.o(x$fpl$dcmpinf) refers (Special) to usenofp.o(x$fpl$usenofp) for __I$use$fp
    sys_stackheap_outer.o(.text) refers to libspace.o(.text) for __user_perproc_libspace
    sys_stackheap_outer.o(.text) refers to startup_lpc17xx.o(.text) for __user_initial_stackheap
    exit.o(.text) refers to rtexit.o(.ARM.Collect$$rtexit$$00000000) for __rt_exit
    libinit.o(.ARM.Collect$$libinit$$00000000) refers (Special) to libinit2.o(.ARM.Collect$$libinit$$00000030) for __rt_lib_init_alloca_1
    libinit.o(.ARM.Collect$$libinit$$00000000) refers (Special) to libinit2.o(.ARM.Collect$$libinit$$0000002E) for __rt_lib_init_argv_1
    libinit.o(.ARM.Collect$$libinit$$00000000) refers (Special) to libinit2.o(.ARM.Collect$$libinit$$0000001D) for __rt_lib_init_atexit_1
    libinit.o(.ARM.Collect$$libinit$$00000000) refers (Special) to libinit2.o(.ARM.Collect$$libinit$$00000023) for __rt_lib_init_clock_1
    libinit.o(.ARM.Collect$$libinit$$00000000) refers (Special) to libinit2.o(.ARM.Collect$$libinit$$00000034) for __rt_lib_init_cpp_1
    libinit.o(.ARM.Collect$$libinit$$00000000) refers (Special) to libinit2.o(.ARM.Collect$$libinit$$00000032) for __rt_lib_init_exceptions_1
    libinit.o(.ARM.Collect$$libinit$$00000000) refers (Special) to libinit2.o(.ARM.Collect$$libinit$$00000002) for __rt_lib_init_fp_1
    libinit.o(.ARM.Collect$$libinit$$00000000) refers (Special) to libinit2.o(.ARM.Collect$$libinit$$00000021) for __rt_lib_init_fp_trap_1
    libinit.o(.ARM.Collect$$libinit$$00000000) refers (Special) to libinit2.o(.ARM.Collect$$libinit$$00000025) for __rt_lib_init_getenv_1
    libinit.o(.ARM.Collect$$libinit$$00000000) refers (Special) to libinit2.o(.ARM.Collect$$libinit$$0000000C) for __rt_lib_init_heap_1
    libinit.o(.ARM.Collect$$libinit$$00000000) refers (Special) to libinit2.o(.ARM.Collect$$libinit$$00000013) for __rt_lib_init_lc_collate_1
    libinit.o(.ARM.Collect$$libinit$$00000000) refers (Special) to libinit2.o(.ARM.Collect$$libinit$$00000015) for __rt_lib_init_lc_ctype_1
    libinit.o(.ARM.Collect$$libinit$$00000000) refers (Special) to libinit2.o(.ARM.Collect$$libinit$$00000017) for __rt_lib_init_lc_monetary_1
    libinit.o(.ARM.Collect$$libinit$$00000000) refers (Special) to libinit2.o(.ARM.Collect$$libinit$$00000019) for __rt_lib_init_lc_numeric_1
    libinit.o(.ARM.Collect$$libinit$$00000000) refers (Special) to libinit2.o(.ARM.Collect$$libinit$$0000001B) for __rt_lib_init_lc_time_1
    libinit.o(.ARM.Collect$$libinit$$00000000) refers (Special) to libinit2.o(.ARM.Collect$$libinit$$00000006) for __rt_lib_init_preinit_1
    libinit.o(.ARM.Collect$$libinit$$00000000) refers (Special) to libinit2.o(.ARM.Collect$$libinit$$00000010) for __rt_lib_init_rand_1
    libinit.o(.ARM.Collect$$libinit$$00000000) refers (Special) to libinit2.o(.ARM.Collect$$libinit$$00000004) for __rt_lib_init_relocate_pie_1
    libinit.o(.ARM.Collect$$libinit$$00000000) refers (Special) to libinit2.o(.ARM.Collect$$libinit$$00000035) for __rt_lib_init_return
    libinit.o(.ARM.Collect$$libinit$$00000000) refers (Special) to libinit2.o(.ARM.Collect$$libinit$$0000001F) for __rt_lib_init_signal_1
    libinit.o(.ARM.Collect$$libinit$$00000000) refers (Special) to libinit2.o(.ARM.Collect$$libinit$$00000027) for __rt_lib_init_stdio_1
    libinit.o(.ARM.Collect$$libinit$$00000000) refers (Special) to libinit2.o(.ARM.Collect$$libinit$$0000000E) for __rt_lib_init_user_alloc_1
    libspace.o(.text) refers to libspace.o(.bss) for __libspace_start
    rtexit.o(.ARM.Collect$$rtexit$$00000000) refers (Special) to rtexit2.o(.ARM.Collect$$rtexit$$00000004) for __rt_exit_exit
    rtexit.o(.ARM.Collect$$rtexit$$00000000) refers (Special) to rtexit2.o(.ARM.Collect$$rtexit$$00000003) for __rt_exit_ls
    rtexit.o(.ARM.Collect$$rtexit$$00000000) refers (Special) to rtexit2.o(.ARM.Collect$$rtexit$$00000002) for __rt_exit_prels_1
    rtexit.o(.ARM.exidx) refers (Special) to rtexit2.o(.ARM.Collect$$rtexit$$00000004) for __rt_exit_exit
    rtexit.o(.ARM.exidx) refers (Special) to rtexit2.o(.ARM.Collect$$rtexit$$00000003) for __rt_exit_ls
    rtexit.o(.ARM.exidx) refers (Special) to rtexit2.o(.ARM.Collect$$rtexit$$00000002) for __rt_exit_prels_1
    rtexit.o(.ARM.exidx) refers to rtexit.o(.ARM.Collect$$rtexit$$00000000) for .ARM.Collect$$rtexit$$00000000
    libinit2.o(.ARM.Collect$$libinit$$00000012) refers to libinit2.o(.ARM.Collect$$libinit$$00000011) for .ARM.Collect$$libinit$$00000011
    libinit2.o(.ARM.Collect$$libinit$$00000014) refers to libinit2.o(.ARM.Collect$$libinit$$00000011) for .ARM.Collect$$libinit$$00000011
    libinit2.o(.ARM.Collect$$libinit$$00000016) refers to libinit2.o(.ARM.Collect$$libinit$$00000011) for .ARM.Collect$$libinit$$00000011
    libinit2.o(.ARM.Collect$$libinit$$00000018) refers to libinit2.o(.ARM.Collect$$libinit$$00000011) for .ARM.Collect$$libinit$$00000011
    libinit2.o(.ARM.Collect$$libinit$$0000001A) refers to libinit2.o(.ARM.Collect$$libinit$$00000011) for .ARM.Collect$$libinit$$00000011
    libinit2.o(.ARM.Collect$$libinit$$00000028) refers to argv_veneer.o(.emb_text) for __ARM_argv_veneer
    libinit2.o(.ARM.Collect$$libinit$$00000029) refers to argv_veneer.o(.emb_text) for __ARM_argv_veneer
    rtexit2.o(.ARM.Collect$$rtexit$$00000003) refers to libshutdown.o(.ARM.Collect$$libshutdown$$00000000) for __rt_lib_shutdown
    rtexit2.o(.ARM.Collect$$rtexit$$00000004) refers to sys_exit.o(.text) for _sys_exit
    rtexit2.o(.ARM.exidx) refers to rtexit2.o(.ARM.Collect$$rtexit$$00000001) for .ARM.Collect$$rtexit$$00000001
    rtexit2.o(.ARM.exidx) refers to rtexit2.o(.ARM.Collect$$rtexit$$00000003) for .ARM.Collect$$rtexit$$00000003
    rtexit2.o(.ARM.exidx) refers to rtexit2.o(.ARM.Collect$$rtexit$$00000004) for .ARM.Collect$$rtexit$$00000004
    argv_veneer.o(.emb_text) refers to no_argv.o(.text) for __ARM_get_argv
    sys_exit.o(.text) refers (Special) to use_no_semi.o(.text) for __I$use$semihosting
    sys_exit.o(.text) refers (Special) to indicate_semi.o(.text) for __semihosting_library_function
    sys_exit_hlt.o(.text) refers (Special) to use_no_semi.o(.text) for __I$use$semihosting
    sys_exit_hlt.o(.text) refers (Special) to indicate_semi.o(.text) for __semihosting_library_function
    _get_argv_nomalloc.o(.text) refers (Special) to hrguard.o(.text) for __heap_region$guard
    _get_argv_nomalloc.o(.text) refers to defsig_rtmem_outer.o(.text) for __rt_SIGRTMEM
    _get_argv_nomalloc.o(.text) refers to sys_command.o(.text) for _sys_command_string
    libshutdown.o(.ARM.Collect$$libshutdown$$00000000) refers (Special) to libshutdown2.o(.ARM.Collect$$libshutdown$$00000002) for __rt_lib_shutdown_cpp_1
    libshutdown.o(.ARM.Collect$$libshutdown$$00000000) refers (Special) to libshutdown2.o(.ARM.Collect$$libshutdown$$00000007) for __rt_lib_shutdown_fp_trap_1
    libshutdown.o(.ARM.Collect$$libshutdown$$00000000) refers (Special) to libshutdown2.o(.ARM.Collect$$libshutdown$$0000000F) for __rt_lib_shutdown_heap_1
    libshutdown.o(.ARM.Collect$$libshutdown$$00000000) refers (Special) to libshutdown2.o(.ARM.Collect$$libshutdown$$00000010) for __rt_lib_shutdown_return
    libshutdown.o(.ARM.Collect$$libshutdown$$00000000) refers (Special) to libshutdown2.o(.ARM.Collect$$libshutdown$$0000000A) for __rt_lib_shutdown_signal_1
    libshutdown.o(.ARM.Collect$$libshutdown$$00000000) refers (Special) to libshutdown2.o(.ARM.Collect$$libshutdown$$00000004) for __rt_lib_shutdown_stdio_1
    libshutdown.o(.ARM.Collect$$libshutdown$$00000000) refers (Special) to libshutdown2.o(.ARM.Collect$$libshutdown$$0000000C) for __rt_lib_shutdown_user_alloc_1
    sys_command.o(.text) refers (Special) to use_no_semi.o(.text) for __I$use$semihosting
    sys_command.o(.text) refers (Special) to indicate_semi.o(.text) for __semihosting_library_function
    sys_command_hlt.o(.text) refers (Special) to use_no_semi.o(.text) for __I$use$semihosting
    sys_command_hlt.o(.text) refers (Special) to indicate_semi.o(.text) for __semihosting_library_function
    defsig_rtmem_outer.o(.text) refers to defsig_rtmem_inner.o(.text) for __rt_SIGRTMEM_inner
    defsig_rtmem_outer.o(.text) refers to defsig_exit.o(.text) for __sig_exit
    defsig_rtmem_formal.o(.text) refers to rt_raise.o(.text) for __rt_raise
    rt_raise.o(.text) refers to __raise.o(.text) for __raise
    rt_raise.o(.text) refers to sys_exit.o(.text) for _sys_exit
    defsig_exit.o(.text) refers to sys_exit.o(.text) for _sys_exit
    defsig_rtmem_inner.o(.text) refers to defsig_general.o(.text) for __default_signal_display
    __raise.o(.text) refers to defsig.o(CL$$defsig) for __default_signal_handler
    defsig_general.o(.text) refers to sys_wrch.o(.text) for _ttywrch
    sys_wrch.o(.text) refers (Special) to use_no_semi.o(.text) for __I$use$semihosting
    sys_wrch.o(.text) refers (Special) to indicate_semi.o(.text) for __semihosting_library_function
    sys_wrch_hlt.o(.text) refers (Special) to use_no_semi.o(.text) for __I$use$semihosting
    sys_wrch_hlt.o(.text) refers (Special) to indicate_semi.o(.text) for __semihosting_library_function
    defsig.o(CL$$defsig) refers to defsig_rtmem_inner.o(.text) for __rt_SIGRTMEM_inner
    defsig_abrt_inner.o(.text) refers to defsig_general.o(.text) for __default_signal_display
    defsig_fpe_inner.o(.text) refers to defsig_general.o(.text) for __default_signal_display
    defsig_rtred_inner.o(.text) refers to defsig_general.o(.text) for __default_signal_display
    defsig_stak_inner.o(.text) refers to defsig_general.o(.text) for __default_signal_display
    defsig_pvfn_inner.o(.text) refers to defsig_general.o(.text) for __default_signal_display
    defsig_cppl_inner.o(.text) refers to defsig_general.o(.text) for __default_signal_display
    defsig_segv_inner.o(.text) refers to defsig_general.o(.text) for __default_signal_display
    defsig_other.o(.text) refers to defsig_general.o(.text) for __default_signal_display


==============================================================================

Removing Unused input sections from the image.

    Removing main.o(.text), (0 bytes).
    Removing main.o(.ARM.exidx.text.main), (8 bytes).
    Removing main.o(.ARM.use_no_argv), (4 bytes).
    Removing game.o(.text), (0 bytes).
    Removing game.o(.ARM.exidx.text.clearBoard), (8 bytes).
    Removing game.o(.ARM.exidx.text.resetGame), (8 bytes).
    Removing game.o(.ARM.exidx.text.showNewPiece), (8 bytes).
    Removing game.o(.ARM.exidx.text.checkCollision), (8 bytes).
    Removing game.o(.ARM.exidx.text.updateDisplay), (8 bytes).
    Removing game.o(.ARM.exidx.text.processScoring), (8 bytes).
    Removing game.o(.ARM.exidx.text.spawnPowerup), (8 bytes).
    Removing game.o(.ARM.exidx.text.activateClearHalf), (8 bytes).
    Removing game.o(.ARM.exidx.text.addMalusLine), (8 bytes).
    Removing game.o(.ARM.exidx.text.activateSlowdown), (8 bytes).
    Removing game.o(.ARM.exidx.text.checkLines), (8 bytes).
    Removing game.o(.ARM.exidx.text.clearLine), (8 bytes).
    Removing irq_timer.o(.text), (0 bytes).
    Removing irq_timer.o(.ARM.exidx.text.TIMER0_IRQHandler), (8 bytes).
    Removing irq_timer.o(.ARM.exidx.text.TIMER1_IRQHandler), (8 bytes).
    Removing irq_timer.o(.ARM.exidx.text.TIMER2_IRQHandler), (8 bytes).
    Removing irq_timer.o(.ARM.exidx.text.TIMER3_IRQHandler), (8 bytes).
    Removing lib_timer.o(.text), (0 bytes).
    Removing lib_timer.o(.text.enable_timer), (108 bytes).
    Removing lib_timer.o(.ARM.exidx.text.enable_timer), (8 bytes).
    Removing lib_timer.o(.text.read_timer), (116 bytes).
    Removing lib_timer.o(.ARM.exidx.text.read_timer), (8 bytes).
    Removing lib_timer.o(.text.disable_timer), (108 bytes).
    Removing lib_timer.o(.ARM.exidx.text.disable_timer), (8 bytes).
    Removing lib_timer.o(.text.reset_timer), (156 bytes).
    Removing lib_timer.o(.ARM.exidx.text.reset_timer), (8 bytes).
    Removing lib_timer.o(.text.init_timer_SRI), (210 bytes).
    Removing lib_timer.o(.ARM.exidx.text.init_timer_SRI), (8 bytes).
    Removing lib_timer.o(.text.__NVIC_EnableIRQ), (48 bytes).
    Removing lib_timer.o(.ARM.exidx.text.__NVIC_EnableIRQ), (8 bytes).
    Removing lib_timer.o(.text.delay_ms), (46 bytes).
    Removing lib_timer.o(.ARM.exidx.text.delay_ms), (8 bytes).
    Removing irq_button.o(.text), (0 bytes).
    Removing irq_button.o(.ARM.exidx.text.EINT0_IRQHandler), (8 bytes).
    Removing irq_button.o(.ARM.exidx.text.EINT1_IRQHandler), (8 bytes).
    Removing irq_button.o(.ARM.exidx.text.EINT2_IRQHandler), (8 bytes).
    Removing irq_button.o(.bss.last_tick0), (4 bytes).
    Removing irq_button.o(.data.state0), (4 bytes).
    Removing irq_button.o(.bss.last_tick1), (4 bytes).
    Removing irq_button.o(.data.state1), (4 bytes).
    Removing irq_button.o(.bss.last_tick2), (4 bytes).
    Removing irq_button.o(.data.state2), (4 bytes).
    Removing lib_button.o(.text), (0 bytes).
    Removing lib_button.o(.ARM.exidx.text.BUTTON_init), (8 bytes).
    Removing lib_button.o(.ARM.exidx.text.__NVIC_EnableIRQ), (8 bytes).
    Removing funct_led.o(.text), (0 bytes).
    Removing funct_led.o(.text.LED_On), (48 bytes).
    Removing funct_led.o(.ARM.exidx.text.LED_On), (8 bytes).
    Removing funct_led.o(.text.LED_Off), (48 bytes).
    Removing funct_led.o(.ARM.exidx.text.LED_Off), (8 bytes).
    Removing funct_led.o(.text.LED_Out), (74 bytes).
    Removing funct_led.o(.ARM.exidx.text.LED_Out), (8 bytes).
    Removing funct_led.o(.rodata.led_mask), (32 bytes).
    Removing lib_led.o(.text), (0 bytes).
    Removing lib_led.o(.text.LED_init), (60 bytes).
    Removing lib_led.o(.ARM.exidx.text.LED_init), (8 bytes).
    Removing lib_led.o(.text.LED_deinit), (18 bytes).
    Removing lib_led.o(.ARM.exidx.text.LED_deinit), (8 bytes).
    Removing lib_led.o(.bss.led_value), (1 bytes).
    Removing lib_joystick.o(.text), (0 bytes).
    Removing lib_joystick.o(.ARM.exidx.text.joystick_init), (8 bytes).
    Removing irq_rit.o(.text), (0 bytes).
    Removing irq_rit.o(.ARM.exidx.text.RIT_IRQHandler), (8 bytes).
    Removing lib_rit.o(.text), (0 bytes).
    Removing lib_rit.o(.ARM.exidx.text.enable_RIT), (8 bytes).
    Removing lib_rit.o(.text.disable_RIT), (14 bytes).
    Removing lib_rit.o(.ARM.exidx.text.disable_RIT), (8 bytes).
    Removing lib_rit.o(.text.reset_RIT), (12 bytes).
    Removing lib_rit.o(.ARM.exidx.text.reset_RIT), (8 bytes).
    Removing lib_rit.o(.ARM.exidx.text.init_RIT), (8 bytes).
    Removing lib_rit.o(.ARM.exidx.text.__NVIC_EnableIRQ), (8 bytes).
    Removing irq_adc.o(.text), (0 bytes).
    Removing irq_adc.o(.ARM.exidx.text.ADC_IRQHandler), (8 bytes).
    Removing lib_adc.o(.text), (0 bytes).
    Removing lib_adc.o(.ARM.exidx.text.ADC_init), (8 bytes).
    Removing lib_adc.o(.ARM.exidx.text.__NVIC_EnableIRQ), (8 bytes).
    Removing lib_adc.o(.ARM.exidx.text.ADC_start_conversion), (8 bytes).
    Removing asciilib.o(.text), (0 bytes).
    Removing asciilib.o(.ARM.exidx.text.GetASCIICode), (8 bytes).
    Removing glcd.o(.text), (0 bytes).
    Removing glcd.o(.ARM.exidx.text.LCD_Initialization), (8 bytes).
    Removing glcd.o(.ARM.exidx.text.LCD_Configuration), (8 bytes).
    Removing glcd.o(.ARM.exidx.text.delay_ms), (8 bytes).
    Removing glcd.o(.ARM.exidx.text.LCD_Clear), (8 bytes).
    Removing glcd.o(.ARM.exidx.text.LCD_SetCursor), (8 bytes).
    Removing glcd.o(.text.LCD_GetPoint), (1324 bytes).
    Removing glcd.o(.ARM.exidx.text.LCD_GetPoint), (8 bytes).
    Removing glcd.o(.text.LCD_BGR2RGB), (72 bytes).
    Removing glcd.o(.ARM.exidx.text.LCD_BGR2RGB), (8 bytes).
    Removing glcd.o(.ARM.exidx.text.LCD_SetPoint), (8 bytes).
    Removing glcd.o(.ARM.exidx.text.LCD_DrawLine), (8 bytes).
    Removing glcd.o(.ARM.exidx.text.PutChar), (8 bytes).
    Removing glcd.o(.ARM.exidx.text.GUI_Text), (8 bytes).
    Removing glcd.o(.ARM.exidx.text.LCD_FillRect), (8 bytes).
    Removing glcd.o(.ARM.exidx.text.wait_delay), (8 bytes).
    Removing hzlib.o(.text), (0 bytes).
    Removing hzlib.o(.text.GetGBKCode), (68 bytes).
    Removing hzlib.o(.ARM.exidx.text.GetGBKCode), (8 bytes).
    Removing hzlib.o(.rodata.HzLib), (216576 bytes).
    Removing view.o(.text), (0 bytes).
    Removing view.o(.ARM.exidx.text.Update_Values), (8 bytes).
    Removing view.o(.ARM.exidx.text.u32_to_str), (8 bytes).
    Removing view.o(.ARM.exidx.text.TetrisView_Init), (8 bytes).
    Removing view.o(.ARM.exidx.text.Draw_Field_Border), (8 bytes).
    Removing view.o(.ARM.exidx.text.TetrisView_Redraw), (8 bytes).
    Removing view.o(.ARM.exidx.text.Clear), (8 bytes).
    Removing view.o(.ARM.exidx.text.TetrisView_Render), (8 bytes).
    Removing view.o(.ARM.exidx.text.Draw_Cell), (8 bytes).
    Removing touchpanel.o(.text), (0 bytes).
    Removing touchpanel.o(.text.LPC17xx_SPI_SetSpeed), (52 bytes).
    Removing touchpanel.o(.ARM.exidx.text.LPC17xx_SPI_SetSpeed), (8 bytes).
    Removing touchpanel.o(.text.TP_Init), (48 bytes).
    Removing touchpanel.o(.ARM.exidx.text.TP_Init), (8 bytes).
    Removing touchpanel.o(.text.ADS7843_SPI_Init), (148 bytes).
    Removing touchpanel.o(.ARM.exidx.text.ADS7843_SPI_Init), (8 bytes).
    Removing touchpanel.o(.text.Read_X), (64 bytes).
    Removing touchpanel.o(.ARM.exidx.text.Read_X), (8 bytes).
    Removing touchpanel.o(.text.DelayUS), (58 bytes).
    Removing touchpanel.o(.ARM.exidx.text.DelayUS), (8 bytes).
    Removing touchpanel.o(.text.WR_CMD), (98 bytes).
    Removing touchpanel.o(.ARM.exidx.text.WR_CMD), (8 bytes).
    Removing touchpanel.o(.text.RD_AD), (86 bytes).
    Removing touchpanel.o(.ARM.exidx.text.RD_AD), (8 bytes).
    Removing touchpanel.o(.text.Read_Y), (64 bytes).
    Removing touchpanel.o(.ARM.exidx.text.Read_Y), (8 bytes).
    Removing touchpanel.o(.text.TP_GetAdXY), (42 bytes).
    Removing touchpanel.o(.ARM.exidx.text.TP_GetAdXY), (8 bytes).
    Removing touchpanel.o(.text.TP_DrawPoint), (32 bytes).
    Removing touchpanel.o(.ARM.exidx.text.TP_DrawPoint), (8 bytes).
    Removing touchpanel.o(.text.DrawCross), (434 bytes).
    Removing touchpanel.o(.ARM.exidx.text.DrawCross), (8 bytes).
    Removing touchpanel.o(.text.DeleteCross), (428 bytes).
    Removing touchpanel.o(.ARM.exidx.text.DeleteCross), (8 bytes).
    Removing touchpanel.o(.text.Read_Ads7846), (808 bytes).
    Removing touchpanel.o(.ARM.exidx.text.Read_Ads7846), (8 bytes).
    Removing touchpanel.o(.text.setCalibrationMatrix), (464 bytes).
    Removing touchpanel.o(.ARM.exidx.text.setCalibrationMatrix), (8 bytes).
    Removing touchpanel.o(.text.getDisplayPoint), (314 bytes).
    Removing touchpanel.o(.ARM.exidx.text.getDisplayPoint), (8 bytes).
    Removing touchpanel.o(.text.TouchPanel_Calibrate), (218 bytes).
    Removing touchpanel.o(.ARM.exidx.text.TouchPanel_Calibrate), (8 bytes).
    Removing touchpanel.o(.data.DisplaySample), (12 bytes).
    Removing touchpanel.o(.bss.Read_Ads7846.screen), (4 bytes).
    Removing touchpanel.o(.rodata.str1.1), (29 bytes).
    Removing touchpanel.o(.bss.ScreenSample), (12 bytes).
    Removing touchpanel.o(.bss.matrix), (56 bytes).
    Removing touchpanel.o(.bss.display), (4 bytes).
    Removing dac.o(.text), (0 bytes).
    Removing dac.o(.text.DAC_init), (42 bytes).
    Removing dac.o(.ARM.exidx.text.DAC_init), (8 bytes).
    Removing dac.o(.text.DAC_write), (26 bytes).
    Removing dac.o(.ARM.exidx.text.DAC_write), (8 bytes).
    Removing startup_lpc17xx.o(MyData), (212 bytes).
    Removing system_lpc17xx.o(.text), (0 bytes).
    Removing system_lpc17xx.o(.ARM.exidx.text.SystemInit), (8 bytes).

159 unused section(s) (total 223618 bytes) removed from the image.

==============================================================================

Image Symbol Table

    Local Symbols

    Symbol Name                              Value     Ov Type        Size  Object(Section)

    ../clib/angel/boardlib.s                 0x00000000   Number         0  boardinit1.o ABSOLUTE
    ../clib/angel/boardlib.s                 0x00000000   Number         0  boardinit2.o ABSOLUTE
    ../clib/angel/boardlib.s                 0x00000000   Number         0  boardinit3.o ABSOLUTE
    ../clib/angel/boardlib.s                 0x00000000   Number         0  boardshut.o ABSOLUTE
    ../clib/angel/handlers.s                 0x00000000   Number         0  __scatter_copy.o ABSOLUTE
    ../clib/angel/handlers.s                 0x00000000   Number         0  __scatter_zi.o ABSOLUTE
    ../clib/angel/kernel.s                   0x00000000   Number         0  __rtentry.o ABSOLUTE
    ../clib/angel/kernel.s                   0x00000000   Number         0  __rtentry2.o ABSOLUTE
    ../clib/angel/kernel.s                   0x00000000   Number         0  __rtentry4.o ABSOLUTE
    ../clib/angel/kernel.s                   0x00000000   Number         0  rtexit.o ABSOLUTE
    ../clib/angel/kernel.s                   0x00000000   Number         0  rtexit2.o ABSOLUTE
    ../clib/angel/rt.s                       0x00000000   Number         0  rt_raise.o ABSOLUTE
    ../clib/angel/scatter.s                  0x00000000   Number         0  __scatter.o ABSOLUTE
    ../clib/angel/startup.s                  0x00000000   Number         0  __main.o ABSOLUTE
    ../clib/angel/sys.s                      0x00000000   Number         0  sys_stackheap_outer.o ABSOLUTE
    ../clib/angel/sys.s                      0x00000000   Number         0  libspace.o ABSOLUTE
    ../clib/angel/sys.s                      0x00000000   Number         0  use_no_semi.o ABSOLUTE
    ../clib/angel/sys.s                      0x00000000   Number         0  indicate_semi.o ABSOLUTE
    ../clib/angel/sysapp.c                   0x00000000   Number         0  sys_exit.o ABSOLUTE
    ../clib/angel/sysapp.c                   0x00000000   Number         0  sys_exit_hlt.o ABSOLUTE
    ../clib/angel/sysapp.c                   0x00000000   Number         0  sys_command.o ABSOLUTE
    ../clib/angel/sysapp.c                   0x00000000   Number         0  sys_command_hlt.o ABSOLUTE
    ../clib/angel/sysapp.c                   0x00000000   Number         0  sys_wrch.o ABSOLUTE
    ../clib/angel/sysapp.c                   0x00000000   Number         0  sys_wrch_hlt.o ABSOLUTE
    ../clib/armsys.c                         0x00000000   Number         0  argv_veneer.o ABSOLUTE
    ../clib/armsys.c                         0x00000000   Number         0  argv_veneer.o ABSOLUTE
    ../clib/armsys.c                         0x00000000   Number         0  _get_argv_nomalloc.o ABSOLUTE
    ../clib/armsys.c                         0x00000000   Number         0  no_argv.o ABSOLUTE
    ../clib/heapalloc.c                      0x00000000   Number         0  hrguard.o ABSOLUTE
    ../clib/heapaux.c                        0x00000000   Number         0  heapauxi.o ABSOLUTE
    ../clib/libinit.s                        0x00000000   Number         0  libinit.o ABSOLUTE
    ../clib/libinit.s                        0x00000000   Number         0  libinit2.o ABSOLUTE
    ../clib/libinit.s                        0x00000000   Number         0  libshutdown.o ABSOLUTE
    ../clib/libinit.s                        0x00000000   Number         0  libshutdown2.o ABSOLUTE
    ../clib/memcpset.s                       0x00000000   Number         0  rt_memcpy_v6.o ABSOLUTE
    ../clib/memcpset.s                       0x00000000   Number         0  rt_memclr_w.o ABSOLUTE
    ../clib/memcpset.s                       0x00000000   Number         0  rt_memcpy_w.o ABSOLUTE
    ../clib/signal.c                         0x00000000   Number         0  defsig_rtmem_outer.o ABSOLUTE
    ../clib/signal.c                         0x00000000   Number         0  defsig_rtmem_formal.o ABSOLUTE
    ../clib/signal.c                         0x00000000   Number         0  defsig_exit.o ABSOLUTE
    ../clib/signal.c                         0x00000000   Number         0  defsig_rtmem_inner.o ABSOLUTE
    ../clib/signal.c                         0x00000000   Number         0  __raise.o ABSOLUTE
    ../clib/signal.c                         0x00000000   Number         0  defsig_general.o ABSOLUTE
    ../clib/signal.c                         0x00000000   Number         0  defsig_abrt_inner.o ABSOLUTE
    ../clib/signal.c                         0x00000000   Number         0  defsig_fpe_inner.o ABSOLUTE
    ../clib/signal.c                         0x00000000   Number         0  defsig_rtred_inner.o ABSOLUTE
    ../clib/signal.c                         0x00000000   Number         0  defsig_stak_inner.o ABSOLUTE
    ../clib/signal.c                         0x00000000   Number         0  defsig_pvfn_inner.o ABSOLUTE
    ../clib/signal.c                         0x00000000   Number         0  defsig_cppl_inner.o ABSOLUTE
    ../clib/signal.c                         0x00000000   Number         0  defsig_segv_inner.o ABSOLUTE
    ../clib/signal.c                         0x00000000   Number         0  defsig_other.o ABSOLUTE
    ../clib/signal.s                         0x00000000   Number         0  defsig.o ABSOLUTE
    ../clib/stdlib.c                         0x00000000   Number         0  exit.o ABSOLUTE
    ../fplib/daddsub.s                       0x00000000   Number         0  daddsub_clz.o ABSOLUTE
    ../fplib/dcmp.s                          0x00000000   Number         0  dcmp.o ABSOLUTE
    ../fplib/dcmpi.s                         0x00000000   Number         0  dcmpi.o ABSOLUTE
    ../fplib/ddiv.s                          0x00000000   Number         0  ddiv.o ABSOLUTE
    ../fplib/deqf.s                          0x00000000   Number         0  deqf.o ABSOLUTE
    ../fplib/dfix.s                          0x00000000   Number         0  dfix.o ABSOLUTE
    ../fplib/dflt.s                          0x00000000   Number         0  dflt_clz.o ABSOLUTE
    ../fplib/dgeqf.s                         0x00000000   Number         0  dgeqf.o ABSOLUTE
    ../fplib/dleqf.s                         0x00000000   Number         0  dleqf.o ABSOLUTE
    ../fplib/dmul.s                          0x00000000   Number         0  dmul.o ABSOLUTE
    ../fplib/dnaninf.s                       0x00000000   Number         0  dnaninf.o ABSOLUTE
    ../fplib/dretinf.s                       0x00000000   Number         0  dretinf.o ABSOLUTE
    ../fplib/fpinit.s                        0x00000000   Number         0  fpinit.o ABSOLUTE
    ../fplib/fpinit_empty.s                  0x00000000   Number         0  fpinit_empty.o ABSOLUTE
    ../fplib/usenofp.s                       0x00000000   Number         0  usenofp.o ABSOLUTE
    AsciiLib.c                               0x00000000   Number         0  asciilib.o ABSOLUTE
    DAC.c                                    0x00000000   Number         0  dac.o ABSOLUTE
    GLCD.c                                   0x00000000   Number         0  glcd.o ABSOLUTE
    Game.c                                   0x00000000   Number         0  game.o ABSOLUTE
    HzLib.c                                  0x00000000   Number         0  hzlib.o ABSOLUTE
    IRQ_RIT.c                                0x00000000   Number         0  irq_rit.o ABSOLUTE
    IRQ_adc.c                                0x00000000   Number         0  irq_adc.o ABSOLUTE
    IRQ_button.c                             0x00000000   Number         0  irq_button.o ABSOLUTE
    IRQ_timer.c                              0x00000000   Number         0  irq_timer.o ABSOLUTE
    Main.c                                   0x00000000   Number         0  main.o ABSOLUTE
    RTE/Device/LPC1768/startup_LPC17xx.s     0x00000000   Number         0  startup_lpc17xx.o ABSOLUTE
    Random_LFSR.s                            0x00000000   Number         0  random_lfsr.o ABSOLUTE
    Tetrominoes.s                            0x00000000   Number         0  tetrominoes.o ABSOLUTE
    TouchPanel.c                             0x00000000   Number         0  touchpanel.o ABSOLUTE
    View.c                                   0x00000000   Number         0  view.o ABSOLUTE
    dc.s                                     0x00000000   Number         0  dc.o ABSOLUTE
    funct_led.c                              0x00000000   Number         0  funct_led.o ABSOLUTE
    lib_RIT.c                                0x00000000   Number         0  lib_rit.o ABSOLUTE
    lib_adc.c                                0x00000000   Number         0  lib_adc.o ABSOLUTE
    lib_button.c                             0x00000000   Number         0  lib_button.o ABSOLUTE
    lib_joystick.c                           0x00000000   Number         0  lib_joystick.o ABSOLUTE
    lib_led.c                                0x00000000   Number         0  lib_led.o ABSOLUTE
    lib_timer.c                              0x00000000   Number         0  lib_timer.o ABSOLUTE
    system_LPC17xx.c                         0x00000000   Number         0  system_lpc17xx.o ABSOLUTE
    RESET                                    0x00000000   Section      204  startup_lpc17xx.o(RESET)
    !!!main                                  0x000000cc   Section        8  __main.o(!!!main)
    !!!scatter                               0x000000d4   Section       52  __scatter.o(!!!scatter)
    !!handler_copy                           0x00000108   Section       26  __scatter_copy.o(!!handler_copy)
    !!handler_zi                             0x00000124   Section       28  __scatter_zi.o(!!handler_zi)
    .ARM.Collect$$libinit$$00000000          0x00000140   Section        2  libinit.o(.ARM.Collect$$libinit$$00000000)
    .ARM.Collect$$libinit$$00000002          0x00000142   Section        0  libinit2.o(.ARM.Collect$$libinit$$00000002)
    .ARM.Collect$$libinit$$00000004          0x00000142   Section        0  libinit2.o(.ARM.Collect$$libinit$$00000004)
    .ARM.Collect$$libinit$$00000006          0x00000142   Section        0  libinit2.o(.ARM.Collect$$libinit$$00000006)
    .ARM.Collect$$libinit$$0000000C          0x00000142   Section        0  libinit2.o(.ARM.Collect$$libinit$$0000000C)
    .ARM.Collect$$libinit$$0000000E          0x00000142   Section        0  libinit2.o(.ARM.Collect$$libinit$$0000000E)
    .ARM.Collect$$libinit$$00000010          0x00000142   Section        0  libinit2.o(.ARM.Collect$$libinit$$00000010)
    .ARM.Collect$$libinit$$00000013          0x00000142   Section        0  libinit2.o(.ARM.Collect$$libinit$$00000013)
    .ARM.Collect$$libinit$$00000015          0x00000142   Section        0  libinit2.o(.ARM.Collect$$libinit$$00000015)
    .ARM.Collect$$libinit$$00000017          0x00000142   Section        0  libinit2.o(.ARM.Collect$$libinit$$00000017)
    .ARM.Collect$$libinit$$00000019          0x00000142   Section        0  libinit2.o(.ARM.Collect$$libinit$$00000019)
    .ARM.Collect$$libinit$$0000001B          0x00000142   Section        0  libinit2.o(.ARM.Collect$$libinit$$0000001B)
    .ARM.Collect$$libinit$$0000001D          0x00000142   Section        0  libinit2.o(.ARM.Collect$$libinit$$0000001D)
    .ARM.Collect$$libinit$$0000001F          0x00000142   Section        0  libinit2.o(.ARM.Collect$$libinit$$0000001F)
    .ARM.Collect$$libinit$$00000021          0x00000142   Section        0  libinit2.o(.ARM.Collect$$libinit$$00000021)
    .ARM.Collect$$libinit$$00000023          0x00000142   Section        0  libinit2.o(.ARM.Collect$$libinit$$00000023)
    .ARM.Collect$$libinit$$00000025          0x00000142   Section        0  libinit2.o(.ARM.Collect$$libinit$$00000025)
    .ARM.Collect$$libinit$$00000027          0x00000142   Section        0  libinit2.o(.ARM.Collect$$libinit$$00000027)
    .ARM.Collect$$libinit$$0000002E          0x00000142   Section        0  libinit2.o(.ARM.Collect$$libinit$$0000002E)
    .ARM.Collect$$libinit$$00000030          0x00000142   Section        0  libinit2.o(.ARM.Collect$$libinit$$00000030)
    .ARM.Collect$$libinit$$00000032          0x00000142   Section        0  libinit2.o(.ARM.Collect$$libinit$$00000032)
    .ARM.Collect$$libinit$$00000034          0x00000142   Section        0  libinit2.o(.ARM.Collect$$libinit$$00000034)
    .ARM.Collect$$libinit$$00000035          0x00000142   Section        2  libinit2.o(.ARM.Collect$$libinit$$00000035)
    .ARM.Collect$$libshutdown$$00000000      0x00000144   Section        2  libshutdown.o(.ARM.Collect$$libshutdown$$00000000)
    .ARM.Collect$$libshutdown$$00000002      0x00000146   Section        0  libshutdown2.o(.ARM.Collect$$libshutdown$$00000002)
    .ARM.Collect$$libshutdown$$00000004      0x00000146   Section        0  libshutdown2.o(.ARM.Collect$$libshutdown$$00000004)
    .ARM.Collect$$libshutdown$$00000007      0x00000146   Section        0  libshutdown2.o(.ARM.Collect$$libshutdown$$00000007)
    .ARM.Collect$$libshutdown$$0000000A      0x00000146   Section        0  libshutdown2.o(.ARM.Collect$$libshutdown$$0000000A)
    .ARM.Collect$$libshutdown$$0000000C      0x00000146   Section        0  libshutdown2.o(.ARM.Collect$$libshutdown$$0000000C)
    .ARM.Collect$$libshutdown$$0000000F      0x00000146   Section        0  libshutdown2.o(.ARM.Collect$$libshutdown$$0000000F)
    .ARM.Collect$$libshutdown$$00000010      0x00000146   Section        2  libshutdown2.o(.ARM.Collect$$libshutdown$$00000010)
    .ARM.Collect$$rtentry$$00000000          0x00000148   Section        0  __rtentry.o(.ARM.Collect$$rtentry$$00000000)
    .ARM.Collect$$rtentry$$00000002          0x00000148   Section        0  __rtentry2.o(.ARM.Collect$$rtentry$$00000002)
    .ARM.Collect$$rtentry$$00000004          0x00000148   Section        6  __rtentry4.o(.ARM.Collect$$rtentry$$00000004)
    .ARM.Collect$$rtentry$$00000009          0x0000014e   Section        0  __rtentry2.o(.ARM.Collect$$rtentry$$00000009)
    .ARM.Collect$$rtentry$$0000000A          0x0000014e   Section        4  __rtentry2.o(.ARM.Collect$$rtentry$$0000000A)
    .ARM.Collect$$rtentry$$0000000C          0x00000152   Section        0  __rtentry2.o(.ARM.Collect$$rtentry$$0000000C)
    .ARM.Collect$$rtentry$$0000000D          0x00000152   Section        8  __rtentry2.o(.ARM.Collect$$rtentry$$0000000D)
    .ARM.Collect$$rtexit$$00000000           0x0000015a   Section        2  rtexit.o(.ARM.Collect$$rtexit$$00000000)
    .ARM.Collect$$rtexit$$00000002           0x0000015c   Section        0  rtexit2.o(.ARM.Collect$$rtexit$$00000002)
    .ARM.Collect$$rtexit$$00000003           0x0000015c   Section        4  rtexit2.o(.ARM.Collect$$rtexit$$00000003)
    .ARM.Collect$$rtexit$$00000004           0x00000160   Section        6  rtexit2.o(.ARM.Collect$$rtexit$$00000004)
    .text                                    0x00000168   Section       52  startup_lpc17xx.o(.text)
    .text                                    0x0000019c   Section        0  heapauxi.o(.text)
    .text                                    0x000001a2   Section       74  sys_stackheap_outer.o(.text)
    .text                                    0x000001ec   Section        0  exit.o(.text)
    .text                                    0x00000200   Section        8  libspace.o(.text)
    .text                                    0x00000208   Section        0  sys_exit.o(.text)
    .text                                    0x00000214   Section        2  use_no_semi.o(.text)
    .text                                    0x00000216   Section        0  indicate_semi.o(.text)
    [Anonymous Symbol]                       0x00000218   Section        0  irq_adc.o(.text.ADC_IRQHandler)
    [Anonymous Symbol]                       0x00000234   Section        0  lib_adc.o(.text.ADC_init)
    [Anonymous Symbol]                       0x00000280   Section        0  lib_adc.o(.text.ADC_start_conversion)
    [Anonymous Symbol]                       0x00000294   Section        0  lib_button.o(.text.BUTTON_init)
    .ARM.__at_0x02FC                         0x000002fc   Section        4  startup_lpc17xx.o(.ARM.__at_0x02FC)
    [Anonymous Symbol]                       0x00000300   Section        0  view.o(.text.Clear)
    Draw_Cell                                0x00000351   Thumb Code   136  view.o(.text.Draw_Cell)
    [Anonymous Symbol]                       0x00000350   Section        0  view.o(.text.Draw_Cell)
    Draw_Field_Border                        0x000003d9   Thumb Code   138  view.o(.text.Draw_Field_Border)
    [Anonymous Symbol]                       0x000003d8   Section        0  view.o(.text.Draw_Field_Border)
    [Anonymous Symbol]                       0x00000464   Section        0  irq_button.o(.text.EINT0_IRQHandler)
    [Anonymous Symbol]                       0x00000474   Section        0  irq_button.o(.text.EINT1_IRQHandler)
    [Anonymous Symbol]                       0x000004e0   Section        0  irq_button.o(.text.EINT2_IRQHandler)
    [Anonymous Symbol]                       0x0000056c   Section        0  glcd.o(.text.GUI_Text)
    [Anonymous Symbol]                       0x00000604   Section        0  asciilib.o(.text.GetASCIICode)
    [Anonymous Symbol]                       0x00000640   Section        0  glcd.o(.text.LCD_Clear)
    LCD_Configuration                        0x00000e2d   Thumb Code    32  glcd.o(.text.LCD_Configuration)
    [Anonymous Symbol]                       0x00000e2c   Section        0  glcd.o(.text.LCD_Configuration)
    [Anonymous Symbol]                       0x00000e4c   Section        0  glcd.o(.text.LCD_DrawLine)
    [Anonymous Symbol]                       0x00001070   Section        0  glcd.o(.text.LCD_FillRect)
    [Anonymous Symbol]                       0x00001254   Section        0  glcd.o(.text.LCD_Initialization)
    LCD_SetCursor                            0x00004161   Thumb Code  1932  glcd.o(.text.LCD_SetCursor)
    [Anonymous Symbol]                       0x00004160   Section        0  glcd.o(.text.LCD_SetCursor)
    [Anonymous Symbol]                       0x000048ec   Section        0  glcd.o(.text.LCD_SetPoint)
    [Anonymous Symbol]                       0x00004a2c   Section        0  glcd.o(.text.PutChar)
    [Anonymous Symbol]                       0x00004b00   Section        0  irq_rit.o(.text.RIT_IRQHandler)
    [Anonymous Symbol]                       0x00004e24   Section        0  system_lpc17xx.o(.text.SystemInit)
    [Anonymous Symbol]                       0x000050f0   Section        0  irq_timer.o(.text.TIMER0_IRQHandler)
    [Anonymous Symbol]                       0x00005100   Section        0  irq_timer.o(.text.TIMER1_IRQHandler)
    [Anonymous Symbol]                       0x00005110   Section        0  irq_timer.o(.text.TIMER2_IRQHandler)
    [Anonymous Symbol]                       0x0000511c   Section        0  irq_timer.o(.text.TIMER3_IRQHandler)
    [Anonymous Symbol]                       0x00005138   Section        0  view.o(.text.TetrisView_Init)
    [Anonymous Symbol]                       0x00005228   Section        0  view.o(.text.TetrisView_Redraw)
    [Anonymous Symbol]                       0x00005238   Section        0  view.o(.text.TetrisView_Render)
    [Anonymous Symbol]                       0x0000534c   Section        0  view.o(.text.Update_Values)
    __NVIC_EnableIRQ                         0x0000559d   Thumb Code    48  lib_button.o(.text.__NVIC_EnableIRQ)
    [Anonymous Symbol]                       0x0000559c   Section        0  lib_button.o(.text.__NVIC_EnableIRQ)
    __NVIC_EnableIRQ                         0x000055cd   Thumb Code    48  lib_rit.o(.text.__NVIC_EnableIRQ)
    [Anonymous Symbol]                       0x000055cc   Section        0  lib_rit.o(.text.__NVIC_EnableIRQ)
    __NVIC_EnableIRQ                         0x000055fd   Thumb Code    48  lib_adc.o(.text.__NVIC_EnableIRQ)
    [Anonymous Symbol]                       0x000055fc   Section        0  lib_adc.o(.text.__NVIC_EnableIRQ)
    [Anonymous Symbol]                       0x0000562c   Section        0  game.o(.text.activateClearHalf)
    [Anonymous Symbol]                       0x00005754   Section        0  game.o(.text.activateSlowdown)
    [Anonymous Symbol]                       0x0000577c   Section        0  game.o(.text.addMalusLine)
    [Anonymous Symbol]                       0x00005920   Section        0  game.o(.text.checkCollision)
    [Anonymous Symbol]                       0x000059f4   Section        0  game.o(.text.checkLines)
    [Anonymous Symbol]                       0x00005c68   Section        0  game.o(.text.clearBoard)
    clearLine                                0x00005cb9   Thumb Code   164  game.o(.text.clearLine)
    [Anonymous Symbol]                       0x00005cb8   Section        0  game.o(.text.clearLine)
    delay_ms                                 0x00005d5d   Thumb Code    82  glcd.o(.text.delay_ms)
    [Anonymous Symbol]                       0x00005d5c   Section        0  glcd.o(.text.delay_ms)
    [Anonymous Symbol]                       0x00005db0   Section        0  lib_rit.o(.text.enable_RIT)
    [Anonymous Symbol]                       0x00005dc0   Section        0  lib_rit.o(.text.init_RIT)
    [Anonymous Symbol]                       0x00005e1c   Section        0  lib_joystick.o(.text.joystick_init)
    [Anonymous Symbol]                       0x00005e40   Section        0  main.o(.text.main)
    [Anonymous Symbol]                       0x00005f94   Section        0  game.o(.text.processScoring)
    [Anonymous Symbol]                       0x00005ff8   Section        0  game.o(.text.resetGame)
    [Anonymous Symbol]                       0x00006058   Section        0  game.o(.text.showNewPiece)
    [Anonymous Symbol]                       0x00006144   Section        0  game.o(.text.spawnPowerup)
    u32_to_str                               0x0000624d   Thumb Code   166  view.o(.text.u32_to_str)
    [Anonymous Symbol]                       0x0000624c   Section        0  view.o(.text.u32_to_str)
    [Anonymous Symbol]                       0x000062f4   Section        0  game.o(.text.updateDisplay)
    wait_delay                               0x00006425   Thumb Code    22  glcd.o(.text.wait_delay)
    [Anonymous Symbol]                       0x00006424   Section        0  glcd.o(.text.wait_delay)
    RANDOM_CODE                              0x0000643c   Section       48  random_lfsr.o(RANDOM_CODE)
    AsciiLib                                 0x0000646c   Data        1520  asciilib.o(.rodata.AsciiLib)
    [Anonymous Symbol]                       0x0000646c   Section        0  asciilib.o(.rodata.AsciiLib)
    .L.str                                   0x00006a5c   Data           9  view.o(.rodata.str1.1)
    [Anonymous Symbol]                       0x00006a5c   Section        0  view.o(.rodata.str1.1)
    .L.str.3                                 0x00006a65   Data           8  view.o(.rodata.str1.1)
    .L.str.1                                 0x00006a6d   Data           8  view.o(.rodata.str1.1)
    .L.str.5                                 0x00006a75   Data           7  view.o(.rodata.str1.1)
    .L.str.4                                 0x00006a7c   Data           7  view.o(.rodata.str1.1)
    .L.str.6                                 0x00006a83   Data           7  view.o(.rodata.str1.1)
    .L.str.2                                 0x00006a8a   Data           8  view.o(.rodata.str1.1)
    Tetrominoes                              0x00006ab4   Section      448  tetrominoes.o(Tetrominoes)
    lcd_dirty                                0x10000010   Data           1  view.o(.data.lcd_dirty)
    [Anonymous Symbol]                       0x10000010   Section        0  view.o(.data.lcd_dirty)
    prev_high                                0x10000014   Data           4  view.o(.data.prev_high)
    [Anonymous Symbol]                       0x10000014   Section        0  view.o(.data.prev_high)
    prev_left                                0x10000018   Data           1  irq_rit.o(.data.prev_left)
    [Anonymous Symbol]                       0x10000018   Section        0  irq_rit.o(.data.prev_left)
    prev_lines                               0x1000001c   Data           4  view.o(.data.prev_lines)
    [Anonymous Symbol]                       0x1000001c   Section        0  view.o(.data.prev_lines)
    prev_paused                              0x10000020   Data           4  view.o(.data.prev_paused)
    [Anonymous Symbol]                       0x10000020   Section        0  view.o(.data.prev_paused)
    prev_right                               0x10000024   Data           1  irq_rit.o(.data.prev_right)
    [Anonymous Symbol]                       0x10000024   Section        0  irq_rit.o(.data.prev_right)
    prev_score                               0x10000028   Data           4  view.o(.data.prev_score)
    [Anonymous Symbol]                       0x10000028   Section        0  view.o(.data.prev_score)
    prev_slowdown                            0x1000002c   Data           4  view.o(.data.prev_slowdown)
    [Anonymous Symbol]                       0x1000002c   Section        0  view.o(.data.prev_slowdown)
    prev_up                                  0x10000030   Data           1  irq_rit.o(.data.prev_up)
    [Anonymous Symbol]                       0x10000030   Section        0  irq_rit.o(.data.prev_up)
    .bss                                     0x100000a8   Section       96  libspace.o(.bss)
    LCD_Code                                 0x1000010a   Data           1  glcd.o(.bss.LCD_Code)
    [Anonymous Symbol]                       0x1000010a   Section        0  glcd.o(.bss.LCD_Code)
    lines_since_malus                        0x100002b8   Data           4  game.o(.bss.lines_since_malus)
    [Anonymous Symbol]                       0x100002b8   Section        0  game.o(.bss.lines_since_malus)
    lines_since_powerup                      0x100002bc   Data           4  game.o(.bss.lines_since_powerup)
    [Anonymous Symbol]                       0x100002bc   Section        0  game.o(.bss.lines_since_powerup)
    move_counter                             0x100002c0   Data           4  irq_rit.o(.bss.move_counter)
    [Anonymous Symbol]                       0x100002c0   Section        0  irq_rit.o(.bss.move_counter)
    prev_grid                                0x100002c4   Data         200  view.o(.bss.prev_grid)
    [Anonymous Symbol]                       0x100002c4   Section        0  view.o(.bss.prev_grid)
    snap                                     0x10000398   Data         200  view.o(.bss.snap)
    [Anonymous Symbol]                       0x10000398   Section        0  view.o(.bss.snap)
    Heap_Mem                                 0x10000468   Data           0  startup_lpc17xx.o(HEAP)
    Stack_Mem                                0x10000468   Data         512  startup_lpc17xx.o(STACK)
    HEAP                                     0x10000468   Section        0  startup_lpc17xx.o(HEAP)
    STACK                                    0x10000468   Section      512  startup_lpc17xx.o(STACK)
    __initial_sp                             0x10000668   Data           0  startup_lpc17xx.o(STACK)

    Global Symbols

    Symbol Name                              Value     Ov Type        Size  Object(Section)

    BuildAttributes$$THM_ISAv4$P$D$K$B$S$PE$A:L22UL41UL21$X:L11$S22US41US21$IEEE1$IW$~IW$USESV6$~STKCKD$USESV7$~SHL$OSPACE$ROPI$EBA8$UX$STANDARDLIB$REQ8$PRES8$EABIv2 0x00000000   Number         0  anon$$obj.o ABSOLUTE
    __Vectors                                0x00000000   Data           4  startup_lpc17xx.o(RESET)
    __fp_init_empty                          0x00000000   Number         0  fpinit_empty.o ABSOLUTE
    __ARM_exceptions_init                     - Undefined Weak Reference
    __alloca_initialize                       - Undefined Weak Reference
    __arm_preinit_                            - Undefined Weak Reference
    __arm_relocate_pie_                       - Undefined Weak Reference
    __cpp_initialize__aeabi_                  - Undefined Weak Reference
    __cxa_finalize                            - Undefined Weak Reference
    __rt_locale                               - Undefined Weak Reference
    __sigvec_lookup                           - Undefined Weak Reference
    _atexit_init                              - Undefined Weak Reference
    _call_atexit_fns                          - Undefined Weak Reference
    _clock_init                               - Undefined Weak Reference
    _fp_trap_init                             - Undefined Weak Reference
    _fp_trap_shutdown                         - Undefined Weak Reference
    _get_lc_collate                           - Undefined Weak Reference
    _get_lc_ctype                             - Undefined Weak Reference
    _get_lc_monetary                          - Undefined Weak Reference
    _get_lc_numeric                           - Undefined Weak Reference
    _get_lc_time                              - Undefined Weak Reference
    _getenv_init                              - Undefined Weak Reference
    _handle_redirection                       - Undefined Weak Reference
    _init_alloc                               - Undefined Weak Reference
    _init_user_alloc                          - Undefined Weak Reference
    _initio                                   - Undefined Weak Reference
    _rand_init                                - Undefined Weak Reference
    _signal_finish                            - Undefined Weak Reference
    _signal_init                              - Undefined Weak Reference
    _terminate_alloc                          - Undefined Weak Reference
    _terminate_user_alloc                     - Undefined Weak Reference
    _terminateio                              - Undefined Weak Reference
    __main                                   0x000000cd   Thumb Code     8  __main.o(!!!main)
    __scatterload                            0x000000d5   Thumb Code     0  __scatter.o(!!!scatter)
    __scatterload_rt2                        0x000000d5   Thumb Code    44  __scatter.o(!!!scatter)
    __scatterload_rt2_thumb_only             0x000000d5   Thumb Code     0  __scatter.o(!!!scatter)
    __scatterload_null                       0x000000e3   Thumb Code     0  __scatter.o(!!!scatter)
    __scatterload_copy                       0x00000109   Thumb Code    26  __scatter_copy.o(!!handler_copy)
    __scatterload_zeroinit                   0x00000125   Thumb Code    28  __scatter_zi.o(!!handler_zi)
    __rt_lib_init                            0x00000141   Thumb Code     0  libinit.o(.ARM.Collect$$libinit$$00000000)
    __rt_lib_init_alloca_1                   0x00000143   Thumb Code     0  libinit2.o(.ARM.Collect$$libinit$$00000030)
    __rt_lib_init_argv_1                     0x00000143   Thumb Code     0  libinit2.o(.ARM.Collect$$libinit$$0000002E)
    __rt_lib_init_atexit_1                   0x00000143   Thumb Code     0  libinit2.o(.ARM.Collect$$libinit$$0000001D)
    __rt_lib_init_clock_1                    0x00000143   Thumb Code     0  libinit2.o(.ARM.Collect$$libinit$$00000023)
    __rt_lib_init_cpp_1                      0x00000143   Thumb Code     0  libinit2.o(.ARM.Collect$$libinit$$00000034)
    __rt_lib_init_exceptions_1               0x00000143   Thumb Code     0  libinit2.o(.ARM.Collect$$libinit$$00000032)
    __rt_lib_init_fp_1                       0x00000143   Thumb Code     0  libinit2.o(.ARM.Collect$$libinit$$00000002)
    __rt_lib_init_fp_trap_1                  0x00000143   Thumb Code     0  libinit2.o(.ARM.Collect$$libinit$$00000021)
    __rt_lib_init_getenv_1                   0x00000143   Thumb Code     0  libinit2.o(.ARM.Collect$$libinit$$00000025)
    __rt_lib_init_heap_1                     0x00000143   Thumb Code     0  libinit2.o(.ARM.Collect$$libinit$$0000000C)
    __rt_lib_init_lc_collate_1               0x00000143   Thumb Code     0  libinit2.o(.ARM.Collect$$libinit$$00000013)
    __rt_lib_init_lc_ctype_1                 0x00000143   Thumb Code     0  libinit2.o(.ARM.Collect$$libinit$$00000015)
    __rt_lib_init_lc_monetary_1              0x00000143   Thumb Code     0  libinit2.o(.ARM.Collect$$libinit$$00000017)
    __rt_lib_init_lc_numeric_1               0x00000143   Thumb Code     0  libinit2.o(.ARM.Collect$$libinit$$00000019)
    __rt_lib_init_lc_time_1                  0x00000143   Thumb Code     0  libinit2.o(.ARM.Collect$$libinit$$0000001B)
    __rt_lib_init_preinit_1                  0x00000143   Thumb Code     0  libinit2.o(.ARM.Collect$$libinit$$00000006)
    __rt_lib_init_rand_1                     0x00000143   Thumb Code     0  libinit2.o(.ARM.Collect$$libinit$$00000010)
    __rt_lib_init_relocate_pie_1             0x00000143   Thumb Code     0  libinit2.o(.ARM.Collect$$libinit$$00000004)
    __rt_lib_init_return                     0x00000143   Thumb Code     0  libinit2.o(.ARM.Collect$$libinit$$00000035)
    __rt_lib_init_signal_1                   0x00000143   Thumb Code     0  libinit2.o(.ARM.Collect$$libinit$$0000001F)
    __rt_lib_init_stdio_1                    0x00000143   Thumb Code     0  libinit2.o(.ARM.Collect$$libinit$$00000027)
    __rt_lib_init_user_alloc_1               0x00000143   Thumb Code     0  libinit2.o(.ARM.Collect$$libinit$$0000000E)
    __rt_lib_shutdown                        0x00000145   Thumb Code     0  libshutdown.o(.ARM.Collect$$libshutdown$$00000000)
    __rt_lib_shutdown_cpp_1                  0x00000147   Thumb Code     0  libshutdown2.o(.ARM.Collect$$libshutdown$$00000002)
    __rt_lib_shutdown_fp_trap_1              0x00000147   Thumb Code     0  libshutdown2.o(.ARM.Collect$$libshutdown$$00000007)
    __rt_lib_shutdown_heap_1                 0x00000147   Thumb Code     0  libshutdown2.o(.ARM.Collect$$libshutdown$$0000000F)
    __rt_lib_shutdown_return                 0x00000147   Thumb Code     0  libshutdown2.o(.ARM.Collect$$libshutdown$$00000010)
    __rt_lib_shutdown_signal_1               0x00000147   Thumb Code     0  libshutdown2.o(.ARM.Collect$$libshutdown$$0000000A)
    __rt_lib_shutdown_stdio_1                0x00000147   Thumb Code     0  libshutdown2.o(.ARM.Collect$$libshutdown$$00000004)
    __rt_lib_shutdown_user_alloc_1           0x00000147   Thumb Code     0  libshutdown2.o(.ARM.Collect$$libshutdown$$0000000C)
    __rt_entry                               0x00000149   Thumb Code     0  __rtentry.o(.ARM.Collect$$rtentry$$00000000)
    __rt_entry_presh_1                       0x00000149   Thumb Code     0  __rtentry2.o(.ARM.Collect$$rtentry$$00000002)
    __rt_entry_sh                            0x00000149   Thumb Code     0  __rtentry4.o(.ARM.Collect$$rtentry$$00000004)
    __rt_entry_li                            0x0000014f   Thumb Code     0  __rtentry2.o(.ARM.Collect$$rtentry$$0000000A)
    __rt_entry_postsh_1                      0x0000014f   Thumb Code     0  __rtentry2.o(.ARM.Collect$$rtentry$$00000009)
    __rt_entry_main                          0x00000153   Thumb Code     0  __rtentry2.o(.ARM.Collect$$rtentry$$0000000D)
    __rt_entry_postli_1                      0x00000153   Thumb Code     0  __rtentry2.o(.ARM.Collect$$rtentry$$0000000C)
    __rt_exit                                0x0000015b   Thumb Code     0  rtexit.o(.ARM.Collect$$rtexit$$00000000)
    __rt_exit_ls                             0x0000015d   Thumb Code     0  rtexit2.o(.ARM.Collect$$rtexit$$00000003)
    __rt_exit_prels_1                        0x0000015d   Thumb Code     0  rtexit2.o(.ARM.Collect$$rtexit$$00000002)
    __rt_exit_exit                           0x00000161   Thumb Code     0  rtexit2.o(.ARM.Collect$$rtexit$$00000004)
    Reset_Handler                            0x00000169   Thumb Code     4  startup_lpc17xx.o(.text)
    NMI_Handler                              0x0000016d   Thumb Code     2  startup_lpc17xx.o(.text)
    HardFault_Handler                        0x0000016f   Thumb Code     2  startup_lpc17xx.o(.text)
    MemManage_Handler                        0x00000171   Thumb Code     2  startup_lpc17xx.o(.text)
    BusFault_Handler                         0x00000173   Thumb Code     2  startup_lpc17xx.o(.text)
    UsageFault_Handler                       0x00000175   Thumb Code     2  startup_lpc17xx.o(.text)
    SVC_Handler                              0x00000177   Thumb Code     2  startup_lpc17xx.o(.text)
    DebugMon_Handler                         0x00000179   Thumb Code     2  startup_lpc17xx.o(.text)
    PendSV_Handler                           0x0000017b   Thumb Code     2  startup_lpc17xx.o(.text)
    SysTick_Handler                          0x0000017d   Thumb Code     2  startup_lpc17xx.o(.text)
    BOD_IRQHandler                           0x0000017f   Thumb Code     0  startup_lpc17xx.o(.text)
    CANActivity_IRQHandler                   0x0000017f   Thumb Code     0  startup_lpc17xx.o(.text)
    CAN_IRQHandler                           0x0000017f   Thumb Code     0  startup_lpc17xx.o(.text)
    DMA_IRQHandler                           0x0000017f   Thumb Code     0  startup_lpc17xx.o(.text)
    EINT3_IRQHandler                         0x0000017f   Thumb Code     0  startup_lpc17xx.o(.text)
    ENET_IRQHandler                          0x0000017f   Thumb Code     0  startup_lpc17xx.o(.text)
    I2C0_IRQHandler                          0x0000017f   Thumb Code     0  startup_lpc17xx.o(.text)
    I2C1_IRQHandler                          0x0000017f   Thumb Code     0  startup_lpc17xx.o(.text)
    I2C2_IRQHandler                          0x0000017f   Thumb Code     0  startup_lpc17xx.o(.text)
    I2S_IRQHandler                           0x0000017f   Thumb Code     0  startup_lpc17xx.o(.text)
    MCPWM_IRQHandler                         0x0000017f   Thumb Code     0  startup_lpc17xx.o(.text)
    PLL0_IRQHandler                          0x0000017f   Thumb Code     0  startup_lpc17xx.o(.text)
    PLL1_IRQHandler                          0x0000017f   Thumb Code     0  startup_lpc17xx.o(.text)
    PWM1_IRQHandler                          0x0000017f   Thumb Code     0  startup_lpc17xx.o(.text)
    QEI_IRQHandler                           0x0000017f   Thumb Code     0  startup_lpc17xx.o(.text)
    RTC_IRQHandler                           0x0000017f   Thumb Code     0  startup_lpc17xx.o(.text)
    SPI_IRQHandler                           0x0000017f   Thumb Code     0  startup_lpc17xx.o(.text)
    SSP0_IRQHandler                          0x0000017f   Thumb Code     0  startup_lpc17xx.o(.text)
    SSP1_IRQHandler                          0x0000017f   Thumb Code     0  startup_lpc17xx.o(.text)
    UART0_IRQHandler                         0x0000017f   Thumb Code     0  startup_lpc17xx.o(.text)
    UART1_IRQHandler                         0x0000017f   Thumb Code     0  startup_lpc17xx.o(.text)
    UART2_IRQHandler                         0x0000017f   Thumb Code     0  startup_lpc17xx.o(.text)
    UART3_IRQHandler                         0x0000017f   Thumb Code     0  startup_lpc17xx.o(.text)
    USBActivity_IRQHandler                   0x0000017f   Thumb Code     0  startup_lpc17xx.o(.text)
    USB_IRQHandler                           0x0000017f   Thumb Code     0  startup_lpc17xx.o(.text)
    WDT_IRQHandler                           0x0000017f   Thumb Code     0  startup_lpc17xx.o(.text)
    __user_initial_stackheap                 0x00000181   Thumb Code     0  startup_lpc17xx.o(.text)
    __use_two_region_memory                  0x0000019d   Thumb Code     2  heapauxi.o(.text)
    __rt_heap_escrow$2region                 0x0000019f   Thumb Code     2  heapauxi.o(.text)
    __rt_heap_expand$2region                 0x000001a1   Thumb Code     2  heapauxi.o(.text)
    __user_setup_stackheap                   0x000001a3   Thumb Code    74  sys_stackheap_outer.o(.text)
    exit                                     0x000001ed   Thumb Code    18  exit.o(.text)
    __user_libspace                          0x00000201   Thumb Code     8  libspace.o(.text)
    __user_perproc_libspace                  0x00000201   Thumb Code     0  libspace.o(.text)
    __user_perthread_libspace                0x00000201   Thumb Code     0  libspace.o(.text)
    _sys_exit                                0x00000209   Thumb Code     8  sys_exit.o(.text)
    __I$use$semihosting                      0x00000215   Thumb Code     0  use_no_semi.o(.text)
    __use_no_semihosting_swi                 0x00000215   Thumb Code     2  use_no_semi.o(.text)
    __semihosting_library_function           0x00000217   Thumb Code     0  indicate_semi.o(.text)
    ADC_IRQHandler                           0x00000219   Thumb Code    26  irq_adc.o(.text.ADC_IRQHandler)
    ADC_init                                 0x00000235   Thumb Code    74  lib_adc.o(.text.ADC_init)
    ADC_start_conversion                     0x00000281   Thumb Code    18  lib_adc.o(.text.ADC_start_conversion)
    BUTTON_init                              0x00000295   Thumb Code    98  lib_button.o(.text.BUTTON_init)
    Clear                                    0x00000301   Thumb Code    78  view.o(.text.Clear)
    EINT0_IRQHandler                         0x00000465   Thumb Code    14  irq_button.o(.text.EINT0_IRQHandler)
    EINT1_IRQHandler                         0x00000475   Thumb Code   108  irq_button.o(.text.EINT1_IRQHandler)
    EINT2_IRQHandler                         0x000004e1   Thumb Code   138  irq_button.o(.text.EINT2_IRQHandler)
    GUI_Text                                 0x0000056d   Thumb Code   152  glcd.o(.text.GUI_Text)
    GetASCIICode                             0x00000605   Thumb Code    58  asciilib.o(.text.GetASCIICode)
    LCD_Clear                                0x00000641   Thumb Code  2028  glcd.o(.text.LCD_Clear)
    LCD_DrawLine                             0x00000e4d   Thumb Code   546  glcd.o(.text.LCD_DrawLine)
    LCD_FillRect                             0x00001071   Thumb Code   482  glcd.o(.text.LCD_FillRect)
    LCD_Initialization                       0x00001255   Thumb Code 12042  glcd.o(.text.LCD_Initialization)
    LCD_SetPoint                             0x000048ed   Thumb Code   320  glcd.o(.text.LCD_SetPoint)
    PutChar                                  0x00004a2d   Thumb Code   210  glcd.o(.text.PutChar)
    RIT_IRQHandler                           0x00004b01   Thumb Code   802  irq_rit.o(.text.RIT_IRQHandler)
    SystemInit                               0x00004e25   Thumb Code   714  system_lpc17xx.o(.text.SystemInit)
    TIMER0_IRQHandler                        0x000050f1   Thumb Code    14  irq_timer.o(.text.TIMER0_IRQHandler)
    TIMER1_IRQHandler                        0x00005101   Thumb Code    14  irq_timer.o(.text.TIMER1_IRQHandler)
    TIMER2_IRQHandler                        0x00005111   Thumb Code    12  irq_timer.o(.text.TIMER2_IRQHandler)
    TIMER3_IRQHandler                        0x0000511d   Thumb Code    28  irq_timer.o(.text.TIMER3_IRQHandler)
    TetrisView_Init                          0x00005139   Thumb Code   238  view.o(.text.TetrisView_Init)
    TetrisView_Redraw                        0x00005229   Thumb Code    14  view.o(.text.TetrisView_Redraw)
    TetrisView_Render                        0x00005239   Thumb Code   274  view.o(.text.TetrisView_Render)
    Update_Values                            0x0000534d   Thumb Code   592  view.o(.text.Update_Values)
    activateClearHalf                        0x0000562d   Thumb Code   294  game.o(.text.activateClearHalf)
    activateSlowdown                         0x00005755   Thumb Code    38  game.o(.text.activateSlowdown)
    addMalusLine                             0x0000577d   Thumb Code   418  game.o(.text.addMalusLine)
    checkCollision                           0x00005921   Thumb Code   210  game.o(.text.checkCollision)
    checkLines                               0x000059f5   Thumb Code   628  game.o(.text.checkLines)
    clearBoard                               0x00005c69   Thumb Code    78  game.o(.text.clearBoard)
    enable_RIT                               0x00005db1   Thumb Code    16  lib_rit.o(.text.enable_RIT)
    init_RIT                                 0x00005dc1   Thumb Code    90  lib_rit.o(.text.init_RIT)
    joystick_init                            0x00005e1d   Thumb Code    34  lib_joystick.o(.text.joystick_init)
    main                                     0x00005e41   Thumb Code   340  main.o(.text.main)
    processScoring                           0x00005f95   Thumb Code   100  game.o(.text.processScoring)
    resetGame                                0x00005ff9   Thumb Code    96  game.o(.text.resetGame)
    showNewPiece                             0x00006059   Thumb Code   236  game.o(.text.showNewPiece)
    spawnPowerup                             0x00006145   Thumb Code   264  game.o(.text.spawnPowerup)
    updateDisplay                            0x000062f5   Thumb Code   302  game.o(.text.updateDisplay)
    randomSeed                               0x0000643d   Thumb Code    12  random_lfsr.o(RANDOM_CODE)
    getRandom                                0x00006449   Thumb Code    22  random_lfsr.o(RANDOM_CODE)
    Region$$Table$$Base                      0x00006a94   Number         0  anon$$obj.o(Region$$Table)
    I_0                                      0x00006ab4   Data           0  tetrominoes.o(Tetrominoes)
    Region$$Table$$Limit                     0x00006ab4   Number         0  anon$$obj.o(Region$$Table)
    I_1                                      0x00006ac4   Data           0  tetrominoes.o(Tetrominoes)
    I_2                                      0x00006ad4   Data           0  tetrominoes.o(Tetrominoes)
    I_3                                      0x00006ae4   Data           0  tetrominoes.o(Tetrominoes)
    O_0                                      0x00006af4   Data           0  tetrominoes.o(Tetrominoes)
    O_1                                      0x00006b04   Data           0  tetrominoes.o(Tetrominoes)
    O_2                                      0x00006b14   Data           0  tetrominoes.o(Tetrominoes)
    O_3                                      0x00006b24   Data           0  tetrominoes.o(Tetrominoes)
    T_0                                      0x00006b34   Data           0  tetrominoes.o(Tetrominoes)
    T_1                                      0x00006b44   Data           0  tetrominoes.o(Tetrominoes)
    T_2                                      0x00006b54   Data           0  tetrominoes.o(Tetrominoes)
    T_3                                      0x00006b64   Data           0  tetrominoes.o(Tetrominoes)
    L_0                                      0x00006b74   Data           0  tetrominoes.o(Tetrominoes)
    L_1                                      0x00006b84   Data           0  tetrominoes.o(Tetrominoes)
    L_2                                      0x00006b94   Data           0  tetrominoes.o(Tetrominoes)
    L_3                                      0x00006ba4   Data           0  tetrominoes.o(Tetrominoes)
    J_0                                      0x00006bb4   Data           0  tetrominoes.o(Tetrominoes)
    J_1                                      0x00006bc4   Data           0  tetrominoes.o(Tetrominoes)
    J_2                                      0x00006bd4   Data           0  tetrominoes.o(Tetrominoes)
    J_3                                      0x00006be4   Data           0  tetrominoes.o(Tetrominoes)
    S_0                                      0x00006bf4   Data           0  tetrominoes.o(Tetrominoes)
    S_1                                      0x00006c04   Data           0  tetrominoes.o(Tetrominoes)
    S_2                                      0x00006c14   Data           0  tetrominoes.o(Tetrominoes)
    S_3                                      0x00006c24   Data           0  tetrominoes.o(Tetrominoes)
    Z_0                                      0x00006c34   Data           0  tetrominoes.o(Tetrominoes)
    Z_1                                      0x00006c44   Data           0  tetrominoes.o(Tetrominoes)
    Z_2                                      0x00006c54   Data           0  tetrominoes.o(Tetrominoes)
    Z_3                                      0x00006c64   Data           0  tetrominoes.o(Tetrominoes)
    LFSR_STATE                               0x10000000   Data           4  main.o(.data.LFSR_STATE)
    SystemFrequency                          0x10000004   Data           4  system_lpc17xx.o(.data.SystemFrequency)
    base_sps                                 0x10000008   Data           4  main.o(.data.base_sps)
    game_paused                              0x1000000c   Data           4  main.o(.data.game_paused)
    need_redraw                              0x10000011   Data           1  main.o(.data.need_redraw)
    shapes                                   0x10000034   Data         112  main.o(.data.shapes)
    __libspace_start                         0x100000a8   Data          96  libspace.o(.bss)
    ADC_current                              0x10000108   Data           2  irq_adc.o(.bss.ADC_current)
    __temporary_stack_top$libspace           0x10000108   Data           0  libspace.o(.bss)
    board                                    0x1000010b   Data         200  main.o(.bss.board)
    current_rotation                         0x100001d4   Data           4  main.o(.bss.current_rotation)
    current_type                             0x100001d8   Data           4  main.o(.bss.current_type)
    current_x                                0x100001dc   Data           4  main.o(.bss.current_x)
    current_y                                0x100001e0   Data           4  main.o(.bss.current_y)
    display_grid                             0x100001e4   Data         200  main.o(.bss.display_grid)
    has_active_piece                         0x100002ac   Data           4  main.o(.bss.has_active_piece)
    high_score                               0x100002b0   Data           4  main.o(.bss.high_score)
    lines_cleared                            0x100002b4   Data           4  main.o(.bss.lines_cleared)
    score                                    0x1000038c   Data           4  main.o(.bss.score)
    slowdown_active                          0x10000390   Data           4  game.o(.bss.slowdown_active)
    slowdown_timer                           0x10000394   Data           4  game.o(.bss.slowdown_timer)
    tick                                     0x10000460   Data           4  lib_timer.o(.bss.tick)



==============================================================================

Memory Map of the image

  Image Entry point : 0x00000169

  Load Region LR_1 (Base: 0x00000000, Size: 0x00006d18, Max: 0xffffffff, ABSOLUTE)

    Execution Region ER_RO (Exec base: 0x00000000, Load base: 0x00000000, Size: 0x00006c74, Max: 0xffffffff, ABSOLUTE)

    Exec Addr    Load Addr    Size         Type   Attr      Idx    E Section Name        Object

    0x00000000   0x00000000   0x000000cc   Data   RO          361    RESET               startup_lpc17xx.o
    0x000000cc   0x000000cc   0x00000008   Code   RO          387  * !!!main             c_w.l(__main.o)
    0x000000d4   0x000000d4   0x00000034   Code   RO          591    !!!scatter          c_w.l(__scatter.o)
    0x00000108   0x00000108   0x0000001a   Code   RO          593    !!handler_copy      c_w.l(__scatter_copy.o)
    0x00000122   0x00000122   0x00000002   PAD
    0x00000124   0x00000124   0x0000001c   Code   RO          595    !!handler_zi        c_w.l(__scatter_zi.o)
    0x00000140   0x00000140   0x00000002   Code   RO          453    .ARM.Collect$$libinit$$00000000  c_w.l(libinit.o)
    0x00000142   0x00000142   0x00000000   Code   RO          460    .ARM.Collect$$libinit$$00000002  c_w.l(libinit2.o)
    0x00000142   0x00000142   0x00000000   Code   RO          462    .ARM.Collect$$libinit$$00000004  c_w.l(libinit2.o)
    0x00000142   0x00000142   0x00000000   Code   RO          464    .ARM.Collect$$libinit$$00000006  c_w.l(libinit2.o)
    0x00000142   0x00000142   0x00000000   Code   RO          467    .ARM.Collect$$libinit$$0000000C  c_w.l(libinit2.o)
    0x00000142   0x00000142   0x00000000   Code   RO          469    .ARM.Collect$$libinit$$0000000E  c_w.l(libinit2.o)
    0x00000142   0x00000142   0x00000000   Code   RO          471    .ARM.Collect$$libinit$$00000010  c_w.l(libinit2.o)
    0x00000142   0x00000142   0x00000000   Code   RO          474    .ARM.Collect$$libinit$$00000013  c_w.l(libinit2.o)
    0x00000142   0x00000142   0x00000000   Code   RO          476    .ARM.Collect$$libinit$$00000015  c_w.l(libinit2.o)
    0x00000142   0x00000142   0x00000000   Code   RO          478    .ARM.Collect$$libinit$$00000017  c_w.l(libinit2.o)
    0x00000142   0x00000142   0x00000000   Code   RO          480    .ARM.Collect$$libinit$$00000019  c_w.l(libinit2.o)
    0x00000142   0x00000142   0x00000000   Code   RO          482    .ARM.Collect$$libinit$$0000001B  c_w.l(libinit2.o)
    0x00000142   0x00000142   0x00000000   Code   RO          484    .ARM.Collect$$libinit$$0000001D  c_w.l(libinit2.o)
    0x00000142   0x00000142   0x00000000   Code   RO          486    .ARM.Collect$$libinit$$0000001F  c_w.l(libinit2.o)
    0x00000142   0x00000142   0x00000000   Code   RO          488    .ARM.Collect$$libinit$$00000021  c_w.l(libinit2.o)
    0x00000142   0x00000142   0x00000000   Code   RO          490    .ARM.Collect$$libinit$$00000023  c_w.l(libinit2.o)
    0x00000142   0x00000142   0x00000000   Code   RO          492    .ARM.Collect$$libinit$$00000025  c_w.l(libinit2.o)
    0x00000142   0x00000142   0x00000000   Code   RO          494    .ARM.Collect$$libinit$$00000027  c_w.l(libinit2.o)
    0x00000142   0x00000142   0x00000000   Code   RO          498    .ARM.Collect$$libinit$$0000002E  c_w.l(libinit2.o)
    0x00000142   0x00000142   0x00000000   Code   RO          500    .ARM.Collect$$libinit$$00000030  c_w.l(libinit2.o)
    0x00000142   0x00000142   0x00000000   Code   RO          502    .ARM.Collect$$libinit$$00000032  c_w.l(libinit2.o)
    0x00000142   0x00000142   0x00000000   Code   RO          504    .ARM.Collect$$libinit$$00000034  c_w.l(libinit2.o)
    0x00000142   0x00000142   0x00000002   Code   RO          505    .ARM.Collect$$libinit$$00000035  c_w.l(libinit2.o)
    0x00000144   0x00000144   0x00000002   Code   RO          527    .ARM.Collect$$libshutdown$$00000000  c_w.l(libshutdown.o)
    0x00000146   0x00000146   0x00000000   Code   RO          542    .ARM.Collect$$libshutdown$$00000002  c_w.l(libshutdown2.o)
    0x00000146   0x00000146   0x00000000   Code   RO          544    .ARM.Collect$$libshutdown$$00000004  c_w.l(libshutdown2.o)
    0x00000146   0x00000146   0x00000000   Code   RO          547    .ARM.Collect$$libshutdown$$00000007  c_w.l(libshutdown2.o)
    0x00000146   0x00000146   0x00000000   Code   RO          550    .ARM.Collect$$libshutdown$$0000000A  c_w.l(libshutdown2.o)
    0x00000146   0x00000146   0x00000000   Code   RO          552    .ARM.Collect$$libshutdown$$0000000C  c_w.l(libshutdown2.o)
    0x00000146   0x00000146   0x00000000   Code   RO          555    .ARM.Collect$$libshutdown$$0000000F  c_w.l(libshutdown2.o)
    0x00000146   0x00000146   0x00000002   Code   RO          556    .ARM.Collect$$libshutdown$$00000010  c_w.l(libshutdown2.o)
    0x00000148   0x00000148   0x00000000   Code   RO          413    .ARM.Collect$$rtentry$$00000000  c_w.l(__rtentry.o)
    0x00000148   0x00000148   0x00000000   Code   RO          428    .ARM.Collect$$rtentry$$00000002  c_w.l(__rtentry2.o)
    0x00000148   0x00000148   0x00000006   Code   RO          440    .ARM.Collect$$rtentry$$00000004  c_w.l(__rtentry4.o)
    0x0000014e   0x0000014e   0x00000000   Code   RO          430    .ARM.Collect$$rtentry$$00000009  c_w.l(__rtentry2.o)
    0x0000014e   0x0000014e   0x00000004   Code   RO          431    .ARM.Collect$$rtentry$$0000000A  c_w.l(__rtentry2.o)
    0x00000152   0x00000152   0x00000000   Code   RO          433    .ARM.Collect$$rtentry$$0000000C  c_w.l(__rtentry2.o)
    0x00000152   0x00000152   0x00000008   Code   RO          434    .ARM.Collect$$rtentry$$0000000D  c_w.l(__rtentry2.o)
    0x0000015a   0x0000015a   0x00000002   Code   RO          457    .ARM.Collect$$rtexit$$00000000  c_w.l(rtexit.o)
    0x0000015c   0x0000015c   0x00000000   Code   RO          507    .ARM.Collect$$rtexit$$00000002  c_w.l(rtexit2.o)
    0x0000015c   0x0000015c   0x00000004   Code   RO          508    .ARM.Collect$$rtexit$$00000003  c_w.l(rtexit2.o)
    0x00000160   0x00000160   0x00000006   Code   RO          509    .ARM.Collect$$rtexit$$00000004  c_w.l(rtexit2.o)
    0x00000166   0x00000166   0x00000002   PAD
    0x00000168   0x00000168   0x00000034   Code   RO          364  * .text               startup_lpc17xx.o
    0x0000019c   0x0000019c   0x00000006   Code   RO          385    .text               c_w.l(heapauxi.o)
    0x000001a2   0x000001a2   0x0000004a   Code   RO          444    .text               c_w.l(sys_stackheap_outer.o)
    0x000001ec   0x000001ec   0x00000012   Code   RO          446    .text               c_w.l(exit.o)
    0x000001fe   0x000001fe   0x00000002   PAD
    0x00000200   0x00000200   0x00000008   Code   RO          454    .text               c_w.l(libspace.o)
    0x00000208   0x00000208   0x0000000c   Code   RO          517    .text               c_w.l(sys_exit.o)
    0x00000214   0x00000214   0x00000002   Code   RO          532    .text               c_w.l(use_no_semi.o)
    0x00000216   0x00000216   0x00000000   Code   RO          534    .text               c_w.l(indicate_semi.o)
    0x00000216   0x00000216   0x00000002   PAD
    0x00000218   0x00000218   0x0000001a   Code   RO          191    .text.ADC_IRQHandler  irq_adc.o
    0x00000232   0x00000232   0x00000002   PAD
    0x00000234   0x00000234   0x0000004a   Code   RO          200    .text.ADC_init      lib_adc.o
    0x0000027e   0x0000027e   0x00000002   PAD
    0x00000280   0x00000280   0x00000012   Code   RO          204    .text.ADC_start_conversion  lib_adc.o
    0x00000292   0x00000292   0x00000002   PAD
    0x00000294   0x00000294   0x00000062   Code   RO          117    .text.BUTTON_init   lib_button.o
    0x000002f6   0x000002f6   0x00000006   PAD
    0x000002fc   0x000002fc   0x00000004   Code   RO          362    .ARM.__at_0x02FC    startup_lpc17xx.o
    0x00000300   0x00000300   0x0000004e   Code   RO          275    .text.Clear         view.o
    0x0000034e   0x0000034e   0x00000002   PAD
    0x00000350   0x00000350   0x00000088   Code   RO          279    .text.Draw_Cell     view.o
    0x000003d8   0x000003d8   0x0000008a   Code   RO          271    .text.Draw_Field_Border  view.o
    0x00000462   0x00000462   0x00000002   PAD
    0x00000464   0x00000464   0x0000000e   Code   RO           98    .text.EINT0_IRQHandler  irq_button.o
    0x00000472   0x00000472   0x00000002   PAD
    0x00000474   0x00000474   0x0000006c   Code   RO          100    .text.EINT1_IRQHandler  irq_button.o
    0x000004e0   0x000004e0   0x0000008a   Code   RO          102    .text.EINT2_IRQHandler  irq_button.o
    0x0000056a   0x0000056a   0x00000002   PAD
    0x0000056c   0x0000056c   0x00000098   Code   RO          242    .text.GUI_Text      glcd.o
    0x00000604   0x00000604   0x0000003a   Code   RO          213    .text.GetASCIICode  asciilib.o
    0x0000063e   0x0000063e   0x00000002   PAD
    0x00000640   0x00000640   0x000007ec   Code   RO          228    .text.LCD_Clear     glcd.o
    0x00000e2c   0x00000e2c   0x00000020   Code   RO          224    .text.LCD_Configuration  glcd.o
    0x00000e4c   0x00000e4c   0x00000222   Code   RO          238    .text.LCD_DrawLine  glcd.o
    0x0000106e   0x0000106e   0x00000002   PAD
    0x00001070   0x00001070   0x000001e2   Code   RO          244    .text.LCD_FillRect  glcd.o
    0x00001252   0x00001252   0x00000002   PAD
    0x00001254   0x00001254   0x00002f0a   Code   RO          222    .text.LCD_Initialization  glcd.o
    0x0000415e   0x0000415e   0x00000002   PAD
    0x00004160   0x00004160   0x0000078c   Code   RO          230    .text.LCD_SetCursor  glcd.o
    0x000048ec   0x000048ec   0x00000140   Code   RO          236    .text.LCD_SetPoint  glcd.o
    0x00004a2c   0x00004a2c   0x000000d2   Code   RO          240    .text.PutChar       glcd.o
    0x00004afe   0x00004afe   0x00000002   PAD
    0x00004b00   0x00004b00   0x00000322   Code   RO          162    .text.RIT_IRQHandler  irq_rit.o
    0x00004e22   0x00004e22   0x00000002   PAD
    0x00004e24   0x00004e24   0x000002ca   Code   RO          371    .text.SystemInit    system_lpc17xx.o
    0x000050ee   0x000050ee   0x00000002   PAD
    0x000050f0   0x000050f0   0x0000000e   Code   RO           61    .text.TIMER0_IRQHandler  irq_timer.o
    0x000050fe   0x000050fe   0x00000002   PAD
    0x00005100   0x00005100   0x0000000e   Code   RO           63    .text.TIMER1_IRQHandler  irq_timer.o
    0x0000510e   0x0000510e   0x00000002   PAD
    0x00005110   0x00005110   0x0000000c   Code   RO           65    .text.TIMER2_IRQHandler  irq_timer.o
    0x0000511c   0x0000511c   0x0000001c   Code   RO           67    .text.TIMER3_IRQHandler  irq_timer.o
    0x00005138   0x00005138   0x000000ee   Code   RO          269    .text.TetrisView_Init  view.o
    0x00005226   0x00005226   0x00000002   PAD
    0x00005228   0x00005228   0x0000000e   Code   RO          273    .text.TetrisView_Redraw  view.o
    0x00005236   0x00005236   0x00000002   PAD
    0x00005238   0x00005238   0x00000112   Code   RO          277    .text.TetrisView_Render  view.o
    0x0000534a   0x0000534a   0x00000002   PAD
    0x0000534c   0x0000534c   0x00000250   Code   RO          265    .text.Update_Values  view.o
    0x0000559c   0x0000559c   0x00000030   Code   RO          119    .text.__NVIC_EnableIRQ  lib_button.o
    0x000055cc   0x000055cc   0x00000030   Code   RO          182    .text.__NVIC_EnableIRQ  lib_rit.o
    0x000055fc   0x000055fc   0x00000030   Code   RO          202    .text.__NVIC_EnableIRQ  lib_adc.o
    0x0000562c   0x0000562c   0x00000126   Code   RO           40    .text.activateClearHalf  game.o
    0x00005752   0x00005752   0x00000002   PAD
    0x00005754   0x00005754   0x00000026   Code   RO           44    .text.activateSlowdown  game.o
    0x0000577a   0x0000577a   0x00000002   PAD
    0x0000577c   0x0000577c   0x000001a2   Code   RO           42    .text.addMalusLine  game.o
    0x0000591e   0x0000591e   0x00000002   PAD
    0x00005920   0x00005920   0x000000d2   Code   RO           32    .text.checkCollision  game.o
    0x000059f2   0x000059f2   0x00000002   PAD
    0x000059f4   0x000059f4   0x00000274   Code   RO           46    .text.checkLines    game.o
    0x00005c68   0x00005c68   0x0000004e   Code   RO           26    .text.clearBoard    game.o
    0x00005cb6   0x00005cb6   0x00000002   PAD
    0x00005cb8   0x00005cb8   0x000000a4   Code   RO           48    .text.clearLine     game.o
    0x00005d5c   0x00005d5c   0x00000052   Code   RO          226    .text.delay_ms      glcd.o
    0x00005dae   0x00005dae   0x00000002   PAD
    0x00005db0   0x00005db0   0x00000010   Code   RO          174    .text.enable_RIT    lib_rit.o
    0x00005dc0   0x00005dc0   0x0000005a   Code   RO          180    .text.init_RIT      lib_rit.o
    0x00005e1a   0x00005e1a   0x00000002   PAD
    0x00005e1c   0x00005e1c   0x00000022   Code   RO          154    .text.joystick_init  lib_joystick.o
    0x00005e3e   0x00005e3e   0x00000002   PAD
    0x00005e40   0x00005e40   0x00000154   Code   RO            2    .text.main          main.o
    0x00005f94   0x00005f94   0x00000064   Code   RO           36    .text.processScoring  game.o
    0x00005ff8   0x00005ff8   0x00000060   Code   RO           28    .text.resetGame     game.o
    0x00006058   0x00006058   0x000000ec   Code   RO           30    .text.showNewPiece  game.o
    0x00006144   0x00006144   0x00000108   Code   RO           38    .text.spawnPowerup  game.o
    0x0000624c   0x0000624c   0x000000a6   Code   RO          267    .text.u32_to_str    view.o
    0x000062f2   0x000062f2   0x00000002   PAD
    0x000062f4   0x000062f4   0x0000012e   Code   RO           34    .text.updateDisplay  game.o
    0x00006422   0x00006422   0x00000002   PAD
    0x00006424   0x00006424   0x00000016   Code   RO          246    .text.wait_delay    glcd.o
    0x0000643a   0x0000643a   0x00000002   PAD
    0x0000643c   0x0000643c   0x00000030   Code   RO          342    RANDOM_CODE         random_lfsr.o
    0x0000646c   0x0000646c   0x000005f0   Data   RO          215    .rodata.AsciiLib    asciilib.o
    0x00006a5c   0x00006a5c   0x00000036   Data   RO          282    .rodata.str1.1      view.o
    0x00006a92   0x00006a92   0x00000002   PAD
    0x00006a94   0x00006a94   0x00000020   Data   RO          590    Region$$Table       anon$$obj.o
    0x00006ab4   0x00006ab4   0x000001c0   Data   RO          341    Tetrominoes         tetrominoes.o


    Execution Region ER_RW (Exec base: 0x10000000, Load base: 0x00006c74, Size: 0x000000a4, Max: 0xffffffff, ABSOLUTE)

    Exec Addr    Load Addr    Size         Type   Attr      Idx    E Section Name        Object

    0x10000000   0x00006c74   0x00000004   Data   RW           17    .data.LFSR_STATE    main.o
    0x10000004   0x00006c78   0x00000004   Data   RW          373    .data.SystemFrequency  system_lpc17xx.o
    0x10000008   0x00006c7c   0x00000004   Data   RW           18    .data.base_sps      main.o
    0x1000000c   0x00006c80   0x00000004   Data   RW           14    .data.game_paused   main.o
    0x10000010   0x00006c84   0x00000001   Data   RW          288    .data.lcd_dirty     view.o
    0x10000011   0x00006c85   0x00000001   Data   RW           16    .data.need_redraw   main.o
    0x10000012   0x00006c86   0x00000002   PAD
    0x10000014   0x00006c88   0x00000004   Data   RW          283    .data.prev_high     view.o
    0x10000018   0x00006c8c   0x00000001   Data   RW          165    .data.prev_left     irq_rit.o
    0x10000019   0x00006c8d   0x00000003   PAD
    0x1000001c   0x00006c90   0x00000004   Data   RW          284    .data.prev_lines    view.o
    0x10000020   0x00006c94   0x00000004   Data   RW          285    .data.prev_paused   view.o
    0x10000024   0x00006c98   0x00000001   Data   RW          166    .data.prev_right    irq_rit.o
    0x10000025   0x00006c99   0x00000003   PAD
    0x10000028   0x00006c9c   0x00000004   Data   RW          281    .data.prev_score    view.o
    0x1000002c   0x00006ca0   0x00000004   Data   RW          286    .data.prev_slowdown  view.o
    0x10000030   0x00006ca4   0x00000001   Data   RW          167    .data.prev_up       irq_rit.o
    0x10000031   0x00006ca5   0x00000003   PAD
    0x10000034   0x00006ca8   0x00000070   Data   RW            6    .data.shapes        main.o


    Execution Region ER_ZI (Exec base: 0x100000a8, Load base: 0x00006d18, Size: 0x000005c0, Max: 0xffffffff, ABSOLUTE)

    Exec Addr    Load Addr    Size         Type   Attr      Idx    E Section Name        Object

    0x100000a8        -       0x00000060   Zero   RW          455    .bss                c_w.l(libspace.o)
    0x10000108        -       0x00000002   Zero   RW          193    .bss.ADC_current    irq_adc.o
    0x1000010a        -       0x00000001   Zero   RW          248    .bss.LCD_Code       glcd.o
    0x1000010b        -       0x000000c8   Zero   RW            4    .bss.board          main.o
    0x100001d3   0x00006d18   0x00000001   PAD
    0x100001d4        -       0x00000004   Zero   RW           13    .bss.current_rotation  main.o
    0x100001d8        -       0x00000004   Zero   RW           12    .bss.current_type   main.o
    0x100001dc        -       0x00000004   Zero   RW           10    .bss.current_x      main.o
    0x100001e0        -       0x00000004   Zero   RW           11    .bss.current_y      main.o
    0x100001e4        -       0x000000c8   Zero   RW            5    .bss.display_grid   main.o
    0x100002ac        -       0x00000004   Zero   RW           15    .bss.has_active_piece  main.o
    0x100002b0        -       0x00000004   Zero   RW            8    .bss.high_score     main.o
    0x100002b4        -       0x00000004   Zero   RW            9    .bss.lines_cleared  main.o
    0x100002b8        -       0x00000004   Zero   RW           53    .bss.lines_since_malus  game.o
    0x100002bc        -       0x00000004   Zero   RW           52    .bss.lines_since_powerup  game.o
    0x100002c0        -       0x00000004   Zero   RW          164    .bss.move_counter   irq_rit.o
    0x100002c4        -       0x000000c8   Zero   RW          287    .bss.prev_grid      view.o
    0x1000038c        -       0x00000004   Zero   RW            7    .bss.score          main.o
    0x10000390        -       0x00000004   Zero   RW           50    .bss.slowdown_active  game.o
    0x10000394        -       0x00000004   Zero   RW           51    .bss.slowdown_timer  game.o
    0x10000398        -       0x000000c8   Zero   RW          289    .bss.snap           view.o
    0x10000460        -       0x00000004   Zero   RW           90    .bss.tick           lib_timer.o
    0x10000464   0x00006d18   0x00000004   PAD
    0x10000468        -       0x00000000   Zero   RW          360    HEAP                startup_lpc17xx.o
    0x10000468        -       0x00000200   Zero   RW          359    STACK               startup_lpc17xx.o


==============================================================================

Image component sizes


      Code (inc. data)   RO Data    RW Data    ZI Data      Debug   Object Name

        58          0       1520          0          0        591   asciilib.o
      2828          0          0          0         16       5553   game.o
     17848          0          0          0          1      25798   glcd.o
        26          0          0          0          2       1031   irq_adc.o
       260          0          0          0          0       2067   irq_button.o
       802          0          0          3          4       2825   irq_rit.o
        68          0          0          0          0       1314   irq_timer.o
       140          0          0          0          0       4204   lib_adc.o
       146          0          0          0          0       4887   lib_button.o
        34          0          0          0          0       2451   lib_joystick.o
       154          0          0          0          0       3630   lib_rit.o
         0          0          0          0          4       3687   lib_timer.o
       340          0          0        125        432       1952   main.o
        48         14          0          0          0        380   random_lfsr.o
        56         22        204          0        512        992   startup_lpc17xx.o
       714          8          0          4          0       2085   system_lpc17xx.o
         0          0        448          0          0          0   tetrominoes.o
      1636          0         54         21        400       3153   view.o

    ----------------------------------------------------------------------
     25224         44       2260        164       1376      66600   Object Totals
         0          0         32          0          0          0   (incl. Generated)
        66          0          2         11          5          0   (incl. Padding)

    ----------------------------------------------------------------------

      Code (inc. data)   RO Data    RW Data    ZI Data      Debug   Library Member Name

         8          0          0          0          0         68   __main.o
         0          0          0          0          0          0   __rtentry.o
        12          0          0          0          0          0   __rtentry2.o
         6          0          0          0          0          0   __rtentry4.o
        52          8          0          0          0          0   __scatter.o
        26          0          0          0          0          0   __scatter_copy.o
        28          0          0          0          0          0   __scatter_zi.o
        18          0          0          0          0         80   exit.o
         6          0          0          0          0        152   heapauxi.o
         0          0          0          0          0          0   indicate_semi.o
         2          0          0          0          0          0   libinit.o
         2          0          0          0          0          0   libinit2.o
         2          0          0          0          0          0   libshutdown.o
         2          0          0          0          0          0   libshutdown2.o
         8          4          0          0         96         68   libspace.o
         2          0          0          0          0          0   rtexit.o
        10          0          0          0          0          0   rtexit2.o
        12          4          0          0          0         68   sys_exit.o
        74          0          0          0          0         80   sys_stackheap_outer.o
         2          0          0          0          0         68   use_no_semi.o

    ----------------------------------------------------------------------
       280         16          0          0         96        584   Library Totals
         8          0          0          0          0          0   (incl. Padding)

    ----------------------------------------------------------------------

      Code (inc. data)   RO Data    RW Data    ZI Data      Debug   Library Name

       272         16          0          0         96        584   c_w.l

    ----------------------------------------------------------------------
       280         16          0          0         96        584   Library Totals

    ----------------------------------------------------------------------

==============================================================================


      Code (inc. data)   RO Data    RW Data    ZI Data      Debug   

     25504         60       2260        164       1472      66764   Grand Totals
     25504         60       2260        164       1472      66764   ELF Image Totals
     25504         60       2260        164          0          0   ROM Totals

==============================================================================

    Total RO  Size (Code + RO Data)                27764 (  27.11kB)
    Total RW  Size (RW Data + ZI Data)              1636 (   1.60kB)
    Total ROM Size (Code + RO Data + RW Data)      27928 (  27.27kB)

==============================================================================

