Component: Arm Compiler for Embedded 6.18 Tool: armlink [5e4cc100]

==============================================================================

Section Cross References

    main.o(.text.main) refers to system_lpc17xx.o(.text.SystemInit) for SystemInit
    main.o(.text.main) refers to lib_joystick.o(.text.joystick_init) for joystick_init
    main.o(.text.main) refers to glcd.o(.text.LCD_Initialization) for LCD_Initialization
    main.o(.text.main) refers to lib_button.o(.text.BUTTON_init) for BUTTON_init
    main.o(.text.main) refers to lib_rit.o(.text.init_RIT) for init_RIT
    main.o(.text.main) refers to lib_rit.o(.text.enable_RIT) for enable_RIT
    main.o(.text.main) refers to view.o(.text.TetrisView_Init) for TetrisView_Init
    main.o(.text.main) refers to view.o(.text.TetrisView_Redraw) for TetrisView_Redraw
    main.o(.text.main) refers to random_lfsr.o(RANDOM_CODE) for randomSeed
    main.o(.text.main) refers to game.o(.text.resetGame) for resetGame
    main.o(.text.main) refers to main.o(.bss.score) for score
    main.o(.text.main) refers to main.o(.bss.high_score) for high_score
    main.o(.text.main) refers to main.o(.bss.lines_cleared) for lines_cleared
    main.o(.text.main) refers to main.o(.data.need_redraw) for need_redraw
    main.o(.text.main) refers to game.o(.text.updateDisplay) for updateDisplay
    main.o(.text.main) refers to view.o(.text.TetrisView_Render) for TetrisView_Render
    main.o(.ARM.exidx.text.main) refers to main.o(.text.main) for [Anonymous Symbol]
    main.o(.data.shapes) refers to tetrominoes.o(Tetrominoes) for I_0
    game.o(.text.resetGame) refers to clearboard.o(ClearBoardEmpty) for clearBoard
    game.o(.text.resetGame) refers to main.o(.data.need_redraw) for need_redraw
    game.o(.text.resetGame) refers to main.o(.bss.score) for score
    game.o(.text.resetGame) refers to main.o(.bss.lines_cleared) for lines_cleared
    game.o(.text.resetGame) refers to main.o(.data.game_paused) for game_paused
    game.o(.text.resetGame) refers to main.o(.bss.has_active_piece) for has_active_piece
    game.o(.ARM.exidx.text.resetGame) refers to game.o(.text.resetGame) for [Anonymous Symbol]
    game.o(.text.showNewPiece) refers to random_lfsr.o(RANDOM_CODE) for getRandom
    game.o(.text.showNewPiece) refers to main.o(.bss.current_type) for current_type
    game.o(.text.showNewPiece) refers to main.o(.bss.current_rotation) for current_rotation
    game.o(.text.showNewPiece) refers to main.o(.bss.current_x) for current_x
    game.o(.text.showNewPiece) refers to main.o(.bss.current_y) for current_y
    game.o(.text.showNewPiece) refers to main.o(.bss.has_active_piece) for has_active_piece
    game.o(.text.showNewPiece) refers to game.o(.text.checkCollision) for checkCollision
    game.o(.text.showNewPiece) refers to main.o(.data.game_paused) for game_paused
    game.o(.text.showNewPiece) refers to main.o(.bss.score) for score
    game.o(.text.showNewPiece) refers to main.o(.bss.high_score) for high_score
    game.o(.text.showNewPiece) refers to game.o(.text.resetGame) for resetGame
    game.o(.text.showNewPiece) refers to view.o(.text.TetrisView_Init) for TetrisView_Init
    game.o(.text.showNewPiece) refers to main.o(.data.need_redraw) for need_redraw
    game.o(.ARM.exidx.text.showNewPiece) refers to game.o(.text.showNewPiece) for [Anonymous Symbol]
    game.o(.text.checkCollision) refers to main.o(.bss.current_type) for current_type
    game.o(.text.checkCollision) refers to main.o(.data.shapes) for shapes
    game.o(.text.checkCollision) refers to main.o(.bss.board) for board
    game.o(.ARM.exidx.text.checkCollision) refers to game.o(.text.checkCollision) for [Anonymous Symbol]
    game.o(.text.updateDisplay) refers to main.o(.bss.board) for board
    game.o(.text.updateDisplay) refers to main.o(.bss.display_grid) for display_grid
    game.o(.text.updateDisplay) refers to main.o(.bss.has_active_piece) for has_active_piece
    game.o(.text.updateDisplay) refers to main.o(.bss.current_type) for current_type
    game.o(.text.updateDisplay) refers to main.o(.data.shapes) for shapes
    game.o(.text.updateDisplay) refers to main.o(.bss.current_rotation) for current_rotation
    game.o(.text.updateDisplay) refers to main.o(.bss.current_y) for current_y
    game.o(.text.updateDisplay) refers to main.o(.bss.current_x) for current_x
    game.o(.ARM.exidx.text.updateDisplay) refers to game.o(.text.updateDisplay) for [Anonymous Symbol]
    game.o(.text.processScoring) refers to main.o(.bss.score) for score
    game.o(.ARM.exidx.text.processScoring) refers to game.o(.text.processScoring) for [Anonymous Symbol]
    game.o(.text.checkLines) refers to main.o(.bss.current_type) for current_type
    game.o(.text.checkLines) refers to main.o(.data.shapes) for shapes
    game.o(.text.checkLines) refers to main.o(.bss.current_rotation) for current_rotation
    game.o(.text.checkLines) refers to main.o(.bss.current_y) for current_y
[...]
    startup_lpc17xx.o(RESET) refers to irq_button.o(.text.EINT1_IRQHandler) for EINT1_IRQHandler
    startup_lpc17xx.o(RESET) refers to irq_button.o(.text.EINT2_IRQHandler) for EINT2_IRQHandler
    startup_lpc17xx.o(RESET) refers to irq_adc.o(.text.ADC_IRQHandler) for ADC_IRQHandler
    startup_lpc17xx.o(RESET) refers to irq_rit.o(.text.RIT_IRQHandler) for RIT_IRQHandler
    startup_lpc17xx.o(.ARM.__at_0x02FC) refers (Special) to heapauxi.o(.text) for __use_two_region_memory
    startup_lpc17xx.o(MyData) refers (Special) to heapauxi.o(.text) for __use_two_region_memory
    startup_lpc17xx.o(.text) refers (Special) to heapauxi.o(.text) for __use_two_region_memory
    startup_lpc17xx.o(.text) refers to __main.o(!!!main) for __main
    startup_lpc17xx.o(.text) refers to startup_lpc17xx.o(HEAP) for Heap_Mem
    startup_lpc17xx.o(.text) refers to startup_lpc17xx.o(STACK) for Stack_Mem
    system_lpc17xx.o(.text.SystemInit) refers to system_lpc17xx.o(.data.SystemFrequency) for SystemFrequency
    system_lpc17xx.o(.ARM.exidx.text.SystemInit) refers to system_lpc17xx.o(.text.SystemInit) for [Anonymous Symbol]
    rt_memcpy_v6.o(.text) refers to rt_memcpy_w.o(.text) for __aeabi_memcpy4
    __main.o(!!!main) refers to __rtentry.o(.ARM.Collect$$rtentry$$00000000) for __rt_entry
    daddsub_clz.o(x$fpl$dadd) refers (Special) to usenofp.o(x$fpl$usenofp) for __I$use$fp
    daddsub_clz.o(x$fpl$dadd) refers to daddsub_clz.o(x$fpl$dsub) for _dsub1
    daddsub_clz.o(x$fpl$dadd) refers to dretinf.o(x$fpl$dretinf) for __fpl_dretinf
    daddsub_clz.o(x$fpl$dadd) refers to dnaninf.o(x$fpl$dnaninf) for __fpl_dnaninf
    daddsub_clz.o(x$fpl$drsb) refers (Special) to usenofp.o(x$fpl$usenofp) for __I$use$fp
    daddsub_clz.o(x$fpl$drsb) refers to daddsub_clz.o(x$fpl$dadd) for _dadd1
    daddsub_clz.o(x$fpl$drsb) refers to daddsub_clz.o(x$fpl$dsub) for _dsub1
    daddsub_clz.o(x$fpl$dsub) refers (Special) to usenofp.o(x$fpl$usenofp) for __I$use$fp
    daddsub_clz.o(x$fpl$dsub) refers to daddsub_clz.o(x$fpl$dadd) for _dadd1
    daddsub_clz.o(x$fpl$dsub) refers to dnaninf.o(x$fpl$dnaninf) for __fpl_dnaninf
    dcmp.o(x$fpl$fcmp) refers (Special) to usenofp.o(x$fpl$usenofp) for __I$use$fp
    dcmp.o(x$fpl$fcmp) refers to deqf.o(x$fpl$deqf) for _dcmpeq
    dcmp.o(x$fpl$fcmp) refers to dgeqf.o(x$fpl$dgeqf) for _dcmpge
    dcmp.o(x$fpl$fcmp) refers to dleqf.o(x$fpl$dleqf) for _dcmple
    ddiv.o(x$fpl$drdiv) refers (Special) to usenofp.o(x$fpl$usenofp) for __I$use$fp
    ddiv.o(x$fpl$drdiv) refers to ddiv.o(x$fpl$ddiv) for ddiv_entry
    ddiv.o(x$fpl$ddiv) refers (Special) to usenofp.o(x$fpl$usenofp) for __I$use$fp
    ddiv.o(x$fpl$ddiv) refers to dretinf.o(x$fpl$dretinf) for __fpl_dretinf
    ddiv.o(x$fpl$ddiv) refers to dnaninf.o(x$fpl$dnaninf) for __fpl_dnaninf
    dfix.o(x$fpl$dfix) refers (Special) to usenofp.o(x$fpl$usenofp) for __I$use$fp
    dfix.o(x$fpl$dfix) refers to dnaninf.o(x$fpl$dnaninf) for __fpl_dnaninf
    dfix.o(x$fpl$dfixr) refers (Special) to usenofp.o(x$fpl$usenofp) for __I$use$fp
    dfix.o(x$fpl$dfixr) refers to dnaninf.o(x$fpl$dnaninf) for __fpl_dnaninf
    dflt_clz.o(x$fpl$dfltu) refers (Special) to usenofp.o(x$fpl$usenofp) for __I$use$fp
    dflt_clz.o(x$fpl$dflt) refers (Special) to usenofp.o(x$fpl$usenofp) for __I$use$fp
    dflt_clz.o(x$fpl$dfltn) refers (Special) to usenofp.o(x$fpl$usenofp) for __I$use$fp
    dmul.o(x$fpl$dmul) refers (Special) to usenofp.o(x$fpl$usenofp) for __I$use$fp
    dmul.o(x$fpl$dmul) refers to dretinf.o(x$fpl$dretinf) for __fpl_dretinf
    dmul.o(x$fpl$dmul) refers to dnaninf.o(x$fpl$dnaninf) for __fpl_dnaninf
    __rtentry.o(.ARM.Collect$$rtentry$$00000000) refers (Special) to __rtentry2.o(.ARM.Collect$$rtentry$$0000000A) for __rt_entry_li
    __rtentry.o(.ARM.Collect$$rtentry$$00000000) refers (Special) to __rtentry2.o(.ARM.Collect$$rtentry$$0000000D) for __rt_entry_main
    __rtentry.o(.ARM.Collect$$rtentry$$00000000) refers (Special) to __rtentry2.o(.ARM.Collect$$rtentry$$0000000C) for __rt_entry_postli_1
    __rtentry.o(.ARM.Collect$$rtentry$$00000000) refers (Special) to __rtentry2.o(.ARM.Collect$$rtentry$$00000009) for __rt_entry_postsh_1
    __rtentry.o(.ARM.Collect$$rtentry$$00000000) refers (Special) to __rtentry2.o(.ARM.Collect$$rtentry$$00000002) for __rt_entry_presh_1
    __rtentry.o(.ARM.Collect$$rtentry$$00000000) refers (Special) to __rtentry4.o(.ARM.Collect$$rtentry$$00000004) for __rt_entry_sh
    deqf.o(x$fpl$deqf) refers (Special) to usenofp.o(x$fpl$usenofp) for __I$use$fp
    deqf.o(x$fpl$deqf) refers to dnaninf.o(x$fpl$dnaninf) for __fpl_dnaninf
    deqf.o(x$fpl$deqf) refers to dcmpi.o(x$fpl$dcmpinf) for __fpl_dcmp_Inf
    dgeqf.o(x$fpl$dgeqf) refers (Special) to usenofp.o(x$fpl$usenofp) for __I$use$fp
    dgeqf.o(x$fpl$dgeqf) refers to dnaninf.o(x$fpl$dnaninf) for __fpl_dnaninf
    dgeqf.o(x$fpl$dgeqf) refers to dcmpi.o(x$fpl$dcmpinf) for __fpl_dcmp_Inf
    dleqf.o(x$fpl$dleqf) refers (Special) to usenofp.o(x$fpl$usenofp) for __I$use$fp
    dleqf.o(x$fpl$dleqf) refers to dnaninf.o(x$fpl$dnaninf) for __fpl_dnaninf
    dleqf.o(x$fpl$dleqf) refers to dcmpi.o(x$fpl$dcmpinf) for __fpl_dcmp_Inf
    dnaninf.o(x$fpl$dnaninf) refers (Special) to usenofp.o(x$fpl$usenofp) for __I$use$fp
    dretinf.o(x$fpl$dretinf) refers (Special) to usenofp.o(x$fpl$usenofp) for __I$use$fp
    __rtentry2.o(.ARM.Collect$$rtentry$$00000008) refers to boardinit2.o(.text) for _platform_post_stackheap_init
    __rtentry2.o(.ARM.Collect$$rtentry$$0000000A) refers to libinit.o(.ARM.Collect$$libinit$$00000000) for __rt_lib_init
    __rtentry2.o(.ARM.Collect$$rtentry$$0000000B) refers to boardinit3.o(.text) for _platform_post_lib_init
    __rtentry2.o(.ARM.Collect$$rtentry$$0000000D) refers to main.o(.text.main) for main
    __rtentry2.o(.ARM.Collect$$rtentry$$0000000D) refers to exit.o(.text) for exit
    __rtentry2.o(.ARM.exidx) refers to __rtentry2.o(.ARM.Collect$$rtentry$$00000001) for .ARM.Collect$$rtentry$$00000001
    __rtentry2.o(.ARM.exidx) refers to __rtentry2.o(.ARM.Collect$$rtentry$$00000008) for .ARM.Collect$$rtentry$$00000008
    __rtentry2.o(.ARM.exidx) refers to __rtentry2.o(.ARM.Collect$$rtentry$$0000000A) for .ARM.Collect$$rtentry$$0000000A
    __rtentry2.o(.ARM.exidx) refers to __rtentry2.o(.ARM.Collect$$rtentry$$0000000B) for .ARM.Collect$$rtentry$$0000000B
    __rtentry2.o(.ARM.exidx) refers to __rtentry2.o(.ARM.Collect$$rtentry$$0000000D) for .ARM.Collect$$rtentry$$0000000D
    __rtentry4.o(.ARM.Collect$$rtentry$$00000004) refers to sys_stackheap_outer.o(.text) for __user_setup_stackheap
    __rtentry4.o(.ARM.exidx) refers to __rtentry4.o(.ARM.Collect$$rtentry$$00000004) for .ARM.Collect$$rtentry$$00000004
    dcmpi.o(x$fpl$dcmpinf) refers (Special) to usenofp.o(x$fpl$usenofp) for __I$use$fp
    sys_stackheap_outer.o(.text) refers to libspace.o(.text) for __user_perproc_libspace
    sys_stackheap_outer.o(.text) refers to startup_lpc17xx.o(.text) for __user_initial_stackheap
    exit.o(.text) refers to rtexit.o(.ARM.Collect$$rtexit$$00000000) for __rt_exit
    libinit.o(.ARM.Collect$$libinit$$00000000) refers (Special) to libinit2.o(.ARM.Collect$$libinit$$00000030) for __rt_lib_init_alloca_1
    libinit.o(.ARM.Collect$$libinit$$00000000) refers (Special) to libinit2.o(.ARM.Collect$$libinit$$0000002E) for __rt_lib_init_argv_1
    libinit.o(.ARM.Collect$$libinit$$00000000) refers (Special) to libinit2.o(.ARM.Collect$$libinit$$0000001D) for __rt_lib_init_atexit_1
    libinit.o(.ARM.Collect$$libinit$$00000000) refers (Special) to libinit2.o(.ARM.Collect$$libinit$$00000023) for __rt_lib_init_clock_1
    libinit.o(.ARM.Collect$$libinit$$00000000) refers (Special) to libinit2.o(.ARM.Collect$$libinit$$00000034) for __rt_lib_init_cpp_1
    libinit.o(.ARM.Collect$$libinit$$00000000) refers (Special) to libinit2.o(.ARM.Collect$$libinit$$00000032) for __rt_lib_init_exceptions_1
    libinit.o(.ARM.Collect$$libinit$$00000000) refers (Special) to libinit2.o(.ARM.Collect$$libinit$$00000002) for __rt_lib_init_fp_1
    libinit.o(.ARM.Collect$$libinit$$00000000) refers (Special) to libinit2.o(.ARM.Collect$$libinit$$00000021) for __rt_lib_init_fp_trap_1
    libinit.o(.ARM.Collect$$libinit$$00000000) refers (Special) to libinit2.o(.ARM.Collect$$libinit$$00000025) for __rt_lib_init_getenv_1
    libinit.o(.ARM.Collect$$libinit$$00000000) refers (Special) to libinit2.o(.ARM.Collect$$libinit$$0000000C) for __rt_lib_init_heap_1
    libinit.o(.ARM.Collect$$libinit$$00000000) refers (Special) to libinit2.o(.ARM.Collect$$libinit$$00000013) for __rt_lib_init_lc_collate_1
    libinit.o(.ARM.Collect$$libinit$$00000000) refers (Special) to libinit2.o(.ARM.Collect$$libinit$$00000015) for __rt_lib_init_lc_ctype_1
    libinit.o(.ARM.Collect$$libinit$$00000000) refers (Special) to libinit2.o(.ARM.Collect$$libinit$$00000017) for __rt_lib_init_lc_monetary_1
    libinit.o(.ARM.Collect$$libinit$$00000000) refers (Special) to libinit2.o(.ARM.Collect$$libinit$$00000019) for __rt_lib_init_lc_numeric_1
    libinit.o(.ARM.Collect$$libinit$$00000000) refers (Special) to libinit2.o(.ARM.Collect$$libinit$$0000001B) for __rt_lib_init_lc_time_1
    libinit.o(.ARM.Collect$$libinit$$00000000) refers (Special) to libinit2.o(.ARM.Collect$$libinit$$00000006) for __rt_lib_init_preinit_1
    libinit.o(.ARM.Collect$$libinit$$00000000) refers (Special) to libinit2.o(.ARM.Collect$$libinit$$00000010) for __rt_lib_init_rand_1
    libinit.o(.ARM.Collect$$libinit$$00000000) refers (Special) to libinit2.o(.ARM.Collect$$libinit$$00000004) for __rt_lib_init_relocate_pie_1
    libinit.o(.ARM.Collect$$libinit$$00000000) refers (Special) to libinit2.o(.ARM.Collect$$libinit$$00000035) for __rt_lib_init_return
    libinit.o(.ARM.Collect$$libinit$$00000000) refers (Special) to libinit2.o(.ARM.Collect$$libinit$$0000001F) for __rt_lib_init_signal_1
    libinit.o(.ARM.Collect$$libinit$$00000000) refers (Special) to libinit2.o(.ARM.Collect$$libinit$$00000027) for __rt_lib_init_stdio_1
    libinit.o(.ARM.Collect$$libinit$$00000000) refers (Special) to libinit2.o(.ARM.Collect$$libinit$$0000000E) for __rt_lib_init_user_alloc_1
    libspace.o(.text) refers to libspace.o(.bss) for __libspace_start
    rtexit.o(.ARM.Collect$$rtexit$$00000000) refers (Special) to rtexit2.o(.ARM.Collect$$rtexit$$00000004) for __rt_exit_exit
    rtexit.o(.ARM.Collect$$rtexit$$00000000) refers (Special) to rtexit2.o(.ARM.Collect$$rtexit$$00000003) for __rt_exit_ls
    rtexit.o(.ARM.Collect$$rtexit$$00000000) refers (Special) to rtexit2.o(.ARM.Collect$$rtexit$$00000002) for __rt_exit_prels_1
    rtexit.o(.ARM.exidx) refers (Special) to rtexit2.o(.ARM.Collect$$rtexit$$00000004) for __rt_exit_exit
    rtexit.o(.ARM.exidx) refers (Special) to rtexit2.o(.ARM.Collect$$rtexit$$00000003) for __rt_exit_ls
    rtexit.o(.ARM.exidx) refers (Special) to rtexit2.o(.ARM.Collect$$rtexit$$00000002) for __rt_exit_prels_1
    rtexit.o(.ARM.exidx) refers to rtexit.o(.ARM.Collect$$rtexit$$00000000) for .ARM.Collect$$rtexit$$00000000
    libinit2.o(.ARM.Collect$$libinit$$00000012) refers to libinit2.o(.ARM.Collect$$libinit$$00000011) for .ARM.Collect$$libinit$$00000011
    libinit2.o(.ARM.Collect$$libinit$$00000014) refers to libinit2.o(.ARM.Collect$$libinit$$00000011) for .ARM.Collect$$libinit$$00000011
    libinit2.o(.ARM.Collect$$libinit$$00000016) refers to libinit2.o(.ARM.Collect$$libinit$$00000011) for .ARM.Collect$$libinit$$00000011
    libinit2.o(.ARM.Collect$$libinit$$00000018) refers to libinit2.o(.ARM.Collect$$libinit$$00000011) for .ARM.Collect$$libinit$$00000011
    libinit2.o(.ARM.Collect$$libinit$$0000001A) refers to libinit2.o(.ARM.Collect$$libinit$$00000011) for .ARM.Collect$$libinit$$00000011
    libinit2.o(.ARM.Collect$$libinit$$00000028) refers to argv_veneer.o(.emb_text) for __ARM_argv_veneer
    libinit2.o(.ARM.Collect$$libinit$$00000029) refers to argv_veneer.o(.emb_text) for __ARM_argv_veneer
    rtexit2.o(.ARM.Collect$$rtexit$$00000003) refers to libshutdown.o(.ARM.Collect$$libshutdown$$00000000) for __rt_lib_shutdown
    rtexit2.o(.ARM.Collect$$rtexit$$00000004) refers to sys_exit.o(.text) for _sys_exit
    rtexit2.o(.ARM.exidx) refers to rtexit2.o(.ARM.Collect$$rtexit$$00000001) for .ARM.Collect$$rtexit$$00000001
    rtexit2.o(.ARM.exidx) refers to rtexit2.o(.ARM.Collect$$rtexit$$00000003) for .ARM.Collect$$rtexit$$00000003
    rtexit2.o(.ARM.exidx) refers to rtexit2.o(.ARM.Collect$$rtexit$$00000004) for .ARM.Collect$$rtexit$$00000004
    argv_veneer.o(.emb_text) refers to no_argv.o(.text) for __ARM_get_argv
    sys_exit.o(.text) refers (Special) to use_no_semi.o(.text) for __I$use$semihosting
    sys_exit.o(.text) refers (Special) to indicate_semi.o(.text) for __semihosting_library_function
    sys_exit_hlt.o(.text) refers (Special) to use_no_semi.o(.text) for __I$use$semihosting
    sys_exit_hlt.o(.text) refers (Special) to indicate_semi.o(.text) for __semihosting_library_function
    _get_argv_nomalloc.o(.text) refers (Special) to hrguard.o(.text) for __heap_region$guard
    _get_argv_nomalloc.o(.text) refers to defsig_rtmem_outer.o(.text) for __rt_SIGRTMEM
    _get_argv_nomalloc.o(.text) refers to sys_command.o(.text) for _sys_command_string
    libshutdown.o(.ARM.Collect$$libshutdown$$00000000) refers (Special) to libshutdown2.o(.ARM.Collect$$libshutdown$$00000002) for __rt_lib_shutdown_cpp_1
    libshutdown.o(.ARM.Collect$$libshutdown$$00000000) refers (Special) to libshutdown2.o(.ARM.Collect$$libshutdown$$00000007) for __rt_lib_shutdown_fp_trap_1
    libshutdown.o(.ARM.Collect$$libshutdown$$00000000) refers (Special) to libshutdown2.o(.ARM.Collect$$libshutdown$$0000000F) for __rt_lib_shutdown_heap_1
    libshutdown.o(.ARM.Collect$$libshutdown$$00000000) refers (Special) to libshutdown2.o(.ARM.Collect$$libshutdown$$00000010) for __rt_lib_shutdown_return
    libshutdown.o(.ARM.Collect$$libshutdown$$00000000) refers (Special) to libshutdown2.o(.ARM.Collect$$libshutdown$$0000000A) for __rt_lib_shutdown_signal_1
    libshutdown.o(.ARM.Collect$$libshutdown$$00000000) refers (Special) to libshutdown2.o(.ARM.Collect$$libshutdown$$00000004) for __rt_lib_shutdown_stdio_1
    libshutdown.o(.ARM.Collect$$libshutdown$$00000000) refers (Special) to libshutdown2.o(.ARM.Collect$$libshutdown$$0000000C) for __rt_lib_shutdown_user_alloc_1
    sys_command.o(.text) refers (Special) to use_no_semi.o(.text) for __I$use$semihosting
    sys_command.o(.text) refers (Special) to indicate_semi.o(.text) for __semihosting_library_function
    sys_command_hlt.o(.text) refers (Special) to use_no_semi.o(.text) for __I$use$semihosting
    sys_command_hlt.o(.text) refers (Special) to indicate_semi.o(.text) for __semihosting_library_function
    defsig_rtmem_outer.o(.text) refers to defsig_rtmem_inner.o(.text) for __rt_SIGRTMEM_inner
    defsig_rtmem_outer.o(.text) refers to defsig_exit.o(.text) for __sig_exit
    defsig_rtmem_formal.o(.text) refers to rt_raise.o(.text) for __rt_raise
    rt_raise.o(.text) refers to __raise.o(.text) for __raise
    rt_raise.o(.text) refers to sys_exit.o(.text) for _sys_exit
    defsig_exit.o(.text) refers to sys_exit.o(.text) for _sys_exit
    defsig_rtmem_inner.o(.text) refers to defsig_general.o(.text) for __default_signal_display
    __raise.o(.text) refers to defsig.o(CL$$defsig) for __default_signal_handler
    defsig_general.o(.text) refers to sys_wrch.o(.text) for _ttywrch
    sys_wrch.o(.text) refers (Special) to use_no_semi.o(.text) for __I$use$semihosting
    sys_wrch.o(.text) refers (Special) to indicate_semi.o(.text) for __semihosting_library_function
    sys_wrch_hlt.o(.text) refers (Special) to use_no_semi.o(.text) for __I$use$semihosting
    sys_wrch_hlt.o(.text) refers (Special) to indicate_semi.o(.text) for __semihosting_library_function
    defsig.o(CL$$defsig) refers to defsig_rtmem_inner.o(.text) for __rt_SIGRTMEM_inner
    defsig_abrt_inner.o(.text) refers to defsig_general.o(.text) for __default_signal_display
    defsig_fpe_inner.o(.text) refers to defsig_general.o(.text) for __default_signal_display
    defsig_rtred_inner.o(.text) refers to defsig_general.o(.text) for __default_signal_display
    defsig_stak_inner.o(.text) refers to defsig_general.o(.text) for __default_signal_display
    defsig_pvfn_inner.o(.text) refers to defsig_general.o(.text) for __default_signal_display
    defsig_cppl_inner.o(.text) refers to defsig_general.o(.text) for __default_signal_display
    defsig_segv_inner.o(.text) refers to defsig_general.o(.text) for __default_signal_display
    defsig_other.o(.text) refers to defsig_general.o(.text) for __default_signal_display


==============================================================================

Removing Unused input sections from the image.

    Removing main.o(.text), (0 bytes).
    Removing main.o(.ARM.exidx.text.main), (8 bytes).
    Removing main.o(.bss.rit_tick), (1 bytes).
    Removing main.o(.ARM.use_no_argv), (4 bytes).
    Removing game.o(.text), (0 bytes).
    Removing game.o(.ARM.exidx.text.resetGame), (8 bytes).
    Removing game.o(.ARM.exidx.text.showNewPiece), (8 bytes).
    Removing game.o(.ARM.exidx.text.checkCollision), (8 bytes).
    Removing game.o(.ARM.exidx.text.updateDisplay), (8 bytes).
    Removing game.o(.ARM.exidx.text.processScoring), (8 bytes).
    Removing game.o(.ARM.exidx.text.checkLines), (8 bytes).
    Removing game.o(.ARM.exidx.text.clearLine), (8 bytes).
    Removing irq_timer.o(.text), (0 bytes).
    Removing irq_timer.o(.ARM.exidx.text.TIMER0_IRQHandler), (8 bytes).
    Removing irq_timer.o(.ARM.exidx.text.TIMER1_IRQHandler), (8 bytes).
    Removing irq_timer.o(.ARM.exidx.text.TIMER2_IRQHandler), (8 bytes).
    Removing irq_timer.o(.ARM.exidx.text.TIMER3_IRQHandler), (8 bytes).
    Removing lib_timer.o(.text), (0 bytes).
    Removing lib_timer.o(.text.enable_timer), (108 bytes).
    Removing lib_timer.o(.ARM.exidx.text.enable_timer), (8 bytes).
    Removing lib_timer.o(.text.read_timer), (116 bytes).
    Removing lib_timer.o(.ARM.exidx.text.read_timer), (8 bytes).
    Removing lib_timer.o(.text.disable_timer), (108 bytes).
    Removing lib_timer.o(.ARM.exidx.text.disable_timer), (8 bytes).
    Removing lib_timer.o(.text.reset_timer), (156 bytes).
    Removing lib_timer.o(.ARM.exidx.text.reset_timer), (8 bytes).
    Removing lib_timer.o(.text.init_timer_SRI), (210 bytes).
    Removing lib_timer.o(.ARM.exidx.text.init_timer_SRI), (8 bytes).
    Removing lib_timer.o(.text.__NVIC_EnableIRQ), (48 bytes).
    Removing lib_timer.o(.ARM.exidx.text.__NVIC_EnableIRQ), (8 bytes).
    Removing lib_timer.o(.text.delay_ms), (46 bytes).
    Removing lib_timer.o(.ARM.exidx.text.delay_ms), (8 bytes).
    Removing irq_button.o(.text), (0 bytes).
    Removing irq_button.o(.ARM.exidx.text.EINT0_IRQHandler), (8 bytes).
    Removing irq_button.o(.ARM.exidx.text.EINT1_IRQHandler), (8 bytes).
    Removing irq_button.o(.ARM.exidx.text.EINT2_IRQHandler), (8 bytes).
    Removing irq_button.o(.bss.last_tick0), (4 bytes).
    Removing irq_button.o(.data.state0), (4 bytes).
    Removing irq_button.o(.bss.last_tick1), (4 bytes).
    Removing irq_button.o(.data.state1), (4 bytes).
    Removing irq_button.o(.bss.last_tick2), (4 bytes).
    Removing irq_button.o(.data.state2), (4 bytes).
    Removing lib_button.o(.text), (0 bytes).
    Removing lib_button.o(.ARM.exidx.text.BUTTON_init), (8 bytes).
    Removing lib_button.o(.ARM.exidx.text.__NVIC_EnableIRQ), (8 bytes).
    Removing funct_led.o(.text), (0 bytes).
    Removing funct_led.o(.text.LED_On), (48 bytes).
    Removing funct_led.o(.ARM.exidx.text.LED_On), (8 bytes).
    Removing funct_led.o(.text.LED_Off), (48 bytes).
    Removing funct_led.o(.ARM.exidx.text.LED_Off), (8 bytes).
    Removing funct_led.o(.text.LED_Out), (74 bytes).
    Removing funct_led.o(.ARM.exidx.text.LED_Out), (8 bytes).
    Removing funct_led.o(.rodata.led_mask), (32 bytes).
    Removing lib_led.o(.text), (0 bytes).
    Removing lib_led.o(.text.LED_init), (60 bytes).
    Removing lib_led.o(.ARM.exidx.text.LED_init), (8 bytes).
    Removing lib_led.o(.text.LED_deinit), (18 bytes).
    Removing lib_led.o(.ARM.exidx.text.LED_deinit), (8 bytes).
    Removing lib_led.o(.bss.led_value), (1 bytes).
    Removing lib_joystick.o(.text), (0 bytes).
    Removing lib_joystick.o(.ARM.exidx.text.joystick_init), (8 bytes).
    Removing irq_rit.o(.text), (0 bytes).
    Removing irq_rit.o(.ARM.exidx.text.RIT_IRQHandler), (8 bytes).
    Removing lib_rit.o(.text), (0 bytes).
    Removing lib_rit.o(.ARM.exidx.text.enable_RIT), (8 bytes).
    Removing lib_rit.o(.text.disable_RIT), (14 bytes).
    Removing lib_rit.o(.ARM.exidx.text.disable_RIT), (8 bytes).
    Removing lib_rit.o(.text.reset_RIT), (12 bytes).
    Removing lib_rit.o(.ARM.exidx.text.reset_RIT), (8 bytes).
    Removing lib_rit.o(.ARM.exidx.text.init_RIT), (8 bytes).
    Removing lib_rit.o(.ARM.exidx.text.__NVIC_EnableIRQ), (8 bytes).
    Removing irq_adc.o(.text), (0 bytes).
    Removing irq_adc.o(.ARM.exidx.text.ADC_IRQHandler), (8 bytes).
    Removing lib_adc.o(.text), (0 bytes).
    Removing lib_adc.o(.text.ADC_init), (74 bytes).
    Removing lib_adc.o(.ARM.exidx.text.ADC_init), (8 bytes).
    Removing lib_adc.o(.text.__NVIC_EnableIRQ), (48 bytes).
    Removing lib_adc.o(.ARM.exidx.text.__NVIC_EnableIRQ), (8 bytes).
    Removing lib_adc.o(.text.ADC_start_conversion), (18 bytes).
    Removing lib_adc.o(.ARM.exidx.text.ADC_start_conversion), (8 bytes).
    Removing asciilib.o(.text), (0 bytes).
    Removing asciilib.o(.ARM.exidx.text.GetASCIICode), (8 bytes).
    Removing glcd.o(.text), (0 bytes).
    Removing glcd.o(.ARM.exidx.text.LCD_Initialization), (8 bytes).
    Removing glcd.o(.ARM.exidx.text.LCD_Configuration), (8 bytes).
    Removing glcd.o(.ARM.exidx.text.delay_ms), (8 bytes).
    Removing glcd.o(.ARM.exidx.text.LCD_Clear), (8 bytes).
    Removing glcd.o(.ARM.exidx.text.LCD_SetCursor), (8 bytes).
    Removing glcd.o(.text.LCD_GetPoint), (1324 bytes).
    Removing glcd.o(.ARM.exidx.text.LCD_GetPoint), (8 bytes).
    Removing glcd.o(.text.LCD_BGR2RGB), (72 bytes).
    Removing glcd.o(.ARM.exidx.text.LCD_BGR2RGB), (8 bytes).
    Removing glcd.o(.ARM.exidx.text.LCD_SetPoint), (8 bytes).
    Removing glcd.o(.ARM.exidx.text.LCD_DrawLine), (8 bytes).
    Removing glcd.o(.ARM.exidx.text.PutChar), (8 bytes).
    Removing glcd.o(.ARM.exidx.text.GUI_Text), (8 bytes).
    Removing glcd.o(.ARM.exidx.text.LCD_FillRect), (8 bytes).
    Removing glcd.o(.ARM.exidx.text.wait_delay), (8 bytes).
    Removing hzlib.o(.text), (0 bytes).
    Removing hzlib.o(.text.GetGBKCode), (68 bytes).
    Removing hzlib.o(.ARM.exidx.text.GetGBKCode), (8 bytes).
    Removing hzlib.o(.rodata.HzLib), (216576 bytes).
    Removing view.o(.text), (0 bytes).
    Removing view.o(.ARM.exidx.text.TetrisView_Init), (8 bytes).
    Removing view.o(.ARM.exidx.text.Draw_Field_Border), (8 bytes).
    Removing view.o(.ARM.exidx.text.TetrisView_Redraw), (8 bytes).
    Removing view.o(.ARM.exidx.text.TetrisView_Render), (8 bytes).
    Removing view.o(.ARM.exidx.text.Draw_Cell), (8 bytes).
    Removing view.o(.ARM.exidx.text.u32_to_str), (8 bytes).
    Removing touchpanel.o(.text), (0 bytes).
    Removing touchpanel.o(.text.LPC17xx_SPI_SetSpeed), (52 bytes).
    Removing touchpanel.o(.ARM.exidx.text.LPC17xx_SPI_SetSpeed), (8 bytes).
    Removing touchpanel.o(.text.TP_Init), (48 bytes).
    Removing touchpanel.o(.ARM.exidx.text.TP_Init), (8 bytes).
    Removing touchpanel.o(.text.ADS7843_SPI_Init), (148 bytes).
    Removing touchpanel.o(.ARM.exidx.text.ADS7843_SPI_Init), (8 bytes).
    Removing touchpanel.o(.text.Read_X), (64 bytes).
    Removing touchpanel.o(.ARM.exidx.text.Read_X), (8 bytes).
    Removing touchpanel.o(.text.DelayUS), (58 bytes).
    Removing touchpanel.o(.ARM.exidx.text.DelayUS), (8 bytes).
    Removing touchpanel.o(.text.WR_CMD), (98 bytes).
    Removing touchpanel.o(.ARM.exidx.text.WR_CMD), (8 bytes).
    Removing touchpanel.o(.text.RD_AD), (86 bytes).
    Removing touchpanel.o(.ARM.exidx.text.RD_AD), (8 bytes).
    Removing touchpanel.o(.text.Read_Y), (64 bytes).
    Removing touchpanel.o(.ARM.exidx.text.Read_Y), (8 bytes).
    Removing touchpanel.o(.text.TP_GetAdXY), (42 bytes).
    Removing touchpanel.o(.ARM.exidx.text.TP_GetAdXY), (8 bytes).
    Removing touchpanel.o(.text.TP_DrawPoint), (32 bytes).
    Removing touchpanel.o(.ARM.exidx.text.TP_DrawPoint), (8 bytes).
    Removing touchpanel.o(.text.DrawCross), (434 bytes).
    Removing touchpanel.o(.ARM.exidx.text.DrawCross), (8 bytes).
    Removing touchpanel.o(.text.DeleteCross), (428 bytes).
    Removing touchpanel.o(.ARM.exidx.text.DeleteCross), (8 bytes).
    Removing touchpanel.o(.text.Read_Ads7846), (808 bytes).
    Removing touchpanel.o(.ARM.exidx.text.Read_Ads7846), (8 bytes).
    Removing touchpanel.o(.text.setCalibrationMatrix), (464 bytes).
    Removing touchpanel.o(.ARM.exidx.text.setCalibrationMatrix), (8 bytes).
    Removing touchpanel.o(.text.getDisplayPoint), (314 bytes).
    Removing touchpanel.o(.ARM.exidx.text.getDisplayPoint), (8 bytes).
    Removing touchpanel.o(.text.TouchPanel_Calibrate), (218 bytes).
    Removing touchpanel.o(.ARM.exidx.text.TouchPanel_Calibrate), (8 bytes).
    Removing touchpanel.o(.data.DisplaySample), (12 bytes).
    Removing touchpanel.o(.bss.Read_Ads7846.screen), (4 bytes).
    Removing touchpanel.o(.rodata.str1.1), (29 bytes).
    Removing touchpanel.o(.bss.ScreenSample), (12 bytes).
    Removing touchpanel.o(.bss.matrix), (56 bytes).
    Removing touchpanel.o(.bss.display), (4 bytes).
    Removing dac.o(.text), (0 bytes).
    Removing dac.o(.text.DAC_init), (42 bytes).
    Removing dac.o(.ARM.exidx.text.DAC_init), (8 bytes).
    Removing dac.o(.text.DAC_write), (26 bytes).
    Removing dac.o(.ARM.exidx.text.DAC_write), (8 bytes).
    Removing startup_lpc17xx.o(MyData), (212 bytes).
    Removing system_lpc17xx.o(.text), (0 bytes).
    Removing system_lpc17xx.o(.ARM.exidx.text.SystemInit), (8 bytes).

156 unused section(s) (total 223703 bytes) removed from the image.

==============================================================================

Image Symbol Table

    Local Symbols

    Symbol Name                              Value     Ov Type        Size  Object(Section)

    ../clib/angel/boardlib.s                 0x00000000   Number         0  boardinit1.o ABSOLUTE
    ../clib/angel/boardlib.s                 0x00000000   Number         0  boardinit2.o ABSOLUTE
    ../clib/angel/boardlib.s                 0x00000000   Number         0  boardinit3.o ABSOLUTE
    ../clib/angel/boardlib.s                 0x00000000   Number         0  boardshut.o ABSOLUTE
    ../clib/angel/handlers.s                 0x00000000   Number         0  __scatter_copy.o ABSOLUTE
    ../clib/angel/handlers.s                 0x00000000   Number         0  __scatter_zi.o ABSOLUTE
    ../clib/angel/kernel.s                   0x00000000   Number         0  __rtentry.o ABSOLUTE
    ../clib/angel/kernel.s                   0x00000000   Number         0  __rtentry2.o ABSOLUTE
    ../clib/angel/kernel.s                   0x00000000   Number         0  __rtentry4.o ABSOLUTE
    ../clib/angel/kernel.s                   0x00000000   Number         0  rtexit.o ABSOLUTE
    ../clib/angel/kernel.s                   0x00000000   Number         0  rtexit2.o ABSOLUTE
    ../clib/angel/rt.s                       0x00000000   Number         0  rt_raise.o ABSOLUTE
    ../clib/angel/scatter.s                  0x00000000   Number         0  __scatter.o ABSOLUTE
    ../clib/angel/startup.s                  0x00000000   Number         0  __main.o ABSOLUTE
    ../clib/angel/sys.s                      0x00000000   Number         0  sys_stackheap_outer.o ABSOLUTE
    ../clib/angel/sys.s                      0x00000000   Number         0  libspace.o ABSOLUTE
    ../clib/angel/sys.s                      0x00000000   Number         0  use_no_semi.o ABSOLUTE
    ../clib/angel/sys.s                      0x00000000   Number         0  indicate_semi.o ABSOLUTE
    ../clib/angel/sysapp.c                   0x00000000   Number         0  sys_exit.o ABSOLUTE
    ../clib/angel/sysapp.c                   0x00000000   Number         0  sys_exit_hlt.o ABSOLUTE
    ../clib/angel/sysapp.c                   0x00000000   Number         0  sys_command.o ABSOLUTE
    ../clib/angel/sysapp.c                   0x00000000   Number         0  sys_command_hlt.o ABSOLUTE
    ../clib/angel/sysapp.c                   0x00000000   Number         0  sys_wrch.o ABSOLUTE
    ../clib/angel/sysapp.c                   0x00000000   Number         0  sys_wrch_hlt.o ABSOLUTE
    ../clib/armsys.c                         0x00000000   Number         0  argv_veneer.o ABSOLUTE
    ../clib/armsys.c                         0x00000000   Number         0  argv_veneer.o ABSOLUTE
    ../clib/armsys.c                         0x00000000   Number         0  _get_argv_nomalloc.o ABSOLUTE
    ../clib/armsys.c                         0x00000000   Number         0  no_argv.o ABSOLUTE
    ../clib/heapalloc.c                      0x00000000   Number         0  hrguard.o ABSOLUTE
    ../clib/heapaux.c                        0x00000000   Number         0  heapauxi.o ABSOLUTE
    ../clib/libinit.s                        0x00000000   Number         0  libinit.o ABSOLUTE
    ../clib/libinit.s                        0x00000000   Number         0  libinit2.o ABSOLUTE
    ../clib/libinit.s                        0x00000000   Number         0  libshutdown.o ABSOLUTE
    ../clib/libinit.s                        0x00000000   Number         0  libshutdown2.o ABSOLUTE
    ../clib/memcpset.s                       0x00000000   Number         0  rt_memcpy_v6.o ABSOLUTE
    ../clib/memcpset.s                       0x00000000   Number         0  rt_memclr_w.o ABSOLUTE
    ../clib/memcpset.s                       0x00000000   Number         0  rt_memcpy_w.o ABSOLUTE
    ../clib/signal.c                         0x00000000   Number         0  defsig_rtmem_outer.o ABSOLUTE
    ../clib/signal.c                         0x00000000   Number         0  defsig_rtmem_formal.o ABSOLUTE
    ../clib/signal.c                         0x00000000   Number         0  defsig_exit.o ABSOLUTE
    ../clib/signal.c                         0x00000000   Number         0  defsig_rtmem_inner.o ABSOLUTE
    ../clib/signal.c                         0x00000000   Number         0  __raise.o ABSOLUTE
    ../clib/signal.c                         0x00000000   Number         0  defsig_general.o ABSOLUTE
    ../clib/signal.c                         0x00000000   Number         0  defsig_abrt_inner.o ABSOLUTE
    ../clib/signal.c                         0x00000000   Number         0  defsig_fpe_inner.o ABSOLUTE
    ../clib/signal.c                         0x00000000   Number         0  defsig_rtred_inner.o ABSOLUTE
    ../clib/signal.c                         0x00000000   Number         0  defsig_stak_inner.o ABSOLUTE
    ../clib/signal.c                         0x00000000   Number         0  defsig_pvfn_inner.o ABSOLUTE
    ../clib/signal.c                         0x00000000   Number         0  defsig_cppl_inner.o ABSOLUTE
    ../clib/signal.c                         0x00000000   Number         0  defsig_segv_inner.o ABSOLUTE
    ../clib/signal.c                         0x00000000   Number         0  defsig_other.o ABSOLUTE
    ../clib/signal.s                         0x00000000   Number         0  defsig.o ABSOLUTE
    ../clib/stdlib.c                         0x00000000   Number         0  exit.o ABSOLUTE
    ../fplib/daddsub.s                       0x00000000   Number         0  daddsub_clz.o ABSOLUTE
    ../fplib/dcmp.s                          0x00000000   Number         0  dcmp.o ABSOLUTE
    ../fplib/dcmpi.s                         0x00000000   Number         0  dcmpi.o ABSOLUTE
    ../fplib/ddiv.s                          0x00000000   Number         0  ddiv.o ABSOLUTE
    ../fplib/deqf.s                          0x00000000   Number         0  deqf.o ABSOLUTE
    ../fplib/dfix.s                          0x00000000   Number         0  dfix.o ABSOLUTE
    ../fplib/dflt.s                          0x00000000   Number         0  dflt_clz.o ABSOLUTE
    ../fplib/dgeqf.s                         0x00000000   Number         0  dgeqf.o ABSOLUTE
    ../fplib/dleqf.s                         0x00000000   Number         0  dleqf.o ABSOLUTE
    ../fplib/dmul.s                          0x00000000   Number         0  dmul.o ABSOLUTE
    ../fplib/dnaninf.s                       0x00000000   Number         0  dnaninf.o ABSOLUTE
    ../fplib/dretinf.s                       0x00000000   Number         0  dretinf.o ABSOLUTE
    ../fplib/fpinit.s                        0x00000000   Number         0  fpinit.o ABSOLUTE
    ../fplib/fpinit_empty.s                  0x00000000   Number         0  fpinit_empty.o ABSOLUTE
    ../fplib/usenofp.s                       0x00000000   Number         0  usenofp.o ABSOLUTE
    AsciiLib.c                               0x00000000   Number         0  asciilib.o ABSOLUTE
    ClearBoard.s                             0x00000000   Number         0  clearboard.o ABSOLUTE
    DAC.c                                    0x00000000   Number         0  dac.o ABSOLUTE
    GLCD.c                                   0x00000000   Number         0  glcd.o ABSOLUTE
    Game.c                                   0x00000000   Number         0  game.o ABSOLUTE
    HzLib.c                                  0x00000000   Number         0  hzlib.o ABSOLUTE
    IRQ_RIT.c                                0x00000000   Number         0  irq_rit.o ABSOLUTE
    IRQ_adc.c                                0x00000000   Number         0  irq_adc.o ABSOLUTE
    IRQ_button.c                             0x00000000   Number         0  irq_button.o ABSOLUTE
    IRQ_timer.c                              0x00000000   Number         0  irq_timer.o ABSOLUTE
    Main.c                                   0x00000000   Number         0  main.o ABSOLUTE
    RTE/Device/LPC1768/startup_LPC17xx.s     0x00000000   Number         0  startup_lpc17xx.o ABSOLUTE
    Random_LFSR.s                            0x00000000   Number         0  random_lfsr.o ABSOLUTE
    Tetrominoes.s                            0x00000000   Number         0  tetrominoes.o ABSOLUTE
    TouchPanel.c                             0x00000000   Number         0  touchpanel.o ABSOLUTE
    View.c                                   0x00000000   Number         0  view.o ABSOLUTE
    dc.s                                     0x00000000   Number         0  dc.o ABSOLUTE
    funct_led.c                              0x00000000   Number         0  funct_led.o ABSOLUTE
    lib_RIT.c                                0x00000000   Number         0  lib_rit.o ABSOLUTE
    lib_adc.c                                0x00000000   Number         0  lib_adc.o ABSOLUTE
    lib_button.c                             0x00000000   Number         0  lib_button.o ABSOLUTE
    lib_joystick.c                           0x00000000   Number         0  lib_joystick.o ABSOLUTE
    lib_led.c                                0x00000000   Number         0  lib_led.o ABSOLUTE
    lib_timer.c                              0x00000000   Number         0  lib_timer.o ABSOLUTE
    system_LPC17xx.c                         0x00000000   Number         0  system_lpc17xx.o ABSOLUTE
    RESET                                    0x00000000   Section      204  startup_lpc17xx.o(RESET)
    !!!main                                  0x000000cc   Section        8  __main.o(!!!main)
    !!!scatter                               0x000000d4   Section       52  __scatter.o(!!!scatter)
    !!handler_copy                           0x00000108   Section       26  __scatter_copy.o(!!handler_copy)
    !!handler_zi                             0x00000124   Section       28  __scatter_zi.o(!!handler_zi)
    .ARM.Collect$$libinit$$00000000          0x00000140   Section        2  libinit.o(.ARM.Collect$$libinit$$00000000)
    .ARM.Collect$$libinit$$00000002          0x00000142   Section        0  libinit2.o(.ARM.Collect$$libinit$$00000002)
    .ARM.Collect$$libinit$$00000004          0x00000142   Section        0  libinit2.o(.ARM.Collect$$libinit$$00000004)
    .ARM.Collect$$libinit$$00000006          0x00000142   Section        0  libinit2.o(.ARM.Collect$$libinit$$00000006)
    .ARM.Collect$$libinit$$0000000C          0x00000142   Section        0  libinit2.o(.ARM.Collect$$libinit$$0000000C)
    .ARM.Collect$$libinit$$0000000E          0x00000142   Section        0  libinit2.o(.ARM.Collect$$libinit$$0000000E)
    .ARM.Collect$$libinit$$00000010          0x00000142   Section        0  libinit2.o(.ARM.Collect$$libinit$$00000010)
    .ARM.Collect$$libinit$$00000013          0x00000142   Section        0  libinit2.o(.ARM.Collect$$libinit$$00000013)
    .ARM.Collect$$libinit$$00000015          0x00000142   Section        0  libinit2.o(.ARM.Collect$$libinit$$00000015)
    .ARM.Collect$$libinit$$00000017          0x00000142   Section        0  libinit2.o(.ARM.Collect$$libinit$$00000017)
    .ARM.Collect$$libinit$$00000019          0x00000142   Section        0  libinit2.o(.ARM.Collect$$libinit$$00000019)
    .ARM.Collect$$libinit$$0000001B          0x00000142   Section        0  libinit2.o(.ARM.Collect$$libinit$$0000001B)
    .ARM.Collect$$libinit$$0000001D          0x00000142   Section        0  libinit2.o(.ARM.Collect$$libinit$$0000001D)
    .ARM.Collect$$libinit$$0000001F          0x00000142   Section        0  libinit2.o(.ARM.Collect$$libinit$$0000001F)
    .ARM.Collect$$libinit$$00000021          0x00000142   Section        0  libinit2.o(.ARM.Collect$$libinit$$00000021)
    .ARM.Collect$$libinit$$00000023          0x00000142   Section        0  libinit2.o(.ARM.Collect$$libinit$$00000023)
    .ARM.Collect$$libinit$$00000025          0x00000142   Section        0  libinit2.o(.ARM.Collect$$libinit$$00000025)
    .ARM.Collect$$libinit$$00000027          0x00000142   Section        0  libinit2.o(.ARM.Collect$$libinit$$00000027)
    .ARM.Collect$$libinit$$0000002E          0x00000142   Section        0  libinit2.o(.ARM.Collect$$libinit$$0000002E)
    .ARM.Collect$$libinit$$00000030          0x00000142   Section        0  libinit2.o(.ARM.Collect$$libinit$$00000030)
    .ARM.Collect$$libinit$$00000032          0x00000142   Section        0  libinit2.o(.ARM.Collect$$libinit$$00000032)
    .ARM.Collect$$libinit$$00000034          0x00000142   Section        0  libinit2.o(.ARM.Collect$$libinit$$00000034)
    .ARM.Collect$$libinit$$00000035          0x00000142   Section        2  libinit2.o(.ARM.Collect$$libinit$$00000035)
    .ARM.Collect$$libshutdown$$00000000      0x00000144   Section        2  libshutdown.o(.ARM.Collect$$libshutdown$$00000000)
    .ARM.Collect$$libshutdown$$00000002      0x00000146   Section        0  libshutdown2.o(.ARM.Collect$$libshutdown$$00000002)
    .ARM.Collect$$libshutdown$$00000004      0x00000146   Section        0  libshutdown2.o(.ARM.Collect$$libshutdown$$00000004)
    .ARM.Collect$$libshutdown$$00000007      0x00000146   Section        0  libshutdown2.o(.ARM.Collect$$libshutdown$$00000007)
    .ARM.Collect$$libshutdown$$0000000A      0x00000146   Section        0  libshutdown2.o(.ARM.Collect$$libshutdown$$0000000A)
    .ARM.Collect$$libshutdown$$0000000C      0x00000146   Section        0  libshutdown2.o(.ARM.Collect$$libshutdown$$0000000C)
    .ARM.Collect$$libshutdown$$0000000F      0x00000146   Section        0  libshutdown2.o(.ARM.Collect$$libshutdown$$0000000F)
    .ARM.Collect$$libshutdown$$00000010      0x00000146   Section        2  libshutdown2.o(.ARM.Collect$$libshutdown$$00000010)
    .ARM.Collect$$rtentry$$00000000          0x00000148   Section        0  __rtentry.o(.ARM.Collect$$rtentry$$00000000)
    .ARM.Collect$$rtentry$$00000002          0x00000148   Section        0  __rtentry2.o(.ARM.Collect$$rtentry$$00000002)
    .ARM.Collect$$rtentry$$00000004          0x00000148   Section        6  __rtentry4.o(.ARM.Collect$$rtentry$$00000004)
    .ARM.Collect$$rtentry$$00000009          0x0000014e   Section        0  __rtentry2.o(.ARM.Collect$$rtentry$$00000009)
    .ARM.Collect$$rtentry$$0000000A          0x0000014e   Section        4  __rtentry2.o(.ARM.Collect$$rtentry$$0000000A)
    .ARM.Collect$$rtentry$$0000000C          0x00000152   Section        0  __rtentry2.o(.ARM.Collect$$rtentry$$0000000C)
    .ARM.Collect$$rtentry$$0000000D          0x00000152   Section        8  __rtentry2.o(.ARM.Collect$$rtentry$$0000000D)
    .ARM.Collect$$rtexit$$00000000           0x0000015a   Section        2  rtexit.o(.ARM.Collect$$rtexit$$00000000)
    .ARM.Collect$$rtexit$$00000002           0x0000015c   Section        0  rtexit2.o(.ARM.Collect$$rtexit$$00000002)
    .ARM.Collect$$rtexit$$00000003           0x0000015c   Section        4  rtexit2.o(.ARM.Collect$$rtexit$$00000003)
    .ARM.Collect$$rtexit$$00000004           0x00000160   Section        6  rtexit2.o(.ARM.Collect$$rtexit$$00000004)
    .text                                    0x00000168   Section       52  startup_lpc17xx.o(.text)
    .text                                    0x0000019c   Section        0  heapauxi.o(.text)
    .text                                    0x000001a2   Section       74  sys_stackheap_outer.o(.text)
    .text                                    0x000001ec   Section        0  exit.o(.text)
    .text                                    0x00000200   Section        8  libspace.o(.text)
    .text                                    0x00000208   Section        0  sys_exit.o(.text)
    .text                                    0x00000214   Section        2  use_no_semi.o(.text)
    .text                                    0x00000216   Section        0  indicate_semi.o(.text)
    [Anonymous Symbol]                       0x00000218   Section        0  irq_adc.o(.text.ADC_IRQHandler)
    [Anonymous Symbol]                       0x00000234   Section        0  lib_button.o(.text.BUTTON_init)
    Draw_Cell                                0x00000299   Thumb Code    78  view.o(.text.Draw_Cell)
    [Anonymous Symbol]                       0x00000298   Section        0  view.o(.text.Draw_Cell)
    [Anonymous Symbol]                       0x000002e8   Section        0  irq_button.o(.text.EINT0_IRQHandler)
    .ARM.__at_0x02FC                         0x000002fc   Section        4  startup_lpc17xx.o(.ARM.__at_0x02FC)
    Draw_Field_Border                        0x00000301   Thumb Code   138  view.o(.text.Draw_Field_Border)
    [Anonymous Symbol]                       0x00000300   Section        0  view.o(.text.Draw_Field_Border)
    [Anonymous Symbol]                       0x0000038c   Section        0  irq_button.o(.text.EINT1_IRQHandler)
    [Anonymous Symbol]                       0x000003e8   Section        0  irq_button.o(.text.EINT2_IRQHandler)
    [Anonymous Symbol]                       0x00000464   Section        0  glcd.o(.text.GUI_Text)
    [Anonymous Symbol]                       0x000004fc   Section        0  asciilib.o(.text.GetASCIICode)
    [Anonymous Symbol]                       0x00000538   Section        0  glcd.o(.text.LCD_Clear)
    LCD_Configuration                        0x00000d25   Thumb Code    32  glcd.o(.text.LCD_Configuration)
    [Anonymous Symbol]                       0x00000d24   Section        0  glcd.o(.text.LCD_Configuration)
    [Anonymous Symbol]                       0x00000d44   Section        0  glcd.o(.text.LCD_DrawLine)
    [Anonymous Symbol]                       0x00000f68   Section        0  glcd.o(.text.LCD_FillRect)
    [Anonymous Symbol]                       0x0000114c   Section        0  glcd.o(.text.LCD_Initialization)
    LCD_SetCursor                            0x00004059   Thumb Code  1932  glcd.o(.text.LCD_SetCursor)
    [Anonymous Symbol]                       0x00004058   Section        0  glcd.o(.text.LCD_SetCursor)
    [Anonymous Symbol]                       0x000047e4   Section        0  glcd.o(.text.LCD_SetPoint)
    [Anonymous Symbol]                       0x00004924   Section        0  glcd.o(.text.PutChar)
    [Anonymous Symbol]                       0x000049f8   Section        0  irq_rit.o(.text.RIT_IRQHandler)
    [Anonymous Symbol]                       0x00004c20   Section        0  system_lpc17xx.o(.text.SystemInit)
    [Anonymous Symbol]                       0x00004eec   Section        0  irq_timer.o(.text.TIMER0_IRQHandler)
    [Anonymous Symbol]                       0x00004efc   Section        0  irq_timer.o(.text.TIMER1_IRQHandler)
    [Anonymous Symbol]                       0x00004f0c   Section        0  irq_timer.o(.text.TIMER2_IRQHandler)
    [Anonymous Symbol]                       0x00004f18   Section        0  irq_timer.o(.text.TIMER3_IRQHandler)
    [Anonymous Symbol]                       0x00004f34   Section        0  view.o(.text.TetrisView_Init)
    [Anonymous Symbol]                       0x00004ffc   Section        0  view.o(.text.TetrisView_Redraw)
    [Anonymous Symbol]                       0x0000500c   Section        0  view.o(.text.TetrisView_Render)
    __NVIC_EnableIRQ                         0x00005261   Thumb Code    48  lib_button.o(.text.__NVIC_EnableIRQ)
    [Anonymous Symbol]                       0x00005260   Section        0  lib_button.o(.text.__NVIC_EnableIRQ)
    __NVIC_EnableIRQ                         0x00005291   Thumb Code    48  lib_rit.o(.text.__NVIC_EnableIRQ)
    [Anonymous Symbol]                       0x00005290   Section        0  lib_rit.o(.text.__NVIC_EnableIRQ)
    [Anonymous Symbol]                       0x000052c0   Section        0  game.o(.text.checkCollision)
    [Anonymous Symbol]                       0x00005394   Section        0  game.o(.text.checkLines)
    clearLine                                0x000054dd   Thumb Code   136  game.o(.text.clearLine)
    [Anonymous Symbol]                       0x000054dc   Section        0  game.o(.text.clearLine)
    delay_ms                                 0x00005565   Thumb Code    82  glcd.o(.text.delay_ms)
    [Anonymous Symbol]                       0x00005564   Section        0  glcd.o(.text.delay_ms)
    [Anonymous Symbol]                       0x000055b8   Section        0  lib_rit.o(.text.enable_RIT)
    [Anonymous Symbol]                       0x000055c8   Section        0  lib_rit.o(.text.init_RIT)
    [Anonymous Symbol]                       0x00005624   Section        0  lib_joystick.o(.text.joystick_init)
    [Anonymous Symbol]                       0x00005648   Section        0  main.o(.text.main)
    [Anonymous Symbol]                       0x00005710   Section        0  game.o(.text.processScoring)
    [Anonymous Symbol]                       0x00005768   Section        0  game.o(.text.resetGame)
    [Anonymous Symbol]                       0x000057a8   Section        0  game.o(.text.showNewPiece)
    u32_to_str                               0x00005859   Thumb Code   166  view.o(.text.u32_to_str)
    [Anonymous Symbol]                       0x00005858   Section        0  view.o(.text.u32_to_str)
    [Anonymous Symbol]                       0x00005900   Section        0  game.o(.text.updateDisplay)
    wait_delay                               0x00005a31   Thumb Code    22  glcd.o(.text.wait_delay)
    [Anonymous Symbol]                       0x00005a30   Section        0  glcd.o(.text.wait_delay)
    ClearBoardEmpty                          0x00005a48   Section       64  clearboard.o(ClearBoardEmpty)
    RANDOM_CODE                              0x00005a88   Section       60  random_lfsr.o(RANDOM_CODE)
    AsciiLib                                 0x00005ac4   Data        1520  asciilib.o(.rodata.AsciiLib)
    [Anonymous Symbol]                       0x00005ac4   Section        0  asciilib.o(.rodata.AsciiLib)
    .L.str.3                                 0x000060b4   Data           9  view.o(.rodata.str1.1)
    [Anonymous Symbol]                       0x000060b4   Section        0  view.o(.rodata.str1.1)
    .L.str.4                                 0x000060bd   Data           8  view.o(.rodata.str1.1)
    .L.str.1                                 0x000060c5   Data           7  view.o(.rodata.str1.1)
    .L.str                                   0x000060cc   Data           7  view.o(.rodata.str1.1)
    .L.str.2                                 0x000060d3   Data           7  view.o(.rodata.str1.1)
    .L.str.5                                 0x000060da   Data           8  view.o(.rodata.str1.1)
    Tetrominoes                              0x00006104   Section      448  tetrominoes.o(Tetrominoes)
    lcd_dirty                                0x1000000c   Data           1  view.o(.data.lcd_dirty)
    [Anonymous Symbol]                       0x1000000c   Section        0  view.o(.data.lcd_dirty)
    prev_left                                0x1000000e   Data           1  irq_rit.o(.data.prev_left)
    [Anonymous Symbol]                       0x1000000e   Section        0  irq_rit.o(.data.prev_left)
    prev_paused                              0x10000010   Data           4  view.o(.data.prev_paused)
    [Anonymous Symbol]                       0x10000010   Section        0  view.o(.data.prev_paused)
    prev_right                               0x10000014   Data           1  irq_rit.o(.data.prev_right)
    [Anonymous Symbol]                       0x10000014   Section        0  irq_rit.o(.data.prev_right)
    prev_up                                  0x10000015   Data           1  irq_rit.o(.data.prev_up)
    [Anonymous Symbol]                       0x10000015   Section        0  irq_rit.o(.data.prev_up)
    .bss                                     0x10000088   Section       96  libspace.o(.bss)
    LCD_Code                                 0x100000ea   Data           1  glcd.o(.bss.LCD_Code)
    [Anonymous Symbol]                       0x100000ea   Section        0  glcd.o(.bss.LCD_Code)
    move_counter                             0x10000298   Data           4  irq_rit.o(.bss.move_counter)
    [Anonymous Symbol]                       0x10000298   Section        0  irq_rit.o(.bss.move_counter)
    prev_grid                                0x1000029c   Data         200  view.o(.bss.prev_grid)
    [Anonymous Symbol]                       0x1000029c   Section        0  view.o(.bss.prev_grid)
    snap                                     0x10000368   Data         200  view.o(.bss.snap)
    [Anonymous Symbol]                       0x10000368   Section        0  view.o(.bss.snap)
    Heap_Mem                                 0x10000438   Data           0  startup_lpc17xx.o(HEAP)
    Stack_Mem                                0x10000438   Data         512  startup_lpc17xx.o(STACK)
    HEAP                                     0x10000438   Section        0  startup_lpc17xx.o(HEAP)
    STACK                                    0x10000438   Section      512  startup_lpc17xx.o(STACK)
    __initial_sp                             0x10000638   Data           0  startup_lpc17xx.o(STACK)

    Global Symbols

    Symbol Name                              Value     Ov Type        Size  Object(Section)

    BuildAttributes$$THM_ISAv4$P$D$K$B$S$PE$A:L22UL41UL21$X:L11$S22US41US21$IEEE1$IW$~IW$USESV6$~STKCKD$USESV7$~SHL$OSPACE$ROPI$EBA8$UX$STANDARDLIB$REQ8$PRES8$EABIv2 0x00000000   Number         0  anon$$obj.o ABSOLUTE
    __Vectors                                0x00000000   Data           4  startup_lpc17xx.o(RESET)
    __fp_init_empty                          0x00000000   Number         0  fpinit_empty.o ABSOLUTE
    __ARM_exceptions_init                     - Undefined Weak Reference
    __alloca_initialize                       - Undefined Weak Reference
    __arm_preinit_                            - Undefined Weak Reference
    __arm_relocate_pie_                       - Undefined Weak Reference
    __cpp_initialize__aeabi_                  - Undefined Weak Reference
    __cxa_finalize                            - Undefined Weak Reference
    __rt_locale                               - Undefined Weak Reference
    __sigvec_lookup                           - Undefined Weak Reference
    _atexit_init                              - Undefined Weak Reference
    _call_atexit_fns                          - Undefined Weak Reference
    _clock_init                               - Undefined Weak Reference
    _fp_trap_init                             - Undefined Weak Reference
    _fp_trap_shutdown                         - Undefined Weak Reference
    _get_lc_collate                           - Undefined Weak Reference
    _get_lc_ctype                             - Undefined Weak Reference
    _get_lc_monetary                          - Undefined Weak Reference
    _get_lc_numeric                           - Undefined Weak Reference
    _get_lc_time                              - Undefined Weak Reference
    _getenv_init                              - Undefined Weak Reference
    _handle_redirection                       - Undefined Weak Reference
    _init_alloc                               - Undefined Weak Reference
    _init_user_alloc                          - Undefined Weak Reference
    _initio                                   - Undefined Weak Reference
    _rand_init                                - Undefined Weak Reference
    _signal_finish                            - Undefined Weak Reference
    _signal_init                              - Undefined Weak Reference
    _terminate_alloc                          - Undefined Weak Reference
    _terminate_user_alloc                     - Undefined Weak Reference
    _terminateio                              - Undefined Weak Reference
    __main                                   0x000000cd   Thumb Code     8  __main.o(!!!main)
    __scatterload                            0x000000d5   Thumb Code     0  __scatter.o(!!!scatter)
    __scatterload_rt2                        0x000000d5   Thumb Code    44  __scatter.o(!!!scatter)
    __scatterload_rt2_thumb_only             0x000000d5   Thumb Code     0  __scatter.o(!!!scatter)
    __scatterload_null                       0x000000e3   Thumb Code     0  __scatter.o(!!!scatter)
    __scatterload_copy                       0x00000109   Thumb Code    26  __scatter_copy.o(!!handler_copy)
    __scatterload_zeroinit                   0x00000125   Thumb Code    28  __scatter_zi.o(!!handler_zi)
    __rt_lib_init                            0x00000141   Thumb Code     0  libinit.o(.ARM.Collect$$libinit$$00000000)
    __rt_lib_init_alloca_1                   0x00000143   Thumb Code     0  libinit2.o(.ARM.Collect$$libinit$$00000030)
    __rt_lib_init_argv_1                     0x00000143   Thumb Code     0  libinit2.o(.ARM.Collect$$libinit$$0000002E)
    __rt_lib_init_atexit_1                   0x00000143   Thumb Code     0  libinit2.o(.ARM.Collect$$libinit$$0000001D)
    __rt_lib_init_clock_1                    0x00000143   Thumb Code     0  libinit2.o(.ARM.Collect$$libinit$$00000023)
    __rt_lib_init_cpp_1                      0x00000143   Thumb Code     0  libinit2.o(.ARM.Collect$$libinit$$00000034)
    __rt_lib_init_exceptions_1               0x00000143   Thumb Code     0  libinit2.o(.ARM.Collect$$libinit$$00000032)
    __rt_lib_init_fp_1                       0x00000143   Thumb Code     0  libinit2.o(.ARM.Collect$$libinit$$00000002)
    __rt_lib_init_fp_trap_1                  0x00000143   Thumb Code     0  libinit2.o(.ARM.Collect$$libinit$$00000021)
    __rt_lib_init_getenv_1                   0x00000143   Thumb Code     0  libinit2.o(.ARM.Collect$$libinit$$00000025)
    __rt_lib_init_heap_1                     0x00000143   Thumb Code     0  libinit2.o(.ARM.Collect$$libinit$$0000000C)
    __rt_lib_init_lc_collate_1               0x00000143   Thumb Code     0  libinit2.o(.ARM.Collect$$libinit$$00000013)
    __rt_lib_init_lc_ctype_1                 0x00000143   Thumb Code     0  libinit2.o(.ARM.Collect$$libinit$$00000015)
    __rt_lib_init_lc_monetary_1              0x00000143   Thumb Code     0  libinit2.o(.ARM.Collect$$libinit$$00000017)
    __rt_lib_init_lc_numeric_1               0x00000143   Thumb Code     0  libinit2.o(.ARM.Collect$$libinit$$00000019)
    __rt_lib_init_lc_time_1                  0x00000143   Thumb Code     0  libinit2.o(.ARM.Collect$$libinit$$0000001B)
    __rt_lib_init_preinit_1                  0x00000143   Thumb Code     0  libinit2.o(.ARM.Collect$$libinit$$00000006)
    __rt_lib_init_rand_1                     0x00000143   Thumb Code     0  libinit2.o(.ARM.Collect$$libinit$$00000010)
    __rt_lib_init_relocate_pie_1             0x00000143   Thumb Code     0  libinit2.o(.ARM.Collect$$libinit$$00000004)
    __rt_lib_init_return                     0x00000143   Thumb Code     0  libinit2.o(.ARM.Collect$$libinit$$00000035)
    __rt_lib_init_signal_1                   0x00000143   Thumb Code     0  libinit2.o(.ARM.Collect$$libinit$$0000001F)
    __rt_lib_init_stdio_1                    0x00000143   Thumb Code     0  libinit2.o(.ARM.Collect$$libinit$$00000027)
    __rt_lib_init_user_alloc_1               0x00000143   Thumb Code     0  libinit2.o(.ARM.Collect$$libinit$$0000000E)
    __rt_lib_shutdown                        0x00000145   Thumb Code     0  libshutdown.o(.ARM.Collect$$libshutdown$$00000000)
    __rt_lib_shutdown_cpp_1                  0x00000147   Thumb Code     0  libshutdown2.o(.ARM.Collect$$libshutdown$$00000002)
    __rt_lib_shutdown_fp_trap_1              0x00000147   Thumb Code     0  libshutdown2.o(.ARM.Collect$$libshutdown$$00000007)
    __rt_lib_shutdown_heap_1                 0x00000147   Thumb Code     0  libshutdown2.o(.ARM.Collect$$libshutdown$$0000000F)
    __rt_lib_shutdown_return                 0x00000147   Thumb Code     0  libshutdown2.o(.ARM.Collect$$libshutdown$$00000010)
    __rt_lib_shutdown_signal_1               0x00000147   Thumb Code     0  libshutdown2.o(.ARM.Collect$$libshutdown$$0000000A)
    __rt_lib_shutdown_stdio_1                0x00000147   Thumb Code     0  libshutdown2.o(.ARM.Collect$$libshutdown$$00000004)
    __rt_lib_shutdown_user_alloc_1           0x00000147   Thumb Code     0  libshutdown2.o(.ARM.Collect$$libshutdown$$0000000C)
    __rt_entry                               0x00000149   Thumb Code     0  __rtentry.o(.ARM.Collect$$rtentry$$00000000)
    __rt_entry_presh_1                       0x00000149   Thumb Code     0  __rtentry2.o(.ARM.Collect$$rtentry$$00000002)
    __rt_entry_sh                            0x00000149   Thumb Code     0  __rtentry4.o(.ARM.Collect$$rtentry$$00000004)
    __rt_entry_li                            0x0000014f   Thumb Code     0  __rtentry2.o(.ARM.Collect$$rtentry$$0000000A)
    __rt_entry_postsh_1                      0x0000014f   Thumb Code     0  __rtentry2.o(.ARM.Collect$$rtentry$$00000009)
    __rt_entry_main                          0x00000153   Thumb Code     0  __rtentry2.o(.ARM.Collect$$rtentry$$0000000D)
    __rt_entry_postli_1                      0x00000153   Thumb Code     0  __rtentry2.o(.ARM.Collect$$rtentry$$0000000C)
    __rt_exit                                0x0000015b   Thumb Code     0  rtexit.o(.ARM.Collect$$rtexit$$00000000)
    __rt_exit_ls                             0x0000015d   Thumb Code     0  rtexit2.o(.ARM.Collect$$rtexit$$00000003)
    __rt_exit_prels_1                        0x0000015d   Thumb Code     0  rtexit2.o(.ARM.Collect$$rtexit$$00000002)
    __rt_exit_exit                           0x00000161   Thumb Code     0  rtexit2.o(.ARM.Collect$$rtexit$$00000004)
    Reset_Handler                            0x00000169   Thumb Code     4  startup_lpc17xx.o(.text)
    NMI_Handler                              0x0000016d   Thumb Code     2  startup_lpc17xx.o(.text)
    HardFault_Handler                        0x0000016f   Thumb Code     2  startup_lpc17xx.o(.text)
    MemManage_Handler                        0x00000171   Thumb Code     2  startup_lpc17xx.o(.text)
    BusFault_Handler                         0x00000173   Thumb Code     2  startup_lpc17xx.o(.text)
    UsageFault_Handler                       0x00000175   Thumb Code     2  startup_lpc17xx.o(.text)
    SVC_Handler                              0x00000177   Thumb Code     2  startup_lpc17xx.o(.text)
    DebugMon_Handler                         0x00000179   Thumb Code     2  startup_lpc17xx.o(.text)
    PendSV_Handler                           0x0000017b   Thumb Code     2  startup_lpc17xx.o(.text)
    SysTick_Handler                          0x0000017d   Thumb Code     2  startup_lpc17xx.o(.text)
    BOD_IRQHandler                           0x0000017f   Thumb Code     0  startup_lpc17xx.o(.text)
    CANActivity_IRQHandler                   0x0000017f   Thumb Code     0  startup_lpc17xx.o(.text)
    CAN_IRQHandler                           0x0000017f   Thumb Code     0  startup_lpc17xx.o(.text)
    DMA_IRQHandler                           0x0000017f   Thumb Code     0  startup_lpc17xx.o(.text)
    EINT3_IRQHandler                         0x0000017f   Thumb Code     0  startup_lpc17xx.o(.text)
    ENET_IRQHandler                          0x0000017f   Thumb Code     0  startup_lpc17xx.o(.text)
    I2C0_IRQHandler                          0x0000017f   Thumb Code     0  startup_lpc17xx.o(.text)
    I2C1_IRQHandler                          0x0000017f   Thumb Code     0  startup_lpc17xx.o(.text)
    I2C2_IRQHandler                          0x0000017f   Thumb Code     0  startup_lpc17xx.o(.text)
    I2S_IRQHandler                           0x0000017f   Thumb Code     0  startup_lpc17xx.o(.text)
    MCPWM_IRQHandler                         0x0000017f   Thumb Code     0  startup_lpc17xx.o(.text)
    PLL0_IRQHandler                          0x0000017f   Thumb Code     0  startup_lpc17xx.o(.text)
    PLL1_IRQHandler                          0x0000017f   Thumb Code     0  startup_lpc17xx.o(.text)
    PWM1_IRQHandler                          0x0000017f   Thumb Code     0  startup_lpc17xx.o(.text)
    QEI_IRQHandler                           0x0000017f   Thumb Code     0  startup_lpc17xx.o(.text)
    RTC_IRQHandler                           0x0000017f   Thumb Code     0  startup_lpc17xx.o(.text)
    SPI_IRQHandler                           0x0000017f   Thumb Code     0  startup_lpc17xx.o(.text)
    SSP0_IRQHandler                          0x0000017f   Thumb Code     0  startup_lpc17xx.o(.text)
    SSP1_IRQHandler                          0x0000017f   Thumb Code     0  startup_lpc17xx.o(.text)
    UART0_IRQHandler                         0x0000017f   Thumb Code     0  startup_lpc17xx.o(.text)
    UART1_IRQHandler                         0x0000017f   Thumb Code     0  startup_lpc17xx.o(.text)
    UART2_IRQHandler                         0x0000017f   Thumb Code     0  startup_lpc17xx.o(.text)
    UART3_IRQHandler                         0x0000017f   Thumb Code     0  startup_lpc17xx.o(.text)
    USBActivity_IRQHandler                   0x0000017f   Thumb Code     0  startup_lpc17xx.o(.text)
    USB_IRQHandler                           0x0000017f   Thumb Code     0  startup_lpc17xx.o(.text)
    WDT_IRQHandler                           0x0000017f   Thumb Code     0  startup_lpc17xx.o(.text)
    __user_initial_stackheap                 0x00000181   Thumb Code     0  startup_lpc17xx.o(.text)
    __use_two_region_memory                  0x0000019d   Thumb Code     2  heapauxi.o(.text)
    __rt_heap_escrow$2region                 0x0000019f   Thumb Code     2  heapauxi.o(.text)
    __rt_heap_expand$2region                 0x000001a1   Thumb Code     2  heapauxi.o(.text)
    __user_setup_stackheap                   0x000001a3   Thumb Code    74  sys_stackheap_outer.o(.text)
    exit                                     0x000001ed   Thumb Code    18  exit.o(.text)
    __user_libspace                          0x00000201   Thumb Code     8  libspace.o(.text)
    __user_perproc_libspace                  0x00000201   Thumb Code     0  libspace.o(.text)
    __user_perthread_libspace                0x00000201   Thumb Code     0  libspace.o(.text)
    _sys_exit                                0x00000209   Thumb Code     8  sys_exit.o(.text)
    __I$use$semihosting                      0x00000215   Thumb Code     0  use_no_semi.o(.text)
    __use_no_semihosting_swi                 0x00000215   Thumb Code     2  use_no_semi.o(.text)
    __semihosting_library_function           0x00000217   Thumb Code     0  indicate_semi.o(.text)
    ADC_IRQHandler                           0x00000219   Thumb Code    26  irq_adc.o(.text.ADC_IRQHandler)
    BUTTON_init                              0x00000235   Thumb Code    98  lib_button.o(.text.BUTTON_init)
    EINT0_IRQHandler                         0x000002e9   Thumb Code    14  irq_button.o(.text.EINT0_IRQHandler)
    EINT1_IRQHandler                         0x0000038d   Thumb Code    92  irq_button.o(.text.EINT1_IRQHandler)
    EINT2_IRQHandler                         0x000003e9   Thumb Code   122  irq_button.o(.text.EINT2_IRQHandler)
    GUI_Text                                 0x00000465   Thumb Code   152  glcd.o(.text.GUI_Text)
    GetASCIICode                             0x000004fd   Thumb Code    58  asciilib.o(.text.GetASCIICode)
    LCD_Clear                                0x00000539   Thumb Code  2028  glcd.o(.text.LCD_Clear)
    LCD_DrawLine                             0x00000d45   Thumb Code   546  glcd.o(.text.LCD_DrawLine)
    LCD_FillRect                             0x00000f69   Thumb Code   482  glcd.o(.text.LCD_FillRect)
    LCD_Initialization                       0x0000114d   Thumb Code 12042  glcd.o(.text.LCD_Initialization)
    LCD_SetPoint                             0x000047e5   Thumb Code   320  glcd.o(.text.LCD_SetPoint)
    PutChar                                  0x00004925   Thumb Code   210  glcd.o(.text.PutChar)
    RIT_IRQHandler                           0x000049f9   Thumb Code   550  irq_rit.o(.text.RIT_IRQHandler)
    SystemInit                               0x00004c21   Thumb Code   714  system_lpc17xx.o(.text.SystemInit)
    TIMER0_IRQHandler                        0x00004eed   Thumb Code    14  irq_timer.o(.text.TIMER0_IRQHandler)
    TIMER1_IRQHandler                        0x00004efd   Thumb Code    14  irq_timer.o(.text.TIMER1_IRQHandler)
    TIMER2_IRQHandler                        0x00004f0d   Thumb Code    12  irq_timer.o(.text.TIMER2_IRQHandler)
    TIMER3_IRQHandler                        0x00004f19   Thumb Code    28  irq_timer.o(.text.TIMER3_IRQHandler)
    TetrisView_Init                          0x00004f35   Thumb Code   198  view.o(.text.TetrisView_Init)
    TetrisView_Redraw                        0x00004ffd   Thumb Code    14  view.o(.text.TetrisView_Redraw)
    TetrisView_Render                        0x0000500d   Thumb Code   596  view.o(.text.TetrisView_Render)
    checkCollision                           0x000052c1   Thumb Code   210  game.o(.text.checkCollision)
    checkLines                               0x00005395   Thumb Code   328  game.o(.text.checkLines)
    enable_RIT                               0x000055b9   Thumb Code    16  lib_rit.o(.text.enable_RIT)
    init_RIT                                 0x000055c9   Thumb Code    90  lib_rit.o(.text.init_RIT)
    joystick_init                            0x00005625   Thumb Code    34  lib_joystick.o(.text.joystick_init)
    main                                     0x00005649   Thumb Code   198  main.o(.text.main)
    processScoring                           0x00005711   Thumb Code    88  game.o(.text.processScoring)
    resetGame                                0x00005769   Thumb Code    62  game.o(.text.resetGame)
    showNewPiece                             0x000057a9   Thumb Code   174  game.o(.text.showNewPiece)
    updateDisplay                            0x00005901   Thumb Code   302  game.o(.text.updateDisplay)
    clearBoard                               0x00005a49   Thumb Code    60  clearboard.o(ClearBoardEmpty)
    randomSeed                               0x00005a89   Thumb Code    18  random_lfsr.o(RANDOM_CODE)
    getRandom                                0x00005a9b   Thumb Code    30  random_lfsr.o(RANDOM_CODE)
    Region$$Table$$Base                      0x000060e4   Number         0  anon$$obj.o(Region$$Table)
    I_0                                      0x00006104   Data           0  tetrominoes.o(Tetrominoes)
    Region$$Table$$Limit                     0x00006104   Number         0  anon$$obj.o(Region$$Table)
    I_1                                      0x00006114   Data           0  tetrominoes.o(Tetrominoes)
    I_2                                      0x00006124   Data           0  tetrominoes.o(Tetrominoes)
    I_3                                      0x00006134   Data           0  tetrominoes.o(Tetrominoes)
    O_0                                      0x00006144   Data           0  tetrominoes.o(Tetrominoes)
    O_1                                      0x00006154   Data           0  tetrominoes.o(Tetrominoes)
    O_2                                      0x00006164   Data           0  tetrominoes.o(Tetrominoes)
    O_3                                      0x00006174   Data           0  tetrominoes.o(Tetrominoes)
    T_0                                      0x00006184   Data           0  tetrominoes.o(Tetrominoes)
    T_1                                      0x00006194   Data           0  tetrominoes.o(Tetrominoes)
    T_2                                      0x000061a4   Data           0  tetrominoes.o(Tetrominoes)
    T_3                                      0x000061b4   Data           0  tetrominoes.o(Tetrominoes)
    L_0                                      0x000061c4   Data           0  tetrominoes.o(Tetrominoes)
    L_1                                      0x000061d4   Data           0  tetrominoes.o(Tetrominoes)
    L_2                                      0x000061e4   Data           0  tetrominoes.o(Tetrominoes)
    L_3                                      0x000061f4   Data           0  tetrominoes.o(Tetrominoes)
    J_0                                      0x00006204   Data           0  tetrominoes.o(Tetrominoes)
    J_1                                      0x00006214   Data           0  tetrominoes.o(Tetrominoes)
    J_2                                      0x00006224   Data           0  tetrominoes.o(Tetrominoes)
    J_3                                      0x00006234   Data           0  tetrominoes.o(Tetrominoes)
    S_0                                      0x00006244   Data           0  tetrominoes.o(Tetrominoes)
    S_1                                      0x00006254   Data           0  tetrominoes.o(Tetrominoes)
    S_2                                      0x00006264   Data           0  tetrominoes.o(Tetrominoes)
    S_3                                      0x00006274   Data           0  tetrominoes.o(Tetrominoes)
    Z_0                                      0x00006284   Data           0  tetrominoes.o(Tetrominoes)
    Z_1                                      0x00006294   Data           0  tetrominoes.o(Tetrominoes)
    Z_2                                      0x000062a4   Data           0  tetrominoes.o(Tetrominoes)
    Z_3                                      0x000062b4   Data           0  tetrominoes.o(Tetrominoes)
    LFSR_STATE                               0x10000000   Data           4  main.o(.data.LFSR_STATE)
    SystemFrequency                          0x10000004   Data           4  system_lpc17xx.o(.data.SystemFrequency)
    game_paused                              0x10000008   Data           4  main.o(.data.game_paused)
    need_redraw                              0x1000000d   Data           1  main.o(.data.need_redraw)
    shapes                                   0x10000018   Data         112  main.o(.data.shapes)
    __libspace_start                         0x10000088   Data          96  libspace.o(.bss)
    AD_current                               0x100000e8   Data           2  irq_adc.o(.bss.AD_current)
    __temporary_stack_top$libspace           0x100000e8   Data           0  libspace.o(.bss)
    board                                    0x100000eb   Data         200  main.o(.bss.board)
    current_rotation                         0x100001b4   Data           4  main.o(.bss.current_rotation)
    current_type                             0x100001b8   Data           4  main.o(.bss.current_type)
    current_x                                0x100001bc   Data           4  main.o(.bss.current_x)
    current_y                                0x100001c0   Data           4  main.o(.bss.current_y)
    display_grid                             0x100001c4   Data         200  main.o(.bss.display_grid)
    has_active_piece                         0x1000028c   Data           4  main.o(.bss.has_active_piece)
    high_score                               0x10000290   Data           4  main.o(.bss.high_score)
    lines_cleared                            0x10000294   Data           4  main.o(.bss.lines_cleared)
    score                                    0x10000364   Data           4  main.o(.bss.score)
    tick                                     0x10000430   Data           4  lib_timer.o(.bss.tick)



==============================================================================

Memory Map of the image

  Image Entry point : 0x00000169

  Load Region LR_1 (Base: 0x00000000, Size: 0x0000634c, Max: 0xffffffff, ABSOLUTE)

    Execution Region ER_RO (Exec base: 0x00000000, Load base: 0x00000000, Size: 0x000062c4, Max: 0xffffffff, ABSOLUTE)

    Exec Addr    Load Addr    Size         Type   Attr      Idx    E Section Name        Object

    0x00000000   0x00000000   0x000000cc   Data   RO          343    RESET               startup_lpc17xx.o
    0x000000cc   0x000000cc   0x00000008   Code   RO          369  * !!!main             c_w.l(__main.o)
    0x000000d4   0x000000d4   0x00000034   Code   RO          573    !!!scatter          c_w.l(__scatter.o)
    0x00000108   0x00000108   0x0000001a   Code   RO          575    !!handler_copy      c_w.l(__scatter_copy.o)
    0x00000122   0x00000122   0x00000002   PAD
    0x00000124   0x00000124   0x0000001c   Code   RO          577    !!handler_zi        c_w.l(__scatter_zi.o)
    0x00000140   0x00000140   0x00000002   Code   RO          435    .ARM.Collect$$libinit$$00000000  c_w.l(libinit.o)
    0x00000142   0x00000142   0x00000000   Code   RO          442    .ARM.Collect$$libinit$$00000002  c_w.l(libinit2.o)
    0x00000142   0x00000142   0x00000000   Code   RO          444    .ARM.Collect$$libinit$$00000004  c_w.l(libinit2.o)
    0x00000142   0x00000142   0x00000000   Code   RO          446    .ARM.Collect$$libinit$$00000006  c_w.l(libinit2.o)
    0x00000142   0x00000142   0x00000000   Code   RO          449    .ARM.Collect$$libinit$$0000000C  c_w.l(libinit2.o)
    0x00000142   0x00000142   0x00000000   Code   RO          451    .ARM.Collect$$libinit$$0000000E  c_w.l(libinit2.o)
    0x00000142   0x00000142   0x00000000   Code   RO          453    .ARM.Collect$$libinit$$00000010  c_w.l(libinit2.o)
    0x00000142   0x00000142   0x00000000   Code   RO          456    .ARM.Collect$$libinit$$00000013  c_w.l(libinit2.o)
    0x00000142   0x00000142   0x00000000   Code   RO          458    .ARM.Collect$$libinit$$00000015  c_w.l(libinit2.o)
    0x00000142   0x00000142   0x00000000   Code   RO          460    .ARM.Collect$$libinit$$00000017  c_w.l(libinit2.o)
    0x00000142   0x00000142   0x00000000   Code   RO          462    .ARM.Collect$$libinit$$00000019  c_w.l(libinit2.o)
    0x00000142   0x00000142   0x00000000   Code   RO          464    .ARM.Collect$$libinit$$0000001B  c_w.l(libinit2.o)
    0x00000142   0x00000142   0x00000000   Code   RO          466    .ARM.Collect$$libinit$$0000001D  c_w.l(libinit2.o)
    0x00000142   0x00000142   0x00000000   Code   RO          468    .ARM.Collect$$libinit$$0000001F  c_w.l(libinit2.o)
    0x00000142   0x00000142   0x00000000   Code   RO          470    .ARM.Collect$$libinit$$00000021  c_w.l(libinit2.o)
    0x00000142   0x00000142   0x00000000   Code   RO          472    .ARM.Collect$$libinit$$00000023  c_w.l(libinit2.o)
    0x00000142   0x00000142   0x00000000   Code   RO          474    .ARM.Collect$$libinit$$00000025  c_w.l(libinit2.o)
    0x00000142   0x00000142   0x00000000   Code   RO          476    .ARM.Collect$$libinit$$00000027  c_w.l(libinit2.o)
    0x00000142   0x00000142   0x00000000   Code   RO          480    .ARM.Collect$$libinit$$0000002E  c_w.l(libinit2.o)
    0x00000142   0x00000142   0x00000000   Code   RO          482    .ARM.Collect$$libinit$$00000030  c_w.l(libinit2.o)
    0x00000142   0x00000142   0x00000000   Code   RO          484    .ARM.Collect$$libinit$$00000032  c_w.l(libinit2.o)
    0x00000142   0x00000142   0x00000000   Code   RO          486    .ARM.Collect$$libinit$$00000034  c_w.l(libinit2.o)
    0x00000142   0x00000142   0x00000002   Code   RO          487    .ARM.Collect$$libinit$$00000035  c_w.l(libinit2.o)
    0x00000144   0x00000144   0x00000002   Code   RO          509    .ARM.Collect$$libshutdown$$00000000  c_w.l(libshutdown.o)
    0x00000146   0x00000146   0x00000000   Code   RO          524    .ARM.Collect$$libshutdown$$00000002  c_w.l(libshutdown2.o)
    0x00000146   0x00000146   0x00000000   Code   RO          526    .ARM.Collect$$libshutdown$$00000004  c_w.l(libshutdown2.o)
    0x00000146   0x00000146   0x00000000   Code   RO          529    .ARM.Collect$$libshutdown$$00000007  c_w.l(libshutdown2.o)
    0x00000146   0x00000146   0x00000000   Code   RO          532    .ARM.Collect$$libshutdown$$0000000A  c_w.l(libshutdown2.o)
    0x00000146   0x00000146   0x00000000   Code   RO          534    .ARM.Collect$$libshutdown$$0000000C  c_w.l(libshutdown2.o)
    0x00000146   0x00000146   0x00000000   Code   RO          537    .ARM.Collect$$libshutdown$$0000000F  c_w.l(libshutdown2.o)
    0x00000146   0x00000146   0x00000002   Code   RO          538    .ARM.Collect$$libshutdown$$00000010  c_w.l(libshutdown2.o)
    0x00000148   0x00000148   0x00000000   Code   RO          395    .ARM.Collect$$rtentry$$00000000  c_w.l(__rtentry.o)
    0x00000148   0x00000148   0x00000000   Code   RO          410    .ARM.Collect$$rtentry$$00000002  c_w.l(__rtentry2.o)
    0x00000148   0x00000148   0x00000006   Code   RO          422    .ARM.Collect$$rtentry$$00000004  c_w.l(__rtentry4.o)
    0x0000014e   0x0000014e   0x00000000   Code   RO          412    .ARM.Collect$$rtentry$$00000009  c_w.l(__rtentry2.o)
    0x0000014e   0x0000014e   0x00000004   Code   RO          413    .ARM.Collect$$rtentry$$0000000A  c_w.l(__rtentry2.o)
    0x00000152   0x00000152   0x00000000   Code   RO          415    .ARM.Collect$$rtentry$$0000000C  c_w.l(__rtentry2.o)
    0x00000152   0x00000152   0x00000008   Code   RO          416    .ARM.Collect$$rtentry$$0000000D  c_w.l(__rtentry2.o)
    0x0000015a   0x0000015a   0x00000002   Code   RO          439    .ARM.Collect$$rtexit$$00000000  c_w.l(rtexit.o)
    0x0000015c   0x0000015c   0x00000000   Code   RO          489    .ARM.Collect$$rtexit$$00000002  c_w.l(rtexit2.o)
    0x0000015c   0x0000015c   0x00000004   Code   RO          490    .ARM.Collect$$rtexit$$00000003  c_w.l(rtexit2.o)
    0x00000160   0x00000160   0x00000006   Code   RO          491    .ARM.Collect$$rtexit$$00000004  c_w.l(rtexit2.o)
    0x00000166   0x00000166   0x00000002   PAD
    0x00000168   0x00000168   0x00000034   Code   RO          346  * .text               startup_lpc17xx.o
    0x0000019c   0x0000019c   0x00000006   Code   RO          367    .text               c_w.l(heapauxi.o)
    0x000001a2   0x000001a2   0x0000004a   Code   RO          426    .text               c_w.l(sys_stackheap_outer.o)
    0x000001ec   0x000001ec   0x00000012   Code   RO          428    .text               c_w.l(exit.o)
    0x000001fe   0x000001fe   0x00000002   PAD
    0x00000200   0x00000200   0x00000008   Code   RO          436    .text               c_w.l(libspace.o)
    0x00000208   0x00000208   0x0000000c   Code   RO          499    .text               c_w.l(sys_exit.o)
    0x00000214   0x00000214   0x00000002   Code   RO          514    .text               c_w.l(use_no_semi.o)
    0x00000216   0x00000216   0x00000000   Code   RO          516    .text               c_w.l(indicate_semi.o)
    0x00000216   0x00000216   0x00000002   PAD
    0x00000218   0x00000218   0x0000001a   Code   RO          177    .text.ADC_IRQHandler  irq_adc.o
    0x00000232   0x00000232   0x00000002   PAD
    0x00000234   0x00000234   0x00000062   Code   RO          103    .text.BUTTON_init   lib_button.o
    0x00000296   0x00000296   0x00000002   PAD
    0x00000298   0x00000298   0x0000004e   Code   RO          259    .text.Draw_Cell     view.o
    0x000002e6   0x000002e6   0x00000002   PAD
    0x000002e8   0x000002e8   0x0000000e   Code   RO           84    .text.EINT0_IRQHandler  irq_button.o
    0x000002f6   0x000002f6   0x00000006   PAD
    0x000002fc   0x000002fc   0x00000004   Code   RO          344    .ARM.__at_0x02FC    startup_lpc17xx.o
    0x00000300   0x00000300   0x0000008a   Code   RO          253    .text.Draw_Field_Border  view.o
    0x0000038a   0x0000038a   0x00000002   PAD
    0x0000038c   0x0000038c   0x0000005c   Code   RO           86    .text.EINT1_IRQHandler  irq_button.o
    0x000003e8   0x000003e8   0x0000007a   Code   RO           88    .text.EINT2_IRQHandler  irq_button.o
    0x00000462   0x00000462   0x00000002   PAD
    0x00000464   0x00000464   0x00000098   Code   RO          228    .text.GUI_Text      glcd.o
    0x000004fc   0x000004fc   0x0000003a   Code   RO          199    .text.GetASCIICode  asciilib.o
    0x00000536   0x00000536   0x00000002   PAD
    0x00000538   0x00000538   0x000007ec   Code   RO          214    .text.LCD_Clear     glcd.o
    0x00000d24   0x00000d24   0x00000020   Code   RO          210    .text.LCD_Configuration  glcd.o
    0x00000d44   0x00000d44   0x00000222   Code   RO          224    .text.LCD_DrawLine  glcd.o
    0x00000f66   0x00000f66   0x00000002   PAD
    0x00000f68   0x00000f68   0x000001e2   Code   RO          230    .text.LCD_FillRect  glcd.o
    0x0000114a   0x0000114a   0x00000002   PAD
    0x0000114c   0x0000114c   0x00002f0a   Code   RO          208    .text.LCD_Initialization  glcd.o
    0x00004056   0x00004056   0x00000002   PAD
    0x00004058   0x00004058   0x0000078c   Code   RO          216    .text.LCD_SetCursor  glcd.o
    0x000047e4   0x000047e4   0x00000140   Code   RO          222    .text.LCD_SetPoint  glcd.o
    0x00004924   0x00004924   0x000000d2   Code   RO          226    .text.PutChar       glcd.o
    0x000049f6   0x000049f6   0x00000002   PAD
    0x000049f8   0x000049f8   0x00000226   Code   RO          148    .text.RIT_IRQHandler  irq_rit.o
    0x00004c1e   0x00004c1e   0x00000002   PAD
    0x00004c20   0x00004c20   0x000002ca   Code   RO          353    .text.SystemInit    system_lpc17xx.o
    0x00004eea   0x00004eea   0x00000002   PAD
    0x00004eec   0x00004eec   0x0000000e   Code   RO           47    .text.TIMER0_IRQHandler  irq_timer.o
    0x00004efa   0x00004efa   0x00000002   PAD
    0x00004efc   0x00004efc   0x0000000e   Code   RO           49    .text.TIMER1_IRQHandler  irq_timer.o
    0x00004f0a   0x00004f0a   0x00000002   PAD
    0x00004f0c   0x00004f0c   0x0000000c   Code   RO           51    .text.TIMER2_IRQHandler  irq_timer.o
    0x00004f18   0x00004f18   0x0000001c   Code   RO           53    .text.TIMER3_IRQHandler  irq_timer.o
    0x00004f34   0x00004f34   0x000000c6   Code   RO          251    .text.TetrisView_Init  view.o
    0x00004ffa   0x00004ffa   0x00000002   PAD
    0x00004ffc   0x00004ffc   0x0000000e   Code   RO          255    .text.TetrisView_Redraw  view.o
    0x0000500a   0x0000500a   0x00000002   PAD
    0x0000500c   0x0000500c   0x00000254   Code   RO          257    .text.TetrisView_Render  view.o
    0x00005260   0x00005260   0x00000030   Code   RO          105    .text.__NVIC_EnableIRQ  lib_button.o
    0x00005290   0x00005290   0x00000030   Code   RO          168    .text.__NVIC_EnableIRQ  lib_rit.o
    0x000052c0   0x000052c0   0x000000d2   Code   RO           30    .text.checkCollision  game.o
    0x00005392   0x00005392   0x00000002   PAD
    0x00005394   0x00005394   0x00000148   Code   RO           36    .text.checkLines    game.o
    0x000054dc   0x000054dc   0x00000088   Code   RO           38    .text.clearLine     game.o
    0x00005564   0x00005564   0x00000052   Code   RO          212    .text.delay_ms      glcd.o
    0x000055b6   0x000055b6   0x00000002   PAD
    0x000055b8   0x000055b8   0x00000010   Code   RO          160    .text.enable_RIT    lib_rit.o
    0x000055c8   0x000055c8   0x0000005a   Code   RO          166    .text.init_RIT      lib_rit.o
    0x00005622   0x00005622   0x00000002   PAD
    0x00005624   0x00005624   0x00000022   Code   RO          140    .text.joystick_init  lib_joystick.o
    0x00005646   0x00005646   0x00000002   PAD
    0x00005648   0x00005648   0x000000c6   Code   RO            2    .text.main          main.o
    0x0000570e   0x0000570e   0x00000002   PAD
    0x00005710   0x00005710   0x00000058   Code   RO           34    .text.processScoring  game.o
    0x00005768   0x00005768   0x0000003e   Code   RO           26    .text.resetGame     game.o
    0x000057a6   0x000057a6   0x00000002   PAD
    0x000057a8   0x000057a8   0x000000ae   Code   RO           28    .text.showNewPiece  game.o
    0x00005856   0x00005856   0x00000002   PAD
    0x00005858   0x00005858   0x000000a6   Code   RO          261    .text.u32_to_str    view.o
    0x000058fe   0x000058fe   0x00000002   PAD
    0x00005900   0x00005900   0x0000012e   Code   RO           32    .text.updateDisplay  game.o
    0x00005a2e   0x00005a2e   0x00000002   PAD
    0x00005a30   0x00005a30   0x00000016   Code   RO          232    .text.wait_delay    glcd.o
    0x00005a46   0x00005a46   0x00000002   PAD
    0x00005a48   0x00005a48   0x00000040   Code   RO          326    ClearBoardEmpty     clearboard.o
    0x00005a88   0x00005a88   0x0000003c   Code   RO          320    RANDOM_CODE         random_lfsr.o
    0x00005ac4   0x00005ac4   0x000005f0   Data   RO          201    .rodata.AsciiLib    asciilib.o
    0x000060b4   0x000060b4   0x0000002e   Data   RO          266    .rodata.str1.1      view.o
    0x000060e2   0x000060e2   0x00000002   PAD
    0x000060e4   0x000060e4   0x00000020   Data   RO          572    Region$$Table       anon$$obj.o
    0x00006104   0x00006104   0x000001c0   Data   RO          319    Tetrominoes         tetrominoes.o


    Execution Region ER_RW (Exec base: 0x10000000, Load base: 0x000062c4, Size: 0x00000088, Max: 0xffffffff, ABSOLUTE)

    Exec Addr    Load Addr    Size         Type   Attr      Idx    E Section Name        Object

    0x10000000   0x000062c4   0x00000004   Data   RW           13    .data.LFSR_STATE    main.o
    0x10000004   0x000062c8   0x00000004   Data   RW          355    .data.SystemFrequency  system_lpc17xx.o
    0x10000008   0x000062cc   0x00000004   Data   RW           10    .data.game_paused   main.o
    0x1000000c   0x000062d0   0x00000001   Data   RW          264    .data.lcd_dirty     view.o
    0x1000000d   0x000062d1   0x00000001   Data   RW           12    .data.need_redraw   main.o
    0x1000000e   0x000062d2   0x00000001   Data   RW          151    .data.prev_left     irq_rit.o
    0x1000000f   0x000062d3   0x00000001   PAD
    0x10000010   0x000062d4   0x00000004   Data   RW          265    .data.prev_paused   view.o
    0x10000014   0x000062d8   0x00000001   Data   RW          152    .data.prev_right    irq_rit.o
    0x10000015   0x000062d9   0x00000001   Data   RW          153    .data.prev_up       irq_rit.o
    0x10000016   0x000062da   0x00000002   PAD
    0x10000018   0x000062dc   0x00000070   Data   RW            6    .data.shapes        main.o


    Execution Region ER_ZI (Exec base: 0x10000088, Load base: 0x0000634c, Size: 0x000005b0, Max: 0xffffffff, ABSOLUTE)

    Exec Addr    Load Addr    Size         Type   Attr      Idx    E Section Name        Object

    0x10000088        -       0x00000060   Zero   RW          437    .bss                c_w.l(libspace.o)
    0x100000e8        -       0x00000002   Zero   RW          179    .bss.AD_current     irq_adc.o
    0x100000ea        -       0x00000001   Zero   RW          234    .bss.LCD_Code       glcd.o
    0x100000eb        -       0x000000c8   Zero   RW            4    .bss.board          main.o
    0x100001b3   0x0000634c   0x00000001   PAD
    0x100001b4        -       0x00000004   Zero   RW           18    .bss.current_rotation  main.o
    0x100001b8        -       0x00000004   Zero   RW           17    .bss.current_type   main.o
    0x100001bc        -       0x00000004   Zero   RW           15    .bss.current_x      main.o
    0x100001c0        -       0x00000004   Zero   RW           16    .bss.current_y      main.o
    0x100001c4        -       0x000000c8   Zero   RW            5    .bss.display_grid   main.o
    0x1000028c        -       0x00000004   Zero   RW           11    .bss.has_active_piece  main.o
    0x10000290        -       0x00000004   Zero   RW            8    .bss.high_score     main.o
    0x10000294        -       0x00000004   Zero   RW            9    .bss.lines_cleared  main.o
    0x10000298        -       0x00000004   Zero   RW          150    .bss.move_counter   irq_rit.o
    0x1000029c        -       0x000000c8   Zero   RW          263    .bss.prev_grid      view.o
    0x10000364        -       0x00000004   Zero   RW            7    .bss.score          main.o
    0x10000368        -       0x000000c8   Zero   RW          267    .bss.snap           view.o
    0x10000430        -       0x00000004   Zero   RW           76    .bss.tick           lib_timer.o
    0x10000434   0x0000634c   0x00000004   PAD
    0x10000438        -       0x00000000   Zero   RW          342    HEAP                startup_lpc17xx.o
    0x10000438        -       0x00000200   Zero   RW          341    STACK               startup_lpc17xx.o


==============================================================================

Image component sizes


      Code (inc. data)   RO Data    RW Data    ZI Data      Debug   Object Name

        58          0       1520          0          0        603   asciilib.o
        64          4          0          0          0        328   clearboard.o
      1300          0          0          0          0       2767   game.o
     17848          0          0          0          1      25810   glcd.o
        26          0          0          0          2       1015   irq_adc.o
       228          0          0          0          0       2058   irq_button.o
       550          0          0          3          4       2595   irq_rit.o
        68          0          0          0          0       1326   irq_timer.o
       146          0          0          0          0       4899   lib_button.o
        34          0          0          0          0       2463   lib_joystick.o
       154          0          0          0          0       3642   lib_rit.o
         0          0          0          0          4       3699   lib_timer.o
       198          0          0        121        432       1786   main.o
        60         12          0          0          0        396   random_lfsr.o
        56         22        204          0        512       1016   startup_lpc17xx.o
       714          8          0          4          0       2097   system_lpc17xx.o
         0          0        448          0          0          0   tetrominoes.o
      1190          0         46          5        400       2575   view.o

    ----------------------------------------------------------------------
     22752         46       2252        136       1360      59075   Object Totals
         0          0         32          0          0          0   (incl. Generated)
        58          0          2          3          5          0   (incl. Padding)

    ----------------------------------------------------------------------

      Code (inc. data)   RO Data    RW Data    ZI Data      Debug   Library Member Name

         8          0          0          0          0         68   __main.o
         0          0          0          0          0          0   __rtentry.o
        12          0          0          0          0          0   __rtentry2.o
         6          0          0          0          0          0   __rtentry4.o
        52          8          0          0          0          0   __scatter.o
        26          0          0          0          0          0   __scatter_copy.o
        28          0          0          0          0          0   __scatter_zi.o
        18          0          0          0          0         80   exit.o
         6          0          0          0          0        152   heapauxi.o
         0          0          0          0          0          0   indicate_semi.o
         2          0          0          0          0          0   libinit.o
         2          0          0          0          0          0   libinit2.o
         2          0          0          0          0          0   libshutdown.o
         2          0          0          0          0          0   libshutdown2.o
         8          4          0          0         96         68   libspace.o
         2          0          0          0          0          0   rtexit.o
        10          0          0          0          0          0   rtexit2.o
        12          4          0          0          0         68   sys_exit.o
        74          0          0          0          0         80   sys_stackheap_outer.o
         2          0          0          0          0         68   use_no_semi.o

    ----------------------------------------------------------------------
       280         16          0          0         96        584   Library Totals
         8          0          0          0          0          0   (incl. Padding)

    ----------------------------------------------------------------------

      Code (inc. data)   RO Data    RW Data    ZI Data      Debug   Library Name

       272         16          0          0         96        584   c_w.l

    ----------------------------------------------------------------------
       280         16          0          0         96        584   Library Totals

    ----------------------------------------------------------------------

==============================================================================


      Code (inc. data)   RO Data    RW Data    ZI Data      Debug   

     23032         62       2252        136       1456      59207   Grand Totals
     23032         62       2252        136       1456      59207   ELF Image Totals
     23032         62       2252        136          0          0   ROM Totals

==============================================================================

    Total RO  Size (Code + RO Data)                25284 (  24.69kB)
    Total RW  Size (RW Data + ZI Data)              1592 (   1.55kB)
    Total ROM Size (Code + RO Data + RW Data)      25420 (  24.82kB)

==============================================================================

